Component: ARM Compiler 5.06 update 7 (build 960) Tool: armlink [4d3601]

==============================================================================

Section Cross References

    startup_stm32h750xx.o(RESET) refers to startup_stm32h750xx.o(STACK) for __initial_sp
    startup_stm32h750xx.o(RESET) refers to startup_stm32h750xx.o(.text) for Reset_Handler
    startup_stm32h750xx.o(RESET) refers to stm32h7xx_it.o(i.NMI_Handler) for NMI_Handler
    startup_stm32h750xx.o(RESET) refers to stm32h7xx_it.o(i.HardFault_Handler) for HardFault_Handler
    startup_stm32h750xx.o(RESET) refers to stm32h7xx_it.o(i.MemManage_Handler) for MemManage_Handler
    startup_stm32h750xx.o(RESET) refers to stm32h7xx_it.o(i.BusFault_Handler) for BusFault_Handler
    startup_stm32h750xx.o(RESET) refers to stm32h7xx_it.o(i.UsageFault_Handler) for UsageFault_Handler
    startup_stm32h750xx.o(RESET) refers to stm32h7xx_it.o(i.SVC_Handler) for SVC_Handler
    startup_stm32h750xx.o(RESET) refers to stm32h7xx_it.o(i.DebugMon_Handler) for DebugMon_Handler
    startup_stm32h750xx.o(RESET) refers to stm32h7xx_it.o(i.PendSV_Handler) for PendSV_Handler
    startup_stm32h750xx.o(RESET) refers to stm32h7xx_it.o(i.SysTick_Handler) for SysTick_Handler
    startup_stm32h750xx.o(RESET) refers to stm32h7xx_it.o(i.EXTI3_IRQHandler) for EXTI3_IRQHandler
    startup_stm32h750xx.o(RESET) refers to stm32h7xx_it.o(i.UART5_IRQHandler) for UART5_IRQHandler
    startup_stm32h750xx.o(RESET) refers to stm32h7xx_it.o(i.UART7_IRQHandler) for UART7_IRQHandler
    startup_stm32h750xx.o(.text) refers to system_stm32h7xx.o(i.ExitRun0Mode) for ExitRun0Mode
    startup_stm32h750xx.o(.text) refers to system_stm32h7xx.o(i.SystemInit) for SystemInit
    startup_stm32h750xx.o(.text) refers to entry.o(.ARM.Collect$$$$00000000) for __main
    main.o(i.HAL_GPIO_EXTI_Callback) refers to task.o(.data) for drdy_flag
    main.o(i.SystemClock_Config) refers to memseta.o(.text) for __aeabi_memclr4
    main.o(i.SystemClock_Config) refers to stm32h7xx_hal_pwr_ex.o(i.HAL_PWREx_ConfigSupply) for HAL_PWREx_ConfigSupply
    main.o(i.SystemClock_Config) refers to stm32h7xx_hal_rcc.o(i.HAL_RCC_OscConfig) for HAL_RCC_OscConfig
    main.o(i.SystemClock_Config) refers to stm32h7xx_hal_rcc.o(i.HAL_RCC_ClockConfig) for HAL_RCC_ClockConfig
    main.o(i.main) refers to stm32h7xx_hal_cortex.o(i.HAL_MPU_Disable) for HAL_MPU_Disable
    main.o(i.main) refers to stm32h7xx_hal_cortex.o(i.HAL_MPU_ConfigRegion) for HAL_MPU_ConfigRegion
    main.o(i.main) refers to stm32h7xx_hal_cortex.o(i.HAL_MPU_Enable) for HAL_MPU_Enable
    main.o(i.main) refers to stm32h7xx_hal.o(i.HAL_Init) for HAL_Init
    main.o(i.main) refers to main.o(i.SystemClock_Config) for SystemClock_Config
    main.o(i.main) refers to gpio.o(i.MX_GPIO_Init) for MX_GPIO_Init
    main.o(i.main) refers to spi.o(i.MX_SPI1_Init) for MX_SPI1_Init
    main.o(i.main) refers to spi.o(i.MX_SPI2_Init) for MX_SPI2_Init
    main.o(i.main) refers to usart.o(i.MX_UART5_Init) for MX_UART5_Init
    main.o(i.main) refers to usart.o(i.MX_UART7_Init) for MX_UART7_Init
    main.o(i.main) refers to fatfs.o(i.MX_FATFS_Init) for MX_FATFS_Init
    main.o(i.main) refers to usart.o(i.MX_USART1_UART_Init) for MX_USART1_UART_Init
    main.o(i.main) refers to userspi.o(i.SPI_Init) for SPI_Init
    main.o(i.main) refers to ads1292.o(i.ADS1292_Init) for ADS1292_Init
    main.o(i.main) refers to ads1292.o(i.ADS1292_Set_start) for ADS1292_Set_start
    main.o(i.main) refers to filteringfunctions.o(i.arm_fir_init_f32) for arm_fir_init_f32
    main.o(i.main) refers to hmi.o(i.HMI_Init) for HMI_Init
    main.o(i.main) refers to task.o(i.DBG_Printf) for DBG_Printf
    main.o(i.main) refers to task.o(i.ecg_camp_task) for ecg_camp_task
    main.o(i.main) refers to hmi.o(i.HMI_TaskProcess) for HMI_TaskProcess
    main.o(i.main) refers to stm32h7xx_hal.o(i.HAL_Delay) for HAL_Delay
    main.o(i.main) refers to spi.o(.bss) for hspi1
    main.o(i.main) refers to task.o(.data) for blockSize
    main.o(i.main) refers to task.o(.bss) for firState1
    main.o(i.main) refers to task.o(.constdata) for LPF_2Hz
    main.o(i.main) refers to task.o(.bss) for S1
    main.o(i.main) refers to task.o(.bss) for firState2
    main.o(i.main) refers to task.o(.constdata) for BPF_5Hz_40Hz
    gpio.o(i.MX_GPIO_Init) refers to memseta.o(.text) for __aeabi_memclr4
    gpio.o(i.MX_GPIO_Init) refers to stm32h7xx_hal_gpio.o(i.HAL_GPIO_WritePin) for HAL_GPIO_WritePin
    gpio.o(i.MX_GPIO_Init) refers to stm32h7xx_hal_gpio.o(i.HAL_GPIO_Init) for HAL_GPIO_Init
    gpio.o(i.MX_GPIO_Init) refers to stm32h7xx_hal.o(i.HAL_SYSCFG_AnalogSwitchConfig) for HAL_SYSCFG_AnalogSwitchConfig
    gpio.o(i.MX_GPIO_Init) refers to stm32h7xx_hal_cortex.o(i.HAL_NVIC_SetPriority) for HAL_NVIC_SetPriority
    gpio.o(i.MX_GPIO_Init) refers to stm32h7xx_hal_cortex.o(i.HAL_NVIC_EnableIRQ) for HAL_NVIC_EnableIRQ
    spi.o(i.HAL_SPI_MspDeInit) refers to stm32h7xx_hal_gpio.o(i.HAL_GPIO_DeInit) for HAL_GPIO_DeInit
[...]
    .constdata                               0x0800d65a   Section      942  ccsbcs.o(.constdata)
    Tbl                                      0x0800d65a   Data         256  ccsbcs.o(.constdata)
    cvt1                                     0x0800d75a   Data         498  ccsbcs.o(.constdata)
    cvt2                                     0x0800d94c   Data         188  ccsbcs.o(.constdata)
    .constdata                               0x0800da08   Section       32  rredf.o(.constdata)
    twooverpi                                0x0800da08   Data          32  rredf.o(.constdata)
    .constdata                               0x0800da28   Section       64  ctype_c.o(.constdata)
    .conststring                             0x0800da68   Section       74  hmi.o(.conststring)
    .conststring                             0x0800dab4   Section       71  task.o(.conststring)
    .data                                    0x20000000   Section       12  stm32h7xx_hal.o(.data)
    .data                                    0x2000000c   Section        8  system_stm32h7xx.o(.data)
    .data                                    0x20000014   Section       12  hmi.o(.data)
    g_state                                  0x20000014   Data           1  hmi.o(.data)
    g_sub                                    0x20000015   Data           1  hmi.o(.data)
    g_verify_pass                            0x20000016   Data           1  hmi.o(.data)
    g_username_len                           0x20000017   Data           1  hmi.o(.data)
    g_rx5_byte                               0x20000018   Data           1  hmi.o(.data)
    g_rx7_byte                               0x20000019   Data           1  hmi.o(.data)
    g_tick_wait                              0x2000001c   Data           4  hmi.o(.data)
    .data                                    0x20000020   Section        3  sd.o(.data)
    Stat                                     0x20000020   Data           1  sd.o(.data)
    PowerFlag                                0x20000021   Data           1  sd.o(.data)
    CardType                                 0x20000022   Data           1  sd.o(.data)
    .data                                    0x20000024   Section       44  task.o(.data)
    disp_idx                                 0x20000034   Data           4  task.o(.data)
    .data                                    0x20000050   Section       20  user_diskio.o(.data)
    .data                                    0x20000064   Section        5  fatfs.o(.data)
    .data                                    0x2000006c   Section        8  ff.o(.data)
    Fsid                                     0x2000006c   Data           2  ff.o(.data)
    FatFs                                    0x20000070   Data           4  ff.o(.data)
    .data                                    0x20000074   Section        4  stdout.o(.data)
    .data                                    0x20000078   Section        4  errno.o(.data)
    _errno                                   0x20000078   Data           4  errno.o(.data)
    .bss                                     0x2000007c   Section      272  spi.o(.bss)
    .bss                                     0x2000018c   Section      444  usart.o(.bss)
    .bss                                     0x20000348   Section      584  hmi.o(.bss)
    g_rx5                                    0x20000348   Data         260  hmi.o(.bss)
    g_rx7                                    0x2000044c   Data         260  hmi.o(.bss)
    g_username                               0x20000550   Data          64  hmi.o(.bss)
    .bss                                     0x20000590   Section      516  task.o(.bss)
    .bss                                     0x20000794   Section      516  task.o(.bss)
    .bss                                     0x20000998   Section      544  ff.o(.bss)
    Files                                    0x20000998   Data          32  ff.o(.bss)
    LfnBuf                                   0x200009b8   Data         512  ff.o(.bss)
    .bss                                     0x20000bb8   Section       12  ff_gen_drv.o(.bss)
    STACK                                    0x20000bc8   Section     5120  startup_stm32h750xx.o(STACK)
    .bss                                     0x24000000   Section    380768  task.o(.bss)
    buf                                      0x24000000   Data         384  task.o(.bss)
    disp_buffer                              0x24000180   Data        1000  task.o(.bss)
    .bss                                     0x2405cf60   Section    28400  pcanet_inference.o(.bss)
    Rxx                                      0x2405cf60   Data        2000  pcanet_inference.o(.bss)
    dct_out                                  0x2405d730   Data        2000  pcanet_inference.o(.bss)
    ecg_normalized                           0x2405df00   Data        2000  pcanet_inference.o(.bss)
    matrix_acdct                             0x2405e6d0   Data        2000  pcanet_inference.o(.bss)
    matrix_max                               0x2405eea0   Data         400  pcanet_inference.o(.bss)
    L1_FeatureMaps                           0x2405f030   Data       16000  pcanet_inference.o(.bss)
    HashMaps                                 0x24062eb0   Data        4000  pcanet_inference.o(.bss)

    Global Symbols

    Symbol Name                              Value     Ov Type        Size  Object(Section)

    BuildAttributes$$THM_ISAv4$E$P$D$K$B$S$7EM$VFPi5$EXTD16$VFPS$VFMA$PE$PLD8$A:L22UL41UL21$X:L11$S22US41US21$IEEE1$IW$USESV6$~STKCKD$USESV7$~SHL$OTIME$ROPI$IEEEX$EBA8$MICROLIB$REQ8$PRES8$EABIv2 0x00000000   Number         0  anon$$obj.o ABSOLUTE
    __ARM_use_no_argv                        0x00000000   Number         0  main.o ABSOLUTE
    _printf_a                                0x00000000   Number         0  stubs.o ABSOLUTE
    _printf_c                                0x00000000   Number         0  stubs.o ABSOLUTE
    _printf_charcount                        0x00000000   Number         0  stubs.o ABSOLUTE
    _printf_d                                0x00000000   Number         0  stubs.o ABSOLUTE
    _printf_e                                0x00000000   Number         0  stubs.o ABSOLUTE
    _printf_f                                0x00000000   Number         0  stubs.o ABSOLUTE
    _printf_flags                            0x00000000   Number         0  stubs.o ABSOLUTE
    _printf_fp_dec                           0x00000000   Number         0  stubs.o ABSOLUTE
    _printf_fp_hex                           0x00000000   Number         0  stubs.o ABSOLUTE
    _printf_g                                0x00000000   Number         0  stubs.o ABSOLUTE
    _printf_i                                0x00000000   Number         0  stubs.o ABSOLUTE
    _printf_int_dec                          0x00000000   Number         0  stubs.o ABSOLUTE
    _printf_l                                0x00000000   Number         0  stubs.o ABSOLUTE
    _printf_lc                               0x00000000   Number         0  stubs.o ABSOLUTE
    _printf_ll                               0x00000000   Number         0  stubs.o ABSOLUTE
    _printf_lld                              0x00000000   Number         0  stubs.o ABSOLUTE
    _printf_lli                              0x00000000   Number         0  stubs.o ABSOLUTE
    _printf_llo                              0x00000000   Number         0  stubs.o ABSOLUTE
    _printf_llu                              0x00000000   Number         0  stubs.o ABSOLUTE
    _printf_llx                              0x00000000   Number         0  stubs.o ABSOLUTE
    _printf_longlong_dec                     0x00000000   Number         0  stubs.o ABSOLUTE
    _printf_longlong_hex                     0x00000000   Number         0  stubs.o ABSOLUTE
    _printf_longlong_oct                     0x00000000   Number         0  stubs.o ABSOLUTE
    _printf_ls                               0x00000000   Number         0  stubs.o ABSOLUTE
    _printf_mbtowc                           0x00000000   Number         0  stubs.o ABSOLUTE
    _printf_n                                0x00000000   Number         0  stubs.o ABSOLUTE
    _printf_o                                0x00000000   Number         0  stubs.o ABSOLUTE
    _printf_p                                0x00000000   Number         0  stubs.o ABSOLUTE
    _printf_percent                          0x00000000   Number         0  stubs.o ABSOLUTE
    _printf_pre_padding                      0x00000000   Number         0  stubs.o ABSOLUTE
    _printf_return_value                     0x00000000   Number         0  stubs.o ABSOLUTE
    _printf_s                                0x00000000   Number         0  stubs.o ABSOLUTE
    _printf_sizespec                         0x00000000   Number         0  stubs.o ABSOLUTE
    _printf_str                              0x00000000   Number         0  stubs.o ABSOLUTE
    _printf_truncate_signed                  0x00000000   Number         0  stubs.o ABSOLUTE
    _printf_truncate_unsigned                0x00000000   Number         0  stubs.o ABSOLUTE
    _printf_u                                0x00000000   Number         0  stubs.o ABSOLUTE
    _printf_wc                               0x00000000   Number         0  stubs.o ABSOLUTE
    _printf_wctomb                           0x00000000   Number         0  stubs.o ABSOLUTE
    _printf_widthprec                        0x00000000   Number         0  stubs.o ABSOLUTE
    _printf_x                                0x00000000   Number         0  stubs.o ABSOLUTE
    __arm_fini_                               - Undefined Weak Reference
    __cpp_initialize__aeabi_                  - Undefined Weak Reference
    __cxa_finalize                            - Undefined Weak Reference
    __decompress                              - Undefined Weak Reference
    _clock_init                               - Undefined Weak Reference
    _microlib_exit                            - Undefined Weak Reference
    _scanf_int                                - Undefined Weak Reference
    _scanf_longlong                           - Undefined Weak Reference
    _scanf_string                             - Undefined Weak Reference
    __Vectors_Size                           0x00000298   Number         0  startup_stm32h750xx.o ABSOLUTE
    __Vectors                                0x08000000   Data           4  startup_stm32h750xx.o(RESET)
    __Vectors_End                            0x08000298   Data           0  startup_stm32h750xx.o(RESET)
    __main                                   0x08000299   Thumb Code     0  entry.o(.ARM.Collect$$$$00000000)
    _main_stk                                0x08000299   Thumb Code     0  entry2.o(.ARM.Collect$$$$00000001)
    _main_scatterload                        0x0800029d   Thumb Code     0  entry5.o(.ARM.Collect$$$$00000004)
    __main_after_scatterload                 0x080002a1   Thumb Code     0  entry5.o(.ARM.Collect$$$$00000004)
    _main_clock                              0x080002a1   Thumb Code     0  entry7b.o(.ARM.Collect$$$$00000008)
    _main_cpp_init                           0x080002a1   Thumb Code     0  entry8b.o(.ARM.Collect$$$$0000000A)
    _main_init                               0x080002a1   Thumb Code     0  entry9a.o(.ARM.Collect$$$$0000000B)
    __rt_lib_shutdown_fini                   0x080002a9   Thumb Code     0  entry12b.o(.ARM.Collect$$$$0000000E)
    __rt_final_cpp                           0x080002ad   Thumb Code     0  entry10a.o(.ARM.Collect$$$$0000000F)
    __rt_final_exit                          0x080002ad   Thumb Code     0  entry11a.o(.ARM.Collect$$$$00000011)
    Reset_Handler                            0x080002b1   Thumb Code    12  startup_stm32h750xx.o(.text)
    ADC3_IRQHandler                          0x080002cf   Thumb Code     0  startup_stm32h750xx.o(.text)
    ADC_IRQHandler                           0x080002cf   Thumb Code     0  startup_stm32h750xx.o(.text)
    BDMA_Channel0_IRQHandler                 0x080002cf   Thumb Code     0  startup_stm32h750xx.o(.text)
    BDMA_Channel1_IRQHandler                 0x080002cf   Thumb Code     0  startup_stm32h750xx.o(.text)
    BDMA_Channel2_IRQHandler                 0x080002cf   Thumb Code     0  startup_stm32h750xx.o(.text)
    BDMA_Channel3_IRQHandler                 0x080002cf   Thumb Code     0  startup_stm32h750xx.o(.text)
    BDMA_Channel4_IRQHandler                 0x080002cf   Thumb Code     0  startup_stm32h750xx.o(.text)
    BDMA_Channel5_IRQHandler                 0x080002cf   Thumb Code     0  startup_stm32h750xx.o(.text)
    BDMA_Channel6_IRQHandler                 0x080002cf   Thumb Code     0  startup_stm32h750xx.o(.text)
    BDMA_Channel7_IRQHandler                 0x080002cf   Thumb Code     0  startup_stm32h750xx.o(.text)
    CEC_IRQHandler                           0x080002cf   Thumb Code     0  startup_stm32h750xx.o(.text)
    COMP1_IRQHandler                         0x080002cf   Thumb Code     0  startup_stm32h750xx.o(.text)
    CRS_IRQHandler                           0x080002cf   Thumb Code     0  startup_stm32h750xx.o(.text)
    CRYP_IRQHandler                          0x080002cf   Thumb Code     0  startup_stm32h750xx.o(.text)
    DCMI_IRQHandler                          0x080002cf   Thumb Code     0  startup_stm32h750xx.o(.text)
    DFSDM1_FLT0_IRQHandler                   0x080002cf   Thumb Code     0  startup_stm32h750xx.o(.text)
    DFSDM1_FLT1_IRQHandler                   0x080002cf   Thumb Code     0  startup_stm32h750xx.o(.text)
    DFSDM1_FLT2_IRQHandler                   0x080002cf   Thumb Code     0  startup_stm32h750xx.o(.text)
    DFSDM1_FLT3_IRQHandler                   0x080002cf   Thumb Code     0  startup_stm32h750xx.o(.text)
    DMA1_Stream0_IRQHandler                  0x080002cf   Thumb Code     0  startup_stm32h750xx.o(.text)
    DMA1_Stream1_IRQHandler                  0x080002cf   Thumb Code     0  startup_stm32h750xx.o(.text)
    DMA1_Stream2_IRQHandler                  0x080002cf   Thumb Code     0  startup_stm32h750xx.o(.text)
    DMA1_Stream3_IRQHandler                  0x080002cf   Thumb Code     0  startup_stm32h750xx.o(.text)
    DMA1_Stream4_IRQHandler                  0x080002cf   Thumb Code     0  startup_stm32h750xx.o(.text)
    DMA1_Stream5_IRQHandler                  0x080002cf   Thumb Code     0  startup_stm32h750xx.o(.text)
    DMA1_Stream6_IRQHandler                  0x080002cf   Thumb Code     0  startup_stm32h750xx.o(.text)
    DMA1_Stream7_IRQHandler                  0x080002cf   Thumb Code     0  startup_stm32h750xx.o(.text)
    DMA2D_IRQHandler                         0x080002cf   Thumb Code     0  startup_stm32h750xx.o(.text)
    DMA2_Stream0_IRQHandler                  0x080002cf   Thumb Code     0  startup_stm32h750xx.o(.text)
    DMA2_Stream1_IRQHandler                  0x080002cf   Thumb Code     0  startup_stm32h750xx.o(.text)
    DMA2_Stream2_IRQHandler                  0x080002cf   Thumb Code     0  startup_stm32h750xx.o(.text)
    DMA2_Stream3_IRQHandler                  0x080002cf   Thumb Code     0  startup_stm32h750xx.o(.text)
    DMA2_Stream4_IRQHandler                  0x080002cf   Thumb Code     0  startup_stm32h750xx.o(.text)
    DMA2_Stream5_IRQHandler                  0x080002cf   Thumb Code     0  startup_stm32h750xx.o(.text)
    DMA2_Stream6_IRQHandler                  0x080002cf   Thumb Code     0  startup_stm32h750xx.o(.text)
    DMA2_Stream7_IRQHandler                  0x080002cf   Thumb Code     0  startup_stm32h750xx.o(.text)
    DMAMUX1_OVR_IRQHandler                   0x080002cf   Thumb Code     0  startup_stm32h750xx.o(.text)
    DMAMUX2_OVR_IRQHandler                   0x080002cf   Thumb Code     0  startup_stm32h750xx.o(.text)
    ECC_IRQHandler                           0x080002cf   Thumb Code     0  startup_stm32h750xx.o(.text)
    ETH_IRQHandler                           0x080002cf   Thumb Code     0  startup_stm32h750xx.o(.text)
    ETH_WKUP_IRQHandler                      0x080002cf   Thumb Code     0  startup_stm32h750xx.o(.text)
    EXTI0_IRQHandler                         0x080002cf   Thumb Code     0  startup_stm32h750xx.o(.text)
    EXTI15_10_IRQHandler                     0x080002cf   Thumb Code     0  startup_stm32h750xx.o(.text)
    EXTI1_IRQHandler                         0x080002cf   Thumb Code     0  startup_stm32h750xx.o(.text)
    EXTI2_IRQHandler                         0x080002cf   Thumb Code     0  startup_stm32h750xx.o(.text)
    EXTI4_IRQHandler                         0x080002cf   Thumb Code     0  startup_stm32h750xx.o(.text)
    EXTI9_5_IRQHandler                       0x080002cf   Thumb Code     0  startup_stm32h750xx.o(.text)
    FDCAN1_IT0_IRQHandler                    0x080002cf   Thumb Code     0  startup_stm32h750xx.o(.text)
    FDCAN1_IT1_IRQHandler                    0x080002cf   Thumb Code     0  startup_stm32h750xx.o(.text)
    FDCAN2_IT0_IRQHandler                    0x080002cf   Thumb Code     0  startup_stm32h750xx.o(.text)
    FDCAN2_IT1_IRQHandler                    0x080002cf   Thumb Code     0  startup_stm32h750xx.o(.text)
    FDCAN_CAL_IRQHandler                     0x080002cf   Thumb Code     0  startup_stm32h750xx.o(.text)
    FLASH_IRQHandler                         0x080002cf   Thumb Code     0  startup_stm32h750xx.o(.text)
    FMC_IRQHandler                           0x080002cf   Thumb Code     0  startup_stm32h750xx.o(.text)
    FPU_IRQHandler                           0x080002cf   Thumb Code     0  startup_stm32h750xx.o(.text)
    HASH_RNG_IRQHandler                      0x080002cf   Thumb Code     0  startup_stm32h750xx.o(.text)
    HRTIM1_FLT_IRQHandler                    0x080002cf   Thumb Code     0  startup_stm32h750xx.o(.text)
    HRTIM1_Master_IRQHandler                 0x080002cf   Thumb Code     0  startup_stm32h750xx.o(.text)
    HRTIM1_TIMA_IRQHandler                   0x080002cf   Thumb Code     0  startup_stm32h750xx.o(.text)
    HRTIM1_TIMB_IRQHandler                   0x080002cf   Thumb Code     0  startup_stm32h750xx.o(.text)
    HRTIM1_TIMC_IRQHandler                   0x080002cf   Thumb Code     0  startup_stm32h750xx.o(.text)
    HRTIM1_TIMD_IRQHandler                   0x080002cf   Thumb Code     0  startup_stm32h750xx.o(.text)
    HRTIM1_TIME_IRQHandler                   0x080002cf   Thumb Code     0  startup_stm32h750xx.o(.text)
    HSEM1_IRQHandler                         0x080002cf   Thumb Code     0  startup_stm32h750xx.o(.text)
    I2C1_ER_IRQHandler                       0x080002cf   Thumb Code     0  startup_stm32h750xx.o(.text)
    I2C1_EV_IRQHandler                       0x080002cf   Thumb Code     0  startup_stm32h750xx.o(.text)
    I2C2_ER_IRQHandler                       0x080002cf   Thumb Code     0  startup_stm32h750xx.o(.text)
    I2C2_EV_IRQHandler                       0x080002cf   Thumb Code     0  startup_stm32h750xx.o(.text)
    I2C3_ER_IRQHandler                       0x080002cf   Thumb Code     0  startup_stm32h750xx.o(.text)
    I2C3_EV_IRQHandler                       0x080002cf   Thumb Code     0  startup_stm32h750xx.o(.text)
    I2C4_ER_IRQHandler                       0x080002cf   Thumb Code     0  startup_stm32h750xx.o(.text)
    I2C4_EV_IRQHandler                       0x080002cf   Thumb Code     0  startup_stm32h750xx.o(.text)
    JPEG_IRQHandler                          0x080002cf   Thumb Code     0  startup_stm32h750xx.o(.text)
    LPTIM1_IRQHandler                        0x080002cf   Thumb Code     0  startup_stm32h750xx.o(.text)
    LPTIM2_IRQHandler                        0x080002cf   Thumb Code     0  startup_stm32h750xx.o(.text)
    LPTIM3_IRQHandler                        0x080002cf   Thumb Code     0  startup_stm32h750xx.o(.text)
    LPTIM4_IRQHandler                        0x080002cf   Thumb Code     0  startup_stm32h750xx.o(.text)
    LPTIM5_IRQHandler                        0x080002cf   Thumb Code     0  startup_stm32h750xx.o(.text)
    LPUART1_IRQHandler                       0x080002cf   Thumb Code     0  startup_stm32h750xx.o(.text)
    LTDC_ER_IRQHandler                       0x080002cf   Thumb Code     0  startup_stm32h750xx.o(.text)
    LTDC_IRQHandler                          0x080002cf   Thumb Code     0  startup_stm32h750xx.o(.text)
    MDIOS_IRQHandler                         0x080002cf   Thumb Code     0  startup_stm32h750xx.o(.text)
    MDIOS_WKUP_IRQHandler                    0x080002cf   Thumb Code     0  startup_stm32h750xx.o(.text)
    MDMA_IRQHandler                          0x080002cf   Thumb Code     0  startup_stm32h750xx.o(.text)
    OTG_FS_EP1_IN_IRQHandler                 0x080002cf   Thumb Code     0  startup_stm32h750xx.o(.text)
    OTG_FS_EP1_OUT_IRQHandler                0x080002cf   Thumb Code     0  startup_stm32h750xx.o(.text)
    OTG_FS_IRQHandler                        0x080002cf   Thumb Code     0  startup_stm32h750xx.o(.text)
    OTG_FS_WKUP_IRQHandler                   0x080002cf   Thumb Code     0  startup_stm32h750xx.o(.text)
    OTG_HS_EP1_IN_IRQHandler                 0x080002cf   Thumb Code     0  startup_stm32h750xx.o(.text)
    OTG_HS_EP1_OUT_IRQHandler                0x080002cf   Thumb Code     0  startup_stm32h750xx.o(.text)
    OTG_HS_IRQHandler                        0x080002cf   Thumb Code     0  startup_stm32h750xx.o(.text)
    OTG_HS_WKUP_IRQHandler                   0x080002cf   Thumb Code     0  startup_stm32h750xx.o(.text)
    PVD_AVD_IRQHandler                       0x080002cf   Thumb Code     0  startup_stm32h750xx.o(.text)
    QUADSPI_IRQHandler                       0x080002cf   Thumb Code     0  startup_stm32h750xx.o(.text)
    RCC_IRQHandler                           0x080002cf   Thumb Code     0  startup_stm32h750xx.o(.text)
    RTC_Alarm_IRQHandler                     0x080002cf   Thumb Code     0  startup_stm32h750xx.o(.text)
    RTC_WKUP_IRQHandler                      0x080002cf   Thumb Code     0  startup_stm32h750xx.o(.text)
    SAI1_IRQHandler                          0x080002cf   Thumb Code     0  startup_stm32h750xx.o(.text)
    SAI2_IRQHandler                          0x080002cf   Thumb Code     0  startup_stm32h750xx.o(.text)
    SAI3_IRQHandler                          0x080002cf   Thumb Code     0  startup_stm32h750xx.o(.text)
    SAI4_IRQHandler                          0x080002cf   Thumb Code     0  startup_stm32h750xx.o(.text)
    SDMMC1_IRQHandler                        0x080002cf   Thumb Code     0  startup_stm32h750xx.o(.text)
    SDMMC2_IRQHandler                        0x080002cf   Thumb Code     0  startup_stm32h750xx.o(.text)
    SPDIF_RX_IRQHandler                      0x080002cf   Thumb Code     0  startup_stm32h750xx.o(.text)
    SPI1_IRQHandler                          0x080002cf   Thumb Code     0  startup_stm32h750xx.o(.text)
    SPI2_IRQHandler                          0x080002cf   Thumb Code     0  startup_stm32h750xx.o(.text)
    SPI3_IRQHandler                          0x080002cf   Thumb Code     0  startup_stm32h750xx.o(.text)
    SPI4_IRQHandler                          0x080002cf   Thumb Code     0  startup_stm32h750xx.o(.text)
    SPI5_IRQHandler                          0x080002cf   Thumb Code     0  startup_stm32h750xx.o(.text)
    SPI6_IRQHandler                          0x080002cf   Thumb Code     0  startup_stm32h750xx.o(.text)
    SWPMI1_IRQHandler                        0x080002cf   Thumb Code     0  startup_stm32h750xx.o(.text)
    TAMP_STAMP_IRQHandler                    0x080002cf   Thumb Code     0  startup_stm32h750xx.o(.text)
    TIM15_IRQHandler                         0x080002cf   Thumb Code     0  startup_stm32h750xx.o(.text)
    TIM16_IRQHandler                         0x080002cf   Thumb Code     0  startup_stm32h750xx.o(.text)
    TIM17_IRQHandler                         0x080002cf   Thumb Code     0  startup_stm32h750xx.o(.text)
    TIM1_BRK_IRQHandler                      0x080002cf   Thumb Code     0  startup_stm32h750xx.o(.text)
    TIM1_CC_IRQHandler                       0x080002cf   Thumb Code     0  startup_stm32h750xx.o(.text)
    TIM1_TRG_COM_IRQHandler                  0x080002cf   Thumb Code     0  startup_stm32h750xx.o(.text)
    TIM1_UP_IRQHandler                       0x080002cf   Thumb Code     0  startup_stm32h750xx.o(.text)
    TIM2_IRQHandler                          0x080002cf   Thumb Code     0  startup_stm32h750xx.o(.text)
    TIM3_IRQHandler                          0x080002cf   Thumb Code     0  startup_stm32h750xx.o(.text)
    TIM4_IRQHandler                          0x080002cf   Thumb Code     0  startup_stm32h750xx.o(.text)
    TIM5_IRQHandler                          0x080002cf   Thumb Code     0  startup_stm32h750xx.o(.text)
    TIM6_DAC_IRQHandler                      0x080002cf   Thumb Code     0  startup_stm32h750xx.o(.text)
    TIM7_IRQHandler                          0x080002cf   Thumb Code     0  startup_stm32h750xx.o(.text)
    TIM8_BRK_TIM12_IRQHandler                0x080002cf   Thumb Code     0  startup_stm32h750xx.o(.text)
    TIM8_CC_IRQHandler                       0x080002cf   Thumb Code     0  startup_stm32h750xx.o(.text)
    TIM8_TRG_COM_TIM14_IRQHandler            0x080002cf   Thumb Code     0  startup_stm32h750xx.o(.text)
    TIM8_UP_TIM13_IRQHandler                 0x080002cf   Thumb Code     0  startup_stm32h750xx.o(.text)
    UART4_IRQHandler                         0x080002cf   Thumb Code     0  startup_stm32h750xx.o(.text)
    UART8_IRQHandler                         0x080002cf   Thumb Code     0  startup_stm32h750xx.o(.text)
    USART1_IRQHandler                        0x080002cf   Thumb Code     0  startup_stm32h750xx.o(.text)
    USART2_IRQHandler                        0x080002cf   Thumb Code     0  startup_stm32h750xx.o(.text)
    USART3_IRQHandler                        0x080002cf   Thumb Code     0  startup_stm32h750xx.o(.text)
    USART6_IRQHandler                        0x080002cf   Thumb Code     0  startup_stm32h750xx.o(.text)
    WAKEUP_PIN_IRQHandler                    0x080002cf   Thumb Code     0  startup_stm32h750xx.o(.text)
    WWDG_IRQHandler                          0x080002cf   Thumb Code     0  startup_stm32h750xx.o(.text)
    __aeabi_uldivmod                         0x080002dd   Thumb Code    98  uldiv.o(.text)
    __aeabi_llsl                             0x0800033f   Thumb Code    30  llshl.o(.text)
    _ll_shift_l                              0x0800033f   Thumb Code     0  llshl.o(.text)
    __aeabi_lasr                             0x0800035d   Thumb Code    36  llsshr.o(.text)
    _ll_sshift_r                             0x0800035d   Thumb Code     0  llsshr.o(.text)
    __aeabi_memcpy                           0x08000381   Thumb Code    36  memcpya.o(.text)
    __aeabi_memcpy4                          0x08000381   Thumb Code     0  memcpya.o(.text)
    __aeabi_memcpy8                          0x08000381   Thumb Code     0  memcpya.o(.text)
    __aeabi_memset                           0x080003a5   Thumb Code    14  memseta.o(.text)
    __aeabi_memset4                          0x080003a5   Thumb Code     0  memseta.o(.text)
    __aeabi_memset8                          0x080003a5   Thumb Code     0  memseta.o(.text)
    __aeabi_memclr                           0x080003b3   Thumb Code     4  memseta.o(.text)
    __aeabi_memclr4                          0x080003b3   Thumb Code     0  memseta.o(.text)
    __aeabi_memclr8                          0x080003b3   Thumb Code     0  memseta.o(.text)
    _memset$wrapper                          0x080003b7   Thumb Code    18  memseta.o(.text)
    strlen                                   0x080003c9   Thumb Code    14  strlen.o(.text)
    strcmp                                   0x080003d7   Thumb Code    28  strcmp.o(.text)
    strrchr                                  0x080003f3   Thumb Code    22  strrchr.o(.text)
    __0sscanf                                0x08000409   Thumb Code    48  __0sscanf.o(.text)
    _scanf_real                              0x08000569   Thumb Code     0  scanf_fp.o(.text)
    _scanf_really_real                       0x08000569   Thumb Code   556  scanf_fp.o(.text)
    __aeabi_dadd                             0x080007a1   Thumb Code   322  dadd.o(.text)
    __aeabi_dsub                             0x080008e3   Thumb Code     6  dadd.o(.text)
    __aeabi_drsub                            0x080008e9   Thumb Code     6  dadd.o(.text)
    __aeabi_dmul                             0x080008ef   Thumb Code   228  dmul.o(.text)
    __aeabi_ddiv                             0x080009d3   Thumb Code   222  ddiv.o(.text)
    __aeabi_f2d                              0x08000ab1   Thumb Code    38  f2d.o(.text)
    __aeabi_cdrcmple                         0x08000ad9   Thumb Code    48  cdrcmple.o(.text)
    __aeabi_d2f                              0x08000b09   Thumb Code    56  d2f.o(.text)
    __aeabi_uidiv                            0x08000b41   Thumb Code     0  uidiv.o(.text)
    __aeabi_uidivmod                         0x08000b41   Thumb Code    44  uidiv.o(.text)
    __aeabi_llsr                             0x08000b6d   Thumb Code    32  llushr.o(.text)
    _ll_ushift_r                             0x08000b6d   Thumb Code     0  llushr.o(.text)
    __vfscanf_char                           0x08000b99   Thumb Code    20  scanf_char.o(.text)
    _sgetc                                   0x08000bb5   Thumb Code    30  _sgetc.o(.text)
    _sbackspace                              0x08000bd3   Thumb Code    34  _sgetc.o(.text)
    __I$use$fp                               0x08000bf5   Thumb Code     0  iusefp.o(.text)
    _float_round                             0x08000bf5   Thumb Code    18  fepilogue.o(.text)
    _float_epilogue                          0x08000c07   Thumb Code    92  fepilogue.o(.text)
    _double_round                            0x08000c63   Thumb Code    30  depilogue.o(.text)
    _double_epilogue                         0x08000c81   Thumb Code   156  depilogue.o(.text)
    __aeabi_ul2d                             0x08000d1d   Thumb Code    24  dfltul.o(.text)
    __aeabi_d2ulz                            0x08000d35   Thumb Code    48  dfixul.o(.text)
    __scatterload                            0x08000d65   Thumb Code    28  init.o(.text)
    __scatterload_rt2                        0x08000d65   Thumb Code     0  init.o(.text)
    isspace                                  0x08000d89   Thumb Code    10  isspace_c.o(.text)
    __vfscanf                                0x08000d95   Thumb Code   810  _scanf.o(.text)
    __ctype_lookup                           0x080010c5   Thumb Code    34  ctype_c.o(.text)
    ADS1292_GPIO_Int                         0x080010ed   Thumb Code   132  ads1292.o(i.ADS1292_GPIO_Int)
    ADS1292_Init                             0x08001179   Thumb Code   500  ads1292.o(i.ADS1292_Init)
    ADS1292_Read_Byte                        0x080013fd   Thumb Code    76  ads1292.o(i.ADS1292_Read_Byte)
    ADS1292_Set_start                        0x0800144d   Thumb Code    60  ads1292.o(i.ADS1292_Set_start)
    ADS1292_Write_Byte                       0x0800148d   Thumb Code    78  ads1292.o(i.ADS1292_Write_Byte)
    BusFault_Handler                         0x080014e1   Thumb Code     2  stm32h7xx_it.o(i.BusFault_Handler)
    Calculate_Manhattan_Distance             0x080014e5   Thumb Code    48  pcanet_inference.o(i.Calculate_Manhattan_Distance)
    DBG_Printf                               0x080016d9   Thumb Code    50  task.o(i.DBG_Printf)
    DebugMon_Handler                         0x08001731   Thumb Code     2  stm32h7xx_it.o(i.DebugMon_Handler)
    EXTI3_IRQHandler                         0x08001733   Thumb Code     6  stm32h7xx_it.o(i.EXTI3_IRQHandler)
    Error_Handler                            0x08001739   Thumb Code     4  main.o(i.Error_Handler)
    ExitRun0Mode                             0x0800173d   Thumb Code    22  system_stm32h7xx.o(i.ExitRun0Mode)
    Extract_Aligned_Window                   0x08001759   Thumb Code    90  task.o(i.Extract_Aligned_Window)
    FATFS_LinkDriver                         0x080019a9   Thumb Code     6  ff_gen_drv.o(i.FATFS_LinkDriver)
    FATFS_LinkDriverEx                       0x080019b1   Thumb Code    58  ff_gen_drv.o(i.FATFS_LinkDriverEx)
    HAL_DMA_Abort                            0x080019f1   Thumb Code   836  stm32h7xx_hal_dma.o(i.HAL_DMA_Abort)
    HAL_DMA_Abort_IT                         0x08001d51   Thumb Code   602  stm32h7xx_hal_dma.o(i.HAL_DMA_Abort_IT)
    HAL_Delay                                0x08001fd5   Thumb Code    32  stm32h7xx_hal.o(i.HAL_Delay)
    HAL_GPIO_EXTI_Callback                   0x08001ff9   Thumb Code    12  main.o(i.HAL_GPIO_EXTI_Callback)
    HAL_GPIO_EXTI_IRQHandler                 0x08002009   Thumb Code    24  stm32h7xx_hal_gpio.o(i.HAL_GPIO_EXTI_IRQHandler)
    HAL_GPIO_Init                            0x08002021   Thumb Code   506  stm32h7xx_hal_gpio.o(i.HAL_GPIO_Init)
    HAL_GPIO_WritePin                        0x0800224d   Thumb Code    10  stm32h7xx_hal_gpio.o(i.HAL_GPIO_WritePin)
    HAL_GetREVID                             0x08002259   Thumb Code     8  stm32h7xx_hal.o(i.HAL_GetREVID)
    HAL_GetTick                              0x08002265   Thumb Code     6  stm32h7xx_hal.o(i.HAL_GetTick)
    HAL_IncTick                              0x08002271   Thumb Code    12  stm32h7xx_hal.o(i.HAL_IncTick)
    HAL_Init                                 0x08002281   Thumb Code    74  stm32h7xx_hal.o(i.HAL_Init)
    HAL_InitTick                             0x080022dd   Thumb Code    56  stm32h7xx_hal.o(i.HAL_InitTick)
    HAL_MPU_ConfigRegion                     0x0800231d   Thumb Code    86  stm32h7xx_hal_cortex.o(i.HAL_MPU_ConfigRegion)
    HAL_MPU_Disable                          0x08002379   Thumb Code    24  stm32h7xx_hal_cortex.o(i.HAL_MPU_Disable)
    HAL_MPU_Enable                           0x08002395   Thumb Code    30  stm32h7xx_hal_cortex.o(i.HAL_MPU_Enable)
    HAL_MspInit                              0x080023b9   Thumb Code    22  stm32h7xx_hal_msp.o(i.HAL_MspInit)
    HAL_NVIC_EnableIRQ                       0x080023d5   Thumb Code    26  stm32h7xx_hal_cortex.o(i.HAL_NVIC_EnableIRQ)
    HAL_NVIC_SetPriority                     0x080023f1   Thumb Code    60  stm32h7xx_hal_cortex.o(i.HAL_NVIC_SetPriority)
    HAL_NVIC_SetPriorityGrouping             0x08002431   Thumb Code    28  stm32h7xx_hal_cortex.o(i.HAL_NVIC_SetPriorityGrouping)
    HAL_PWREx_ConfigSupply                   0x08002455   Thumb Code    78  stm32h7xx_hal_pwr_ex.o(i.HAL_PWREx_ConfigSupply)
    HAL_RCCEx_GetD3PCLK1Freq                 0x080024a9   Thumb Code    26  stm32h7xx_hal_rcc_ex.o(i.HAL_RCCEx_GetD3PCLK1Freq)
    HAL_RCCEx_GetPLL2ClockFreq               0x080024cd   Thumb Code   296  stm32h7xx_hal_rcc_ex.o(i.HAL_RCCEx_GetPLL2ClockFreq)
    HAL_RCCEx_GetPLL3ClockFreq               0x08002611   Thumb Code   296  stm32h7xx_hal_rcc_ex.o(i.HAL_RCCEx_GetPLL3ClockFreq)
    HAL_RCCEx_PeriphCLKConfig                0x08002755   Thumb Code  2472  stm32h7xx_hal_rcc_ex.o(i.HAL_RCCEx_PeriphCLKConfig)
    HAL_RCC_ClockConfig                      0x08003101   Thumb Code   580  stm32h7xx_hal_rcc.o(i.HAL_RCC_ClockConfig)
    HAL_RCC_GetHCLKFreq                      0x0800335d   Thumb Code    52  stm32h7xx_hal_rcc.o(i.HAL_RCC_GetHCLKFreq)
    HAL_RCC_GetPCLK1Freq                     0x080033a1   Thumb Code    26  stm32h7xx_hal_rcc.o(i.HAL_RCC_GetPCLK1Freq)
    HAL_RCC_GetPCLK2Freq                     0x080033c5   Thumb Code    26  stm32h7xx_hal_rcc.o(i.HAL_RCC_GetPCLK2Freq)
    HAL_RCC_GetSysClockFreq                  0x080033e9   Thumb Code   278  stm32h7xx_hal_rcc.o(i.HAL_RCC_GetSysClockFreq)
    HAL_RCC_OscConfig                        0x08003521   Thumb Code  1410  stm32h7xx_hal_rcc.o(i.HAL_RCC_OscConfig)
    HAL_SPI_Init                             0x08003aa5   Thumb Code   366  stm32h7xx_hal_spi.o(i.HAL_SPI_Init)
    HAL_SPI_MspInit                          0x08003c21   Thumb Code   236  spi.o(i.HAL_SPI_MspInit)
    HAL_SPI_Transmit                         0x08003d25   Thumb Code   568  stm32h7xx_hal_spi.o(i.HAL_SPI_Transmit)
    HAL_SPI_TransmitReceive                  0x08003f5d   Thumb Code   812  stm32h7xx_hal_spi.o(i.HAL_SPI_TransmitReceive)
    HAL_SYSCFG_AnalogSwitchConfig            0x08004295   Thumb Code    12  stm32h7xx_hal.o(i.HAL_SYSCFG_AnalogSwitchConfig)
    HAL_SYSTICK_Config                       0x080042a5   Thumb Code    38  stm32h7xx_hal_cortex.o(i.HAL_SYSTICK_Config)
    HAL_UARTEx_DisableFifoMode               0x080042cb   Thumb Code    64  stm32h7xx_hal_uart_ex.o(i.HAL_UARTEx_DisableFifoMode)
    HAL_UARTEx_RxEventCallback               0x0800430b   Thumb Code     2  stm32h7xx_hal_uart.o(i.HAL_UARTEx_RxEventCallback)
    HAL_UARTEx_RxFifoFullCallback            0x0800430d   Thumb Code     2  stm32h7xx_hal_uart_ex.o(i.HAL_UARTEx_RxFifoFullCallback)
    HAL_UARTEx_SetRxFifoThreshold            0x0800430f   Thumb Code    76  stm32h7xx_hal_uart_ex.o(i.HAL_UARTEx_SetRxFifoThreshold)
    HAL_UARTEx_SetTxFifoThreshold            0x0800435b   Thumb Code    76  stm32h7xx_hal_uart_ex.o(i.HAL_UARTEx_SetTxFifoThreshold)
    HAL_UARTEx_TxFifoEmptyCallback           0x080043a7   Thumb Code     2  stm32h7xx_hal_uart_ex.o(i.HAL_UARTEx_TxFifoEmptyCallback)
    HAL_UARTEx_WakeupCallback                0x080043a9   Thumb Code     2  stm32h7xx_hal_uart_ex.o(i.HAL_UARTEx_WakeupCallback)
    HAL_UART_ErrorCallback                   0x080043ab   Thumb Code     2  stm32h7xx_hal_uart.o(i.HAL_UART_ErrorCallback)
    HAL_UART_IRQHandler                      0x080043ad   Thumb Code   898  stm32h7xx_hal_uart.o(i.HAL_UART_IRQHandler)
    HAL_UART_Init                            0x08004749   Thumb Code   106  stm32h7xx_hal_uart.o(i.HAL_UART_Init)
    HAL_UART_MspInit                         0x080047b5   Thumb Code   330  usart.o(i.HAL_UART_MspInit)
    HAL_UART_Receive_IT                      0x0800491d   Thumb Code    66  stm32h7xx_hal_uart.o(i.HAL_UART_Receive_IT)
    HAL_UART_RxCpltCallback                  0x08004965   Thumb Code    62  hmi.o(i.HAL_UART_RxCpltCallback)
    HAL_UART_Transmit                        0x080049c1   Thumb Code   176  stm32h7xx_hal_uart.o(i.HAL_UART_Transmit)
    HAL_UART_TxCpltCallback                  0x08004a71   Thumb Code     2  stm32h7xx_hal_uart.o(i.HAL_UART_TxCpltCallback)
    HMI_Init                                 0x08004a75   Thumb Code   112  hmi.o(i.HMI_Init)
    HMI_SendToScreen                         0x08004b35   Thumb Code    46  hmi.o(i.HMI_SendToScreen)
    HMI_SendToTianwen                        0x08004b6d   Thumb Code    36  hmi.o(i.HMI_SendToTianwen)
    HMI_TaskProcess                          0x08004bbd   Thumb Code   228  hmi.o(i.HMI_TaskProcess)
    HardFault_Handler                        0x08004cdd   Thumb Code     2  stm32h7xx_it.o(i.HardFault_Handler)
    MX_FATFS_Init                            0x08004d1d   Thumb Code    18  fatfs.o(i.MX_FATFS_Init)
    MX_GPIO_Init                             0x08004d39   Thumb Code   352  gpio.o(i.MX_GPIO_Init)
    MX_SPI1_Init                             0x08004ead   Thumb Code    86  spi.o(i.MX_SPI1_Init)
    MX_SPI2_Init                             0x08004f0d   Thumb Code    96  spi.o(i.MX_SPI2_Init)
    MX_UART5_Init                            0x08004f75   Thumb Code    94  usart.o(i.MX_UART5_Init)
    MX_UART7_Init                            0x08004fdd   Thumb Code    94  usart.o(i.MX_UART7_Init)
    MX_USART1_UART_Init                      0x08005045   Thumb Code    94  usart.o(i.MX_USART1_UART_Init)
    MemManage_Handler                        0x080050ad   Thumb Code     2  stm32h7xx_it.o(i.MemManage_Handler)
    NMI_Handler                              0x080050af   Thumb Code     2  stm32h7xx_it.o(i.NMI_Handler)
    PCANet_Inference_Pipeline                0x080050b1   Thumb Code    76  pcanet_inference.o(i.PCANet_Inference_Pipeline)
    PendSV_Handler                           0x08005111   Thumb Code     2  stm32h7xx_it.o(i.PendSV_Handler)
    SD_disk_initialize                       0x0800579d   Thumb Code   306  sd.o(i.SD_disk_initialize)
    SD_disk_ioctl                            0x080058d9   Thumb Code   322  sd.o(i.SD_disk_ioctl)
    SD_disk_read                             0x08005a21   Thumb Code   146  sd.o(i.SD_disk_read)
    SD_disk_status                           0x08005ab9   Thumb Code    12  sd.o(i.SD_disk_status)
    SD_disk_write                            0x08005ac9   Thumb Code   178  sd.o(i.SD_disk_write)
    SPI_Init                                 0x08005c59   Thumb Code   104  userspi.o(i.SPI_Init)
    SPI_ReadWriteByte                        0x08005cc9   Thumb Code    38  userspi.o(i.SPI_ReadWriteByte)
    SVC_Handler                              0x08005d9f   Thumb Code     2  stm32h7xx_it.o(i.SVC_Handler)
    SysTick_Handler                          0x08005da1   Thumb Code     4  stm32h7xx_it.o(i.SysTick_Handler)
    SystemClock_Config                       0x08005da5   Thumb Code   160  main.o(i.SystemClock_Config)
    SystemInit                               0x08005e4d   Thumb Code   206  system_stm32h7xx.o(i.SystemInit)
    Task_Identity_Authentication             0x08005f45   Thumb Code   464  task.o(i.Task_Identity_Authentication)
    Task_Identity_Registration               0x080062dd   Thumb Code   612  task.o(i.Task_Identity_Registration)
    UART5_IRQHandler                         0x08007355   Thumb Code     6  stm32h7xx_it.o(i.UART5_IRQHandler)
    UART7_IRQHandler                         0x08007361   Thumb Code     6  stm32h7xx_it.o(i.UART7_IRQHandler)
    UART_AdvFeatureConfig                    0x080073b1   Thumb Code   200  stm32h7xx_hal_uart.o(i.UART_AdvFeatureConfig)
    UART_CheckIdleState                      0x08007479   Thumb Code   170  stm32h7xx_hal_uart.o(i.UART_CheckIdleState)
    UART_SetConfig                           0x08007a59   Thumb Code   876  stm32h7xx_hal_uart.o(i.UART_SetConfig)
    UART_Start_Receive_IT                    0x08007e05   Thumb Code   256  stm32h7xx_hal_uart.o(i.UART_Start_Receive_IT)
    UART_WaitOnFlagUntilTimeout              0x08007f15   Thumb Code   148  stm32h7xx_hal_uart.o(i.UART_WaitOnFlagUntilTimeout)
    USER_initialize                          0x08007fa9   Thumb Code     4  user_diskio.o(i.USER_initialize)
    USER_ioctl                               0x08007fad   Thumb Code     4  user_diskio.o(i.USER_ioctl)
    USER_read                                0x08007fb1   Thumb Code     4  user_diskio.o(i.USER_read)
    USER_status                              0x08007fb5   Thumb Code     4  user_diskio.o(i.USER_status)
    USER_write                               0x08007fb9   Thumb Code     4  user_diskio.o(i.USER_write)
    UsageFault_Handler                       0x08007fbd   Thumb Code     2  stm32h7xx_it.o(i.UsageFault_Handler)
    __0printf                                0x080081b9   Thumb Code    22  printfa.o(i.__0printf)
    __1printf                                0x080081b9   Thumb Code     0  printfa.o(i.__0printf)
    __2printf                                0x080081b9   Thumb Code     0  printfa.o(i.__0printf)
    __c89printf                              0x080081b9   Thumb Code     0  printfa.o(i.__0printf)
    printf                                   0x080081b9   Thumb Code     0  printfa.o(i.__0printf)
    __0snprintf                              0x080081d9   Thumb Code    48  printfa.o(i.__0snprintf)
    __1snprintf                              0x080081d9   Thumb Code     0  printfa.o(i.__0snprintf)
    __2snprintf                              0x080081d9   Thumb Code     0  printfa.o(i.__0snprintf)
    __c89snprintf                            0x080081d9   Thumb Code     0  printfa.o(i.__0snprintf)
    snprintf                                 0x080081d9   Thumb Code     0  printfa.o(i.__0snprintf)
    __0vsnprintf                             0x0800820d   Thumb Code    46  printfa.o(i.__0vsnprintf)
    __1vsnprintf                             0x0800820d   Thumb Code     0  printfa.o(i.__0vsnprintf)
    __2vsnprintf                             0x0800820d   Thumb Code     0  printfa.o(i.__0vsnprintf)
    __c89vsnprintf                           0x0800820d   Thumb Code     0  printfa.o(i.__0vsnprintf)
    vsnprintf                                0x0800820d   Thumb Code     0  printfa.o(i.__0vsnprintf)
    __hardfp_cosf                            0x08008265   Thumb Code   280  cosf.o(i.__hardfp_cosf)
    __hardfp_sqrtf                           0x080083b5   Thumb Code    58  sqrtf.o(i.__hardfp_sqrtf)
    __mathlib_flt_infnan                     0x080083ef   Thumb Code     6  funder.o(i.__mathlib_flt_infnan)
    __mathlib_flt_invalid                    0x080083f5   Thumb Code    10  funder.o(i.__mathlib_flt_invalid)
    __mathlib_rredf2                         0x08008405   Thumb Code   316  rredf.o(i.__mathlib_rredf2)
    __scatterload_copy                       0x08008559   Thumb Code    14  handlers.o(i.__scatterload_copy)
    __scatterload_null                       0x08008567   Thumb Code     2  handlers.o(i.__scatterload_null)
    __scatterload_zeroinit                   0x08008569   Thumb Code    14  handlers.o(i.__scatterload_zeroinit)
    __set_errno                              0x08008579   Thumb Code     6  errno.o(i.__set_errno)
    _is_digit                                0x08008709   Thumb Code    14  scanf_fp.o(i._is_digit)
    arm_fir_f32                              0x08008e35   Thumb Code   104  filteringfunctions.o(i.arm_fir_f32)
    arm_fir_init_f32                         0x08008ea1   Thumb Code    28  filteringfunctions.o(i.arm_fir_init_f32)
    disk_initialize                          0x080098f1   Thumb Code    38  diskio.o(i.disk_initialize)
    disk_ioctl                               0x0800991d   Thumb Code    20  diskio.o(i.disk_ioctl)
    disk_read                                0x08009935   Thumb Code    22  diskio.o(i.disk_read)
    disk_status                              0x08009951   Thumb Code    16  diskio.o(i.disk_status)
    disk_write                               0x08009965   Thumb Code    22  diskio.o(i.disk_write)
    ecg_camp_task                            0x08009981   Thumb Code   134  task.o(i.ecg_camp_task)
    ecg_showwave_task                        0x08009a15   Thumb Code   286  task.o(i.ecg_showwave_task)
    f_close                                  0x08009b65   Thumb Code    40  ff.o(i.f_close)
    f_closedir                               0x08009b8d   Thumb Code    34  ff.o(i.f_closedir)
    f_lseek                                  0x08009baf   Thumb Code   572  ff.o(i.f_lseek)
    f_mount                                  0x08009ded   Thumb Code    84  ff.o(i.f_mount)
    f_open                                   0x08009e45   Thumb Code   534  ff.o(i.f_open)
    f_opendir                                0x0800a061   Thumb Code   130  ff.o(i.f_opendir)
    f_read                                   0x0800a0e3   Thumb Code   372  ff.o(i.f_read)
    f_readdir                                0x0800a257   Thumb Code    64  ff.o(i.f_readdir)
    f_sync                                   0x0800a297   Thumb Code   142  ff.o(i.f_sync)
    f_unlink                                 0x0800a325   Thumb Code   158  ff.o(i.f_unlink)
    f_write                                  0x0800a3c3   Thumb Code   430  ff.o(i.f_write)
    ff_convert                               0x0800a571   Thumb Code    54  ccsbcs.o(i.ff_convert)
    ff_wtoupper                              0x0800a5ad   Thumb Code   120  ccsbcs.o(i.ff_wtoupper)
    fputc                                    0x0800a93d   Thumb Code    20  usart.o(i.fputc)
    get_fattime                              0x0800aabf   Thumb Code     4  fatfs.o(i.get_fattime)
    main                                     0x0800acb1   Thumb Code   188  main.o(i.main)
    UARTPrescTable                           0x0800b16e   Data          24  stm32h7xx_hal_uart.o(.constdata)
    D1CorePrescTable                         0x0800b196   Data          16  system_stm32h7xx.o(.constdata)
    BPF_5Hz_40Hz                             0x0800b1a8   Data         516  task.o(.constdata)
    LPF_2Hz                                  0x0800b3ac   Data         516  task.o(.constdata)
    V_ACDCT_L1                               0x0800b5b0   Data        2048  pcanet_inference.o(.constdata)
    V_ACDCT_L2                               0x0800bdb0   Data        2048  pcanet_inference.o(.constdata)
    V_MAX_L1                                 0x0800c5b0   Data        2048  pcanet_inference.o(.constdata)
    V_MAX_L2                                 0x0800cdb0   Data        2048  pcanet_inference.o(.constdata)
    __ctype_categories                       0x0800da28   Data          64  ctype_c.o(.constdata)
    Region$$Table$$Base                      0x0800dafc   Number         0  anon$$obj.o(Region$$Table)
    Region$$Table$$Limit                     0x0800db2c   Number         0  anon$$obj.o(Region$$Table)
    uwTickFreq                               0x20000000   Data           1  stm32h7xx_hal.o(.data)
    uwTickPrio                               0x20000004   Data           4  stm32h7xx_hal.o(.data)
    uwTick                                   0x20000008   Data           4  stm32h7xx_hal.o(.data)
    SystemCoreClock                          0x2000000c   Data           4  system_stm32h7xx.o(.data)
    SystemD2Clock                            0x20000010   Data           4  system_stm32h7xx.o(.data)
    pcanet_collect_mode                      0x20000024   Data           1  task.o(.data)
    flag                                     0x20000025   Data           1  task.o(.data)
    drdy_flag                                0x20000026   Data           1  task.o(.data)
    blockSize                                0x20000028   Data           4  task.o(.data)
    pcanet_sample_count                      0x2000002c   Data           4  task.o(.data)
    pcanet_discard_count                     0x20000030   Data           4  task.o(.data)
    ch1_data                                 0x20000038   Data           4  task.o(.data)
    ch2_data                                 0x2000003c   Data           4  task.o(.data)
    Input_data1                              0x20000040   Data           4  task.o(.data)
    Output_data1                             0x20000044   Data           4  task.o(.data)
    Input_data2                              0x20000048   Data           4  task.o(.data)
    Output_data2                             0x2000004c   Data           4  task.o(.data)
    USER_Driver                              0x20000050   Data          20  user_diskio.o(.data)
    retUSER                                  0x20000064   Data           1  fatfs.o(.data)
    USERPath                                 0x20000065   Data           4  fatfs.o(.data)
    __stdout                                 0x20000074   Data           4  stdout.o(.data)
    hspi1                                    0x2000007c   Data         136  spi.o(.bss)
    hspi2                                    0x20000104   Data         136  spi.o(.bss)
    huart5                                   0x2000018c   Data         148  usart.o(.bss)
    huart7                                   0x20000220   Data         148  usart.o(.bss)
    huart1                                   0x200002b4   Data         148  usart.o(.bss)
    firState1                                0x20000590   Data         516  task.o(.bss)
    firState2                                0x20000794   Data         516  task.o(.bss)
    disk                                     0x20000bb8   Data          12  ff_gen_drv.o(.bss)
    __initial_sp                             0x20001fc8   Data           0  startup_stm32h750xx.o(STACK)
    S1                                       0x24000568   Data          12  task.o(.bss)
    S2                                       0x24000574   Data          12  task.o(.bss)
    sd_fs                                    0x24000580   Data        4152  task.o(.bss)
    sd_fil                                   0x240015b8   Data        4144  task.o(.bss)
    ads1292_reg_raw                          0x240025e8   Data       20000  task.o(.bss)
    ads1292_auth_raw                         0x24007408   Data        6000  task.o(.bss)
    sensor_aligned_window                    0x24008b78   Data        1000  task.o(.bss)
    Shared_Feature_Buffer_1                  0x24008f60   Data       172032  task.o(.bss)
    Shared_Feature_Buffer_2                  0x24032f60   Data       172032  task.o(.bss)



==============================================================================

Memory Map of the image

  Image Entry point : 0x08000299

  Load Region LR_IROM1 (Base: 0x08000000, Size: 0x0000dba8, Max: 0x00020000, ABSOLUTE)

    Execution Region ER_IROM1 (Exec base: 0x08000000, Load base: 0x08000000, Size: 0x0000db2c, Max: 0x00020000, ABSOLUTE)

    Exec Addr    Load Addr    Size         Type   Attr      Idx    E Section Name        Object

    0x08000000   0x08000000   0x00000298   Data   RO            3    RESET               startup_stm32h750xx.o
    0x08000298   0x08000298   0x00000000   Code   RO        11689  * .ARM.Collect$$$$00000000  mc_w.l(entry.o)
    0x08000298   0x08000298   0x00000004   Code   RO        12057    .ARM.Collect$$$$00000001  mc_w.l(entry2.o)
    0x0800029c   0x0800029c   0x00000004   Code   RO        12060    .ARM.Collect$$$$00000004  mc_w.l(entry5.o)
    0x080002a0   0x080002a0   0x00000000   Code   RO        12062    .ARM.Collect$$$$00000008  mc_w.l(entry7b.o)
    0x080002a0   0x080002a0   0x00000000   Code   RO        12064    .ARM.Collect$$$$0000000A  mc_w.l(entry8b.o)
    0x080002a0   0x080002a0   0x00000008   Code   RO        12065    .ARM.Collect$$$$0000000B  mc_w.l(entry9a.o)
    0x080002a8   0x080002a8   0x00000004   Code   RO        12072    .ARM.Collect$$$$0000000E  mc_w.l(entry12b.o)
    0x080002ac   0x080002ac   0x00000000   Code   RO        12067    .ARM.Collect$$$$0000000F  mc_w.l(entry10a.o)
    0x080002ac   0x080002ac   0x00000000   Code   RO        12069    .ARM.Collect$$$$00000011  mc_w.l(entry11a.o)
    0x080002ac   0x080002ac   0x00000004   Code   RO        12058    .ARM.Collect$$$$00002712  mc_w.l(entry2.o)
    0x080002b0   0x080002b0   0x0000002c   Code   RO            4    .text               startup_stm32h750xx.o
    0x080002dc   0x080002dc   0x00000062   Code   RO        11692    .text               mc_w.l(uldiv.o)
    0x0800033e   0x0800033e   0x0000001e   Code   RO        11696    .text               mc_w.l(llshl.o)
    0x0800035c   0x0800035c   0x00000024   Code   RO        11698    .text               mc_w.l(llsshr.o)
    0x08000380   0x08000380   0x00000024   Code   RO        11700    .text               mc_w.l(memcpya.o)
    0x080003a4   0x080003a4   0x00000024   Code   RO        11702    .text               mc_w.l(memseta.o)
    0x080003c8   0x080003c8   0x0000000e   Code   RO        11704    .text               mc_w.l(strlen.o)
    0x080003d6   0x080003d6   0x0000001c   Code   RO        11706    .text               mc_w.l(strcmp.o)
    0x080003f2   0x080003f2   0x00000016   Code   RO        11708    .text               mc_w.l(strrchr.o)
    0x08000408   0x08000408   0x00000038   Code   RO        11973    .text               mc_w.l(__0sscanf.o)
    0x08000440   0x08000440   0x00000360   Code   RO        11975    .text               mc_w.l(scanf_fp.o)
    0x080007a0   0x080007a0   0x0000014e   Code   RO        11979    .text               mf_w.l(dadd.o)
    0x080008ee   0x080008ee   0x000000e4   Code   RO        11981    .text               mf_w.l(dmul.o)
    0x080009d2   0x080009d2   0x000000de   Code   RO        11983    .text               mf_w.l(ddiv.o)
    0x08000ab0   0x08000ab0   0x00000026   Code   RO        11997    .text               mf_w.l(f2d.o)
    0x08000ad6   0x08000ad6   0x00000002   PAD
    0x08000ad8   0x08000ad8   0x00000030   Code   RO        12001    .text               mf_w.l(cdrcmple.o)
    0x08000b08   0x08000b08   0x00000038   Code   RO        12003    .text               mf_w.l(d2f.o)
    0x08000b40   0x08000b40   0x0000002c   Code   RO        12074    .text               mc_w.l(uidiv.o)
    0x08000b6c   0x08000b6c   0x00000020   Code   RO        12076    .text               mc_w.l(llushr.o)
    0x08000b8c   0x08000b8c   0x00000028   Code   RO        12085    .text               mc_w.l(scanf_char.o)
    0x08000bb4   0x08000bb4   0x00000040   Code   RO        12087    .text               mc_w.l(_sgetc.o)
    0x08000bf4   0x08000bf4   0x00000000   Code   RO        12089    .text               mc_w.l(iusefp.o)
    0x08000bf4   0x08000bf4   0x0000006e   Code   RO        12090    .text               mf_w.l(fepilogue.o)
    0x08000c62   0x08000c62   0x000000ba   Code   RO        12092    .text               mf_w.l(depilogue.o)
    0x08000d1c   0x08000d1c   0x00000018   Code   RO        12096    .text               mf_w.l(dfltul.o)
    0x08000d34   0x08000d34   0x00000030   Code   RO        12098    .text               mf_w.l(dfixul.o)
    0x08000d64   0x08000d64   0x00000024   Code   RO        12102    .text               mc_w.l(init.o)
    0x08000d88   0x08000d88   0x0000000a   Code   RO        12104    .text               mc_w.l(isspace_c.o)
    0x08000d92   0x08000d92   0x00000002   PAD
    0x08000d94   0x08000d94   0x00000330   Code   RO        12106    .text               mc_w.l(_scanf.o)
    0x080010c4   0x080010c4   0x00000028   Code   RO        12108    .text               mc_w.l(ctype_c.o)
    0x080010ec   0x080010ec   0x0000008c   Code   RO         3898    i.ADS1292_GPIO_Int  ads1292.o
    0x08001178   0x08001178   0x00000284   Code   RO         3899    i.ADS1292_Init      ads1292.o
    0x080013fc   0x080013fc   0x00000050   Code   RO         3900    i.ADS1292_Read_Byte  ads1292.o
    0x0800144c   0x0800144c   0x00000040   Code   RO         3902    i.ADS1292_Set_start  ads1292.o
    0x0800148c   0x0800148c   0x00000054   Code   RO         3904    i.ADS1292_Write_Byte  ads1292.o
    0x080014e0   0x080014e0   0x00000002   Code   RO          444    i.BusFault_Handler  stm32h7xx_it.o
    0x080014e2   0x080014e2   0x00000002   PAD
    0x080014e4   0x080014e4   0x00000034   Code   RO         4304    i.Calculate_Manhattan_Distance  pcanet_inference.o
    0x08001518   0x08001518   0x00000154   Code   RO         3993    i.Cmd_Dispatch      hmi.o
    0x0800166c   0x0800166c   0x0000006c   Code   RO         4305    i.Conv2D_Pixel      pcanet_inference.o
    0x080016d8   0x080016d8   0x0000003c   Code   RO         4221    i.DBG_Printf        task.o
    0x08001714   0x08001714   0x0000001c   Code   RO         4121    i.DESELECT          sd.o
    0x08001730   0x08001730   0x00000002   Code   RO          445    i.DebugMon_Handler  stm32h7xx_it.o
    0x08001732   0x08001732   0x00000006   Code   RO          446    i.EXTI3_IRQHandler  stm32h7xx_it.o
    0x08001738   0x08001738   0x00000004   Code   RO           13    i.Error_Handler     main.o
    0x0800173c   0x0800173c   0x0000001c   Code   RO         3855    i.ExitRun0Mode      system_stm32h7xx.o
    0x08001758   0x08001758   0x00000060   Code   RO         4222    i.Extract_Aligned_Window  task.o
    0x080017b8   0x080017b8   0x000001f0   Code   RO         4306    i.Extract_Base_Features  pcanet_inference.o
    0x080019a8   0x080019a8   0x00000006   Code   RO         4887    i.FATFS_LinkDriver  ff_gen_drv.o
    0x080019ae   0x080019ae   0x00000002   PAD
    0x080019b0   0x080019b0   0x00000040   Code   RO         4888    i.FATFS_LinkDriverEx  ff_gen_drv.o
    0x080019f0   0x080019f0   0x00000360   Code   RO         1340    i.HAL_DMA_Abort     stm32h7xx_hal_dma.o
    0x08001d50   0x08001d50   0x00000284   Code   RO         1341    i.HAL_DMA_Abort_IT  stm32h7xx_hal_dma.o
    0x08001fd4   0x08001fd4   0x00000024   Code   RO         2049    i.HAL_Delay         stm32h7xx_hal.o
    0x08001ff8   0x08001ff8   0x00000010   Code   RO           14    i.HAL_GPIO_EXTI_Callback  main.o
    0x08002008   0x08002008   0x00000018   Code   RO         1187    i.HAL_GPIO_EXTI_IRQHandler  stm32h7xx_hal_gpio.o
    0x08002020   0x08002020   0x0000022c   Code   RO         1188    i.HAL_GPIO_Init     stm32h7xx_hal_gpio.o
    0x0800224c   0x0800224c   0x0000000a   Code   RO         1192    i.HAL_GPIO_WritePin  stm32h7xx_hal_gpio.o
    0x08002256   0x08002256   0x00000002   PAD
    0x08002258   0x08002258   0x0000000c   Code   RO         2060    i.HAL_GetREVID      stm32h7xx_hal.o
    0x08002264   0x08002264   0x0000000c   Code   RO         2061    i.HAL_GetTick       stm32h7xx_hal.o
    0x08002270   0x08002270   0x00000010   Code   RO         2067    i.HAL_IncTick       stm32h7xx_hal.o
    0x08002280   0x08002280   0x0000005c   Code   RO         2068    i.HAL_Init          stm32h7xx_hal.o
    0x080022dc   0x080022dc   0x00000040   Code   RO         2069    i.HAL_InitTick      stm32h7xx_hal.o
    0x0800231c   0x0800231c   0x0000005c   Code   RO          563    i.HAL_MPU_ConfigRegion  stm32h7xx_hal_cortex.o
    0x08002378   0x08002378   0x0000001c   Code   RO          564    i.HAL_MPU_Disable   stm32h7xx_hal_cortex.o
    0x08002394   0x08002394   0x00000024   Code   RO          566    i.HAL_MPU_Enable    stm32h7xx_hal_cortex.o
    0x080023b8   0x080023b8   0x0000001c   Code   RO          538    i.HAL_MspInit       stm32h7xx_hal_msp.o
    0x080023d4   0x080023d4   0x0000001a   Code   RO          570    i.HAL_NVIC_EnableIRQ  stm32h7xx_hal_cortex.o
    0x080023ee   0x080023ee   0x00000002   PAD
    0x080023f0   0x080023f0   0x00000040   Code   RO          576    i.HAL_NVIC_SetPriority  stm32h7xx_hal_cortex.o
    0x08002430   0x08002430   0x00000024   Code   RO          577    i.HAL_NVIC_SetPriorityGrouping  stm32h7xx_hal_cortex.o
    0x08002454   0x08002454   0x00000054   Code   RO         1789    i.HAL_PWREx_ConfigSupply  stm32h7xx_hal_pwr_ex.o
    0x080024a8   0x080024a8   0x00000024   Code   RO          831    i.HAL_RCCEx_GetD3PCLK1Freq  stm32h7xx_hal_rcc_ex.o
    0x080024cc   0x080024cc   0x00000144   Code   RO          833    i.HAL_RCCEx_GetPLL2ClockFreq  stm32h7xx_hal_rcc_ex.o
    0x08002610   0x08002610   0x00000144   Code   RO          834    i.HAL_RCCEx_GetPLL3ClockFreq  stm32h7xx_hal_rcc_ex.o
    0x08002754   0x08002754   0x000009ac   Code   RO          840    i.HAL_RCCEx_PeriphCLKConfig  stm32h7xx_hal_rcc_ex.o
    0x08003100   0x08003100   0x0000025c   Code   RO          716    i.HAL_RCC_ClockConfig  stm32h7xx_hal_rcc.o
    0x0800335c   0x0800335c   0x00000044   Code   RO          721    i.HAL_RCC_GetHCLKFreq  stm32h7xx_hal_rcc.o
    0x080033a0   0x080033a0   0x00000024   Code   RO          723    i.HAL_RCC_GetPCLK1Freq  stm32h7xx_hal_rcc.o
    0x080033c4   0x080033c4   0x00000024   Code   RO          724    i.HAL_RCC_GetPCLK2Freq  stm32h7xx_hal_rcc.o
    0x080033e8   0x080033e8   0x00000138   Code   RO          725    i.HAL_RCC_GetSysClockFreq  stm32h7xx_hal_rcc.o
    0x08003520   0x08003520   0x00000582   Code   RO          728    i.HAL_RCC_OscConfig  stm32h7xx_hal_rcc.o
    0x08003aa2   0x08003aa2   0x00000002   PAD
    0x08003aa4   0x08003aa4   0x0000017c   Code   RO         2963    i.HAL_SPI_Init      stm32h7xx_hal_spi.o
    0x08003c20   0x08003c20   0x00000104   Code   RO          328    i.HAL_SPI_MspInit   spi.o
    0x08003d24   0x08003d24   0x00000238   Code   RO         2972    i.HAL_SPI_Transmit  stm32h7xx_hal_spi.o
    0x08003f5c   0x08003f5c   0x00000338   Code   RO         2973    i.HAL_SPI_TransmitReceive  stm32h7xx_hal_spi.o
    0x08004294   0x08004294   0x00000010   Code   RO         2073    i.HAL_SYSCFG_AnalogSwitchConfig  stm32h7xx_hal.o
    0x080042a4   0x080042a4   0x00000026   Code   RO          581    i.HAL_SYSTICK_Config  stm32h7xx_hal_cortex.o
    0x080042ca   0x080042ca   0x00000040   Code   RO         3737    i.HAL_UARTEx_DisableFifoMode  stm32h7xx_hal_uart_ex.o
    0x0800430a   0x0800430a   0x00000002   Code   RO         3326    i.HAL_UARTEx_RxEventCallback  stm32h7xx_hal_uart.o
    0x0800430c   0x0800430c   0x00000002   Code   RO         3745    i.HAL_UARTEx_RxFifoFullCallback  stm32h7xx_hal_uart_ex.o
    0x0800430e   0x0800430e   0x0000004c   Code   RO         3746    i.HAL_UARTEx_SetRxFifoThreshold  stm32h7xx_hal_uart_ex.o
    0x0800435a   0x0800435a   0x0000004c   Code   RO         3747    i.HAL_UARTEx_SetTxFifoThreshold  stm32h7xx_hal_uart_ex.o
    0x080043a6   0x080043a6   0x00000002   Code   RO         3749    i.HAL_UARTEx_TxFifoEmptyCallback  stm32h7xx_hal_uart_ex.o
    0x080043a8   0x080043a8   0x00000002   Code   RO         3750    i.HAL_UARTEx_WakeupCallback  stm32h7xx_hal_uart_ex.o
    0x080043aa   0x080043aa   0x00000002   Code   RO         3342    i.HAL_UART_ErrorCallback  stm32h7xx_hal_uart.o
    0x080043ac   0x080043ac   0x0000039c   Code   RO         3345    i.HAL_UART_IRQHandler  stm32h7xx_hal_uart.o
    0x08004748   0x08004748   0x0000006a   Code   RO         3346    i.HAL_UART_Init     stm32h7xx_hal_uart.o
    0x080047b2   0x080047b2   0x00000002   PAD
    0x080047b4   0x080047b4   0x00000168   Code   RO          379    i.HAL_UART_MspInit  usart.o
    0x0800491c   0x0800491c   0x00000048   Code   RO         3351    i.HAL_UART_Receive_IT  stm32h7xx_hal_uart.o
    0x08004964   0x08004964   0x0000005c   Code   RO         3994    i.HAL_UART_RxCpltCallback  hmi.o
    0x080049c0   0x080049c0   0x000000b0   Code   RO         3355    i.HAL_UART_Transmit  stm32h7xx_hal_uart.o
    0x08004a70   0x08004a70   0x00000002   Code   RO         3358    i.HAL_UART_TxCpltCallback  stm32h7xx_hal_uart.o
    0x08004a72   0x08004a72   0x00000002   PAD
    0x08004a74   0x08004a74   0x000000c0   Code   RO         3995    i.HMI_Init          hmi.o
    0x08004b34   0x08004b34   0x00000038   Code   RO         3996    i.HMI_SendToScreen  hmi.o
    0x08004b6c   0x08004b6c   0x00000050   Code   RO         3998    i.HMI_SendToTianwen  hmi.o
    0x08004bbc   0x08004bbc   0x00000120   Code   RO         4000    i.HMI_TaskProcess   hmi.o
    0x08004cdc   0x08004cdc   0x00000002   Code   RO          447    i.HardFault_Handler  stm32h7xx_it.o
    0x08004cde   0x08004cde   0x0000003e   Code   RO         4001    i.IsValidCmd        hmi.o
    0x08004d1c   0x08004d1c   0x0000001c   Code   RO         4440    i.MX_FATFS_Init     fatfs.o
    0x08004d38   0x08004d38   0x00000174   Code   RO          303    i.MX_GPIO_Init      gpio.o
    0x08004eac   0x08004eac   0x00000060   Code   RO          329    i.MX_SPI1_Init      spi.o
    0x08004f0c   0x08004f0c   0x00000068   Code   RO          330    i.MX_SPI2_Init      spi.o
    0x08004f74   0x08004f74   0x00000068   Code   RO          380    i.MX_UART5_Init     usart.o
    0x08004fdc   0x08004fdc   0x00000068   Code   RO          381    i.MX_UART7_Init     usart.o
    0x08005044   0x08005044   0x00000068   Code   RO          382    i.MX_USART1_UART_Init  usart.o
    0x080050ac   0x080050ac   0x00000002   Code   RO          448    i.MemManage_Handler  stm32h7xx_it.o
    0x080050ae   0x080050ae   0x00000002   Code   RO          449    i.NMI_Handler       stm32h7xx_it.o
    0x080050b0   0x080050b0   0x00000060   Code   RO         4307    i.PCANet_Inference_Pipeline  pcanet_inference.o
    0x08005110   0x08005110   0x00000002   Code   RO          450    i.PendSV_Handler    stm32h7xx_it.o
    0x08005112   0x08005112   0x00000002   PAD
    0x08005114   0x08005114   0x0000019c   Code   RO         4308    i.Process_Single_PCANet  pcanet_inference.o
    0x080052b0   0x080052b0   0x00000120   Code   RO          843    i.RCCEx_PLL2_Config  stm32h7xx_hal_rcc_ex.o
    0x080053d0   0x080053d0   0x00000120   Code   RO          844    i.RCCEx_PLL3_Config  stm32h7xx_hal_rcc_ex.o
    0x080054f0   0x080054f0   0x000000a0   Code   RO         4309    i.Resample_Signal   pcanet_inference.o
    0x08005590   0x08005590   0x00000028   Code   RO         4002    i.RingBuf_Get       hmi.o
    0x080055b8   0x080055b8   0x00000024   Code   RO         4003    i.RingBuf_Peek      hmi.o
    0x080055dc   0x080055dc   0x00000022   Code   RO         4004    i.RingBuf_Put       hmi.o
    0x080055fe   0x080055fe   0x0000000e   Code   RO         4005    i.RingBuf_Used      hmi.o
    0x0800560c   0x0800560c   0x00000070   Code   RO         4122    i.SD_PowerOn        sd.o
    0x0800567c   0x0800567c   0x00000018   Code   RO         4123    i.SD_ReadyWait      sd.o
    0x08005694   0x08005694   0x0000003e   Code   RO         4124    i.SD_RxDataBlock    sd.o
    0x080056d2   0x080056d2   0x00000002   PAD
    0x080056d4   0x080056d4   0x0000006e   Code   RO         4125    i.SD_SendCmd        sd.o
    0x08005742   0x08005742   0x0000005a   Code   RO         4126    i.SD_TxDataBlock    sd.o
    0x0800579c   0x0800579c   0x0000013c   Code   RO         4127    i.SD_disk_initialize  sd.o
    0x080058d8   0x080058d8   0x00000148   Code   RO         4128    i.SD_disk_ioctl     sd.o
    0x08005a20   0x08005a20   0x00000098   Code   RO         4129    i.SD_disk_read      sd.o
    0x08005ab8   0x08005ab8   0x00000010   Code   RO         4130    i.SD_disk_status    sd.o
    0x08005ac8   0x08005ac8   0x000000b8   Code   RO         4131    i.SD_disk_write     sd.o
    0x08005b80   0x08005b80   0x0000001c   Code   RO         4132    i.SELECT            sd.o
    0x08005b9c   0x08005b9c   0x000000bc   Code   RO         2983    i.SPI_CloseTransfer  stm32h7xx_hal_spi.o
    0x08005c58   0x08005c58   0x00000070   Code   RO         3963    i.SPI_Init          userspi.o
    0x08005cc8   0x08005cc8   0x00000026   Code   RO         3964    i.SPI_ReadWriteByte  userspi.o
    0x08005cee   0x08005cee   0x00000002   PAD
    0x08005cf0   0x08005cf0   0x0000002c   Code   RO         4133    i.SPI_RxByte        sd.o
    0x08005d1c   0x08005d1c   0x0000001c   Code   RO         4134    i.SPI_TxBuffer      sd.o
    0x08005d38   0x08005d38   0x00000020   Code   RO         4135    i.SPI_TxByte        sd.o
    0x08005d58   0x08005d58   0x00000046   Code   RO         3000    i.SPI_WaitOnFlagUntilTimeout  stm32h7xx_hal_spi.o
    0x08005d9e   0x08005d9e   0x00000002   Code   RO          451    i.SVC_Handler       stm32h7xx_it.o
    0x08005da0   0x08005da0   0x00000004   Code   RO          452    i.SysTick_Handler   stm32h7xx_it.o
    0x08005da4   0x08005da4   0x000000a8   Code   RO           15    i.SystemClock_Config  main.o
    0x08005e4c   0x08005e4c   0x000000f8   Code   RO         3857    i.SystemInit        system_stm32h7xx.o
    0x08005f44   0x08005f44   0x00000398   Code   RO         4224    i.Task_Identity_Authentication  task.o
    0x080062dc   0x080062dc   0x000004d0   Code   RO         4225    i.Task_Identity_Registration  task.o
    0x080067ac   0x080067ac   0x000003c8   Code   RO         4006    i.Task_ProcessManageUsers  hmi.o
    0x08006b74   0x08006b74   0x00000254   Code   RO         4007    i.Task_ProcessRegister  hmi.o
    0x08006dc8   0x08006dc8   0x00000210   Code   RO         4008    i.Task_ProcessSysInit  hmi.o
    0x08006fd8   0x08006fd8   0x000000c0   Code   RO         4009    i.Task_ProcessUnlock  hmi.o
    0x08007098   0x08007098   0x000002bc   Code   RO         4010    i.Task_ProcessVerify  hmi.o
    0x08007354   0x08007354   0x0000000c   Code   RO          453    i.UART5_IRQHandler  stm32h7xx_it.o
    0x08007360   0x08007360   0x0000000c   Code   RO          454    i.UART7_IRQHandler  stm32h7xx_it.o
    0x0800736c   0x0800736c   0x00000044   Code   RO         3751    i.UARTEx_SetNbDataToProcess  stm32h7xx_hal_uart_ex.o
    0x080073b0   0x080073b0   0x000000c8   Code   RO         3360    i.UART_AdvFeatureConfig  stm32h7xx_hal_uart.o
    0x08007478   0x08007478   0x000000aa   Code   RO         3361    i.UART_CheckIdleState  stm32h7xx_hal_uart.o
    0x08007522   0x08007522   0x00000010   Code   RO         3362    i.UART_DMAAbortOnError  stm32h7xx_hal_uart.o
    0x08007532   0x08007532   0x00000002   PAD
    0x08007534   0x08007534   0x00000054   Code   RO         3372    i.UART_EndRxTransfer  stm32h7xx_hal_uart.o
    0x08007588   0x08007588   0x000000c8   Code   RO         3374    i.UART_RxISR_16BIT  stm32h7xx_hal_uart.o
    0x08007650   0x08007650   0x000001a0   Code   RO         3375    i.UART_RxISR_16BIT_FIFOEN  stm32h7xx_hal_uart.o
    0x080077f0   0x080077f0   0x000000c8   Code   RO         3376    i.UART_RxISR_8BIT   stm32h7xx_hal_uart.o
    0x080078b8   0x080078b8   0x000001a0   Code   RO         3377    i.UART_RxISR_8BIT_FIFOEN  stm32h7xx_hal_uart.o
    0x08007a58   0x08007a58   0x000003ac   Code   RO         3378    i.UART_SetConfig    stm32h7xx_hal_uart.o
    0x08007e04   0x08007e04   0x00000110   Code   RO         3380    i.UART_Start_Receive_IT  stm32h7xx_hal_uart.o
    0x08007f14   0x08007f14   0x00000094   Code   RO         3385    i.UART_WaitOnFlagUntilTimeout  stm32h7xx_hal_uart.o
    0x08007fa8   0x08007fa8   0x00000004   Code   RO         4379    i.USER_initialize   user_diskio.o
    0x08007fac   0x08007fac   0x00000004   Code   RO         4380    i.USER_ioctl        user_diskio.o
    0x08007fb0   0x08007fb0   0x00000004   Code   RO         4381    i.USER_read         user_diskio.o
    0x08007fb4   0x08007fb4   0x00000004   Code   RO         4382    i.USER_status       user_diskio.o
    0x08007fb8   0x08007fb8   0x00000004   Code   RO         4383    i.USER_write        user_diskio.o
    0x08007fbc   0x08007fbc   0x00000002   Code   RO          455    i.UsageFault_Handler  stm32h7xx_it.o
    0x08007fbe   0x08007fbe   0x00000002   PAD
    0x08007fc0   0x08007fc0   0x00000098   Code   RO         4011    i.Username_Read     hmi.o
    0x08008058   0x08008058   0x00000160   Code   RO         4310    i.ZScore_Normalize_Float_Adaptive  pcanet_inference.o
    0x080081b8   0x080081b8   0x00000020   Code   RO        11945    i.__0printf         mc_w.l(printfa.o)
    0x080081d8   0x080081d8   0x00000034   Code   RO        11946    i.__0snprintf       mc_w.l(printfa.o)
    0x0800820c   0x0800820c   0x00000034   Code   RO        11950    i.__0vsnprintf      mc_w.l(printfa.o)
    0x08008240   0x08008240   0x00000022   Code   RO          583    i.__NVIC_SetPriority  stm32h7xx_hal_cortex.o
    0x08008262   0x08008262   0x00000002   PAD
    0x08008264   0x08008264   0x00000150   Code   RO        11565    i.__hardfp_cosf     m_wm.l(cosf.o)
    0x080083b4   0x080083b4   0x0000003a   Code   RO        11665    i.__hardfp_sqrtf    m_wm.l(sqrtf.o)
    0x080083ee   0x080083ee   0x00000006   Code   RO        12027    i.__mathlib_flt_infnan  m_wm.l(funder.o)
    0x080083f4   0x080083f4   0x00000010   Code   RO        12029    i.__mathlib_flt_invalid  m_wm.l(funder.o)
    0x08008404   0x08008404   0x00000154   Code   RO        12048    i.__mathlib_rredf2  m_wm.l(rredf.o)
    0x08008558   0x08008558   0x0000000e   Code   RO        12113    i.__scatterload_copy  mc_w.l(handlers.o)
    0x08008566   0x08008566   0x00000002   Code   RO        12114    i.__scatterload_null  mc_w.l(handlers.o)
    0x08008568   0x08008568   0x0000000e   Code   RO        12115    i.__scatterload_zeroinit  mc_w.l(handlers.o)
    0x08008576   0x08008576   0x00000002   PAD
    0x08008578   0x08008578   0x0000000c   Code   RO        12080    i.__set_errno       mc_w.l(errno.o)
    0x08008584   0x08008584   0x00000184   Code   RO        11952    i._fp_digits        mc_w.l(printfa.o)
    0x08008708   0x08008708   0x0000000e   Code   RO        11977    i._is_digit         mc_w.l(scanf_fp.o)
    0x08008716   0x08008716   0x00000002   PAD
    0x08008718   0x08008718   0x000006b4   Code   RO        11953    i._printf_core      mc_w.l(printfa.o)
    0x08008dcc   0x08008dcc   0x00000024   Code   RO        11954    i._printf_post_padding  mc_w.l(printfa.o)
    0x08008df0   0x08008df0   0x0000002e   Code   RO        11955    i._printf_pre_padding  mc_w.l(printfa.o)
    0x08008e1e   0x08008e1e   0x00000016   Code   RO        11956    i._snputc           mc_w.l(printfa.o)
    0x08008e34   0x08008e34   0x0000006c   Code   RO         6870    i.arm_fir_f32       filteringfunctions.o
    0x08008ea0   0x08008ea0   0x0000001c   Code   RO         6874    i.arm_fir_init_f32  filteringfunctions.o
    0x08008ebc   0x08008ebc   0x00000070   Code   RO         4533    i.check_fs          ff.o
    0x08008f2c   0x08008f2c   0x00000010   Code   RO         4534    i.chk_chr           ff.o
    0x08008f3c   0x08008f3c   0x0000005c   Code   RO         4535    i.chk_lock          ff.o
    0x08008f98   0x08008f98   0x00000020   Code   RO         4536    i.clear_lock        ff.o
    0x08008fb8   0x08008fb8   0x00000026   Code   RO         4537    i.clmt_clust        ff.o
    0x08008fde   0x08008fde   0x00000018   Code   RO         4538    i.clust2sect        ff.o
    0x08008ff6   0x08008ff6   0x00000002   PAD
    0x08008ff8   0x08008ff8   0x00000080   Code   RO         4539    i.cmp_lfn           ff.o
    0x08009078   0x08009078   0x000000a6   Code   RO         4540    i.create_chain      ff.o
    0x0800911e   0x0800911e   0x00000002   PAD
    0x08009120   0x08009120   0x00000204   Code   RO         4541    i.create_name       ff.o
    0x08009324   0x08009324   0x00000034   Code   RO         4542    i.dec_lock          ff.o
    0x08009358   0x08009358   0x00000048   Code   RO         3905    i.delay_us          ads1292.o
    0x080093a0   0x080093a0   0x000000d2   Code   RO         4543    i.dir_find          ff.o
    0x08009472   0x08009472   0x00000002   PAD
    0x08009474   0x08009474   0x00000102   Code   RO         4544    i.dir_next          ff.o
    0x08009576   0x08009576   0x000000b8   Code   RO         4545    i.dir_read          ff.o
    0x0800962e   0x0800962e   0x00000002   PAD
    0x08009630   0x08009630   0x000001e4   Code   RO         4546    i.dir_register      ff.o
    0x08009814   0x08009814   0x0000004e   Code   RO         4547    i.dir_remove        ff.o
    0x08009862   0x08009862   0x0000008e   Code   RO         4548    i.dir_sdi           ff.o
    0x080098f0   0x080098f0   0x0000002c   Code   RO         4478    i.disk_initialize   diskio.o
    0x0800991c   0x0800991c   0x00000018   Code   RO         4479    i.disk_ioctl        diskio.o
    0x08009934   0x08009934   0x0000001c   Code   RO         4480    i.disk_read         diskio.o
    0x08009950   0x08009950   0x00000014   Code   RO         4481    i.disk_status       diskio.o
    0x08009964   0x08009964   0x0000001c   Code   RO         4482    i.disk_write        diskio.o
    0x08009980   0x08009980   0x00000094   Code   RO         4226    i.ecg_camp_task     task.o
    0x08009a14   0x08009a14   0x00000150   Code   RO         4227    i.ecg_showwave_task  task.o
    0x08009b64   0x08009b64   0x00000028   Code   RO         4549    i.f_close           ff.o
    0x08009b8c   0x08009b8c   0x00000022   Code   RO         4550    i.f_closedir        ff.o
    0x08009bae   0x08009bae   0x0000023c   Code   RO         4553    i.f_lseek           ff.o
    0x08009dea   0x08009dea   0x00000002   PAD
    0x08009dec   0x08009dec   0x00000058   Code   RO         4556    i.f_mount           ff.o
    0x08009e44   0x08009e44   0x0000021c   Code   RO         4557    i.f_open            ff.o
    0x0800a060   0x0800a060   0x00000082   Code   RO         4558    i.f_opendir         ff.o
    0x0800a0e2   0x0800a0e2   0x00000174   Code   RO         4562    i.f_read            ff.o
    0x0800a256   0x0800a256   0x00000040   Code   RO         4563    i.f_readdir         ff.o
    0x0800a296   0x0800a296   0x0000008e   Code   RO         4566    i.f_sync            ff.o
    0x0800a324   0x0800a324   0x0000009e   Code   RO         4568    i.f_unlink          ff.o
    0x0800a3c2   0x0800a3c2   0x000001ae   Code   RO         4569    i.f_write           ff.o
    0x0800a570   0x0800a570   0x0000003c   Code   RO         4964    i.ff_convert        ccsbcs.o
    0x0800a5ac   0x0800a5ac   0x00000080   Code   RO         4965    i.ff_wtoupper       ccsbcs.o
    0x0800a62c   0x0800a62c   0x00000294   Code   RO         4570    i.find_volume       ff.o
    0x0800a8c0   0x0800a8c0   0x0000007a   Code   RO         4571    i.follow_path       ff.o
    0x0800a93a   0x0800a93a   0x00000002   PAD
    0x0800a93c   0x0800a93c   0x00000018   Code   RO          384    i.fputc             usart.o
    0x0800a954   0x0800a954   0x00000080   Code   RO         4572    i.gen_numname       ff.o
    0x0800a9d4   0x0800a9d4   0x000000ea   Code   RO         4573    i.get_fat           ff.o
    0x0800aabe   0x0800aabe   0x00000004   Code   RO         4441    i.get_fattime       fatfs.o
    0x0800aac2   0x0800aac2   0x000000e8   Code   RO         4574    i.get_fileinfo      ff.o
    0x0800abaa   0x0800abaa   0x0000003c   Code   RO         4575    i.get_ldnumber      ff.o
    0x0800abe6   0x0800abe6   0x00000002   PAD
    0x0800abe8   0x0800abe8   0x00000080   Code   RO         4576    i.inc_lock          ff.o
    0x0800ac68   0x0800ac68   0x00000026   Code   RO         4577    i.ld_clust          ff.o
    0x0800ac8e   0x0800ac8e   0x00000016   Code   RO         4578    i.ld_dword          ff.o
    0x0800aca4   0x0800aca4   0x0000000a   Code   RO         4579    i.ld_word           ff.o
    0x0800acae   0x0800acae   0x00000002   PAD
    0x0800acb0   0x0800acb0   0x000000ec   Code   RO           16    i.main              main.o
    0x0800ad9c   0x0800ad9c   0x00000012   Code   RO         4580    i.mem_cpy           ff.o
    0x0800adae   0x0800adae   0x00000002   PAD
    0x0800adb0   0x0800adb0   0x0000000e   Code   RO         4581    i.mem_set           ff.o
    0x0800adbe   0x0800adbe   0x00000032   Code   RO         4582    i.move_window       ff.o
    0x0800adf0   0x0800adf0   0x00000074   Code   RO         4583    i.pick_lfn          ff.o
    0x0800ae64   0x0800ae64   0x0000012c   Code   RO         4584    i.put_fat           ff.o
    0x0800af90   0x0800af90   0x00000074   Code   RO         4587    i.remove_chain      ff.o
    0x0800b004   0x0800b004   0x00000028   Code   RO         4588    i.st_clust          ff.o
    0x0800b02c   0x0800b02c   0x00000010   Code   RO         4589    i.st_dword          ff.o
    0x0800b03c   0x0800b03c   0x00000008   Code   RO         4590    i.st_word           ff.o
    0x0800b044   0x0800b044   0x0000001c   Code   RO         4591    i.sum_sfn           ff.o
    0x0800b060   0x0800b060   0x00000088   Code   RO         4592    i.sync_fs           ff.o
    0x0800b0e8   0x0800b0e8   0x00000052   Code   RO         4593    i.sync_window       ff.o
    0x0800b13a   0x0800b13a   0x00000034   Code   RO         4594    i.validate          ff.o
    0x0800b16e   0x0800b16e   0x00000018   Data   RO         3386    .constdata          stm32h7xx_hal_uart.o
    0x0800b186   0x0800b186   0x00000010   Data   RO         3752    .constdata          stm32h7xx_hal_uart_ex.o
    0x0800b196   0x0800b196   0x00000010   Data   RO         3858    .constdata          system_stm32h7xx.o
    0x0800b1a6   0x0800b1a6   0x00000002   PAD
    0x0800b1a8   0x0800b1a8   0x00000204   Data   RO         4232    .constdata          task.o
    0x0800b3ac   0x0800b3ac   0x00000204   Data   RO         4233    .constdata          task.o
    0x0800b5b0   0x0800b5b0   0x00002000   Data   RO         4312    .constdata          pcanet_inference.o
    0x0800d5b0   0x0800d5b0   0x000000aa   Data   RO         4596    .constdata          ff.o
    0x0800d65a   0x0800d65a   0x000003ae   Data   RO         4966    .constdata          ccsbcs.o
    0x0800da08   0x0800da08   0x00000020   Data   RO        12049    .constdata          m_wm.l(rredf.o)
    0x0800da28   0x0800da28   0x00000040   Data   RO        12109    .constdata          mc_w.l(ctype_c.o)
    0x0800da68   0x0800da68   0x0000004a   Data   RO         4013    .conststring        hmi.o
    0x0800dab2   0x0800dab2   0x00000002   PAD
    0x0800dab4   0x0800dab4   0x00000047   Data   RO         4234    .conststring        task.o
    0x0800dafb   0x0800dafb   0x00000001   PAD
    0x0800dafc   0x0800dafc   0x00000030   Data   RO        12111    Region$$Table       anon$$obj.o


    Execution Region RW_IRAM1 (Exec base: 0x20000000, Load base: 0x0800db2c, Size: 0x00001fc8, Max: 0x00020000, ABSOLUTE)

    Exec Addr    Load Addr    Size         Type   Attr      Idx    E Section Name        Object

    0x20000000   0x0800db2c   0x0000000c   Data   RW         2090    .data               stm32h7xx_hal.o
    0x2000000c   0x0800db38   0x00000008   Data   RW         3859    .data               system_stm32h7xx.o
    0x20000014   0x0800db40   0x0000000c   Data   RW         4014    .data               hmi.o
    0x20000020   0x0800db4c   0x00000003   Data   RW         4136    .data               sd.o
    0x20000023   0x0800db4f   0x00000001   PAD
    0x20000024   0x0800db50   0x0000002c   Data   RW         4236    .data               task.o
    0x20000050   0x0800db7c   0x00000014   Data   RW         4384    .data               user_diskio.o
    0x20000064   0x0800db90   0x00000005   Data   RW         4444    .data               fatfs.o
    0x20000069   0x0800db95   0x00000003   PAD
    0x2000006c   0x0800db98   0x00000008   Data   RW         4597    .data               ff.o
    0x20000074   0x0800dba0   0x00000004   Data   RW        12073    .data               mc_w.l(stdout.o)
    0x20000078   0x0800dba4   0x00000004   Data   RW        12081    .data               mc_w.l(errno.o)
    0x2000007c        -       0x00000110   Zero   RW          331    .bss                spi.o
    0x2000018c        -       0x000001bc   Zero   RW          385    .bss                usart.o
    0x20000348        -       0x00000248   Zero   RW         4012    .bss                hmi.o
    0x20000590        -       0x00000204   Zero   RW         4230    .bss                task.o
    0x20000794        -       0x00000204   Zero   RW         4231    .bss                task.o
    0x20000998        -       0x00000220   Zero   RW         4595    .bss                ff.o
    0x20000bb8        -       0x0000000c   Zero   RW         4891    .bss                ff_gen_drv.o
    0x20000bc4   0x0800dba8   0x00000004   PAD
    0x20000bc8        -       0x00001400   Zero   RW            1    STACK               startup_stm32h750xx.o


    Execution Region RW_IRAM2 (Exec base: 0x24000000, Load base: 0x0800dba8, Size: 0x00063e50, Max: 0x00080000, ABSOLUTE)

    Exec Addr    Load Addr    Size         Type   Attr      Idx    E Section Name        Object

    0x24000000        -       0x0005cf60   Zero   RW         4229    .bss                task.o
    0x2405cf60        -       0x00006ef0   Zero   RW         4311    .bss                pcanet_inference.o


==============================================================================

Image component sizes


      Code (inc. data)   RO Data    RW Data    ZI Data      Debug   Object Name

      1084        180          0          0          0       5283   ads1292.o
       188         24        942          0          0       2495   ccsbcs.o
       144         26          0          0          0       4097   diskio.o
        32         10          0          5          0       1768   fatfs.o
      7712        108        170          8        544      56448   ff.o
        70          6          0          0         12       1851   ff_gen_drv.o
       136          4          0          0          0       8197   filteringfunctions.o
       372         20          0          0          0       1235   gpio.o
      4370       2194         74         12        584      13730   hmi.o
       424         60          0          0          0    1287293   main.o
      1676        102       8192          0      28400      12897   pcanet_inference.o
      1554         66          0          3          0      12289   sd.o
       460         42          0          0        272       2874   spi.o
        44         12        664          0       5120        884   startup_stm32h750xx.o
       248         48          0         12          0      24596   stm32h7xx_hal.o
       354         28          0          0          0      42349   stm32h7xx_hal_cortex.o
      1508         70          0          0          0       3983   stm32h7xx_hal_dma.o
       590         50          0          0          0       3071   stm32h7xx_hal_gpio.o
        28          6          0          0          0        930   stm32h7xx_hal_msp.o
        84          6          0          0          0        849   stm32h7xx_hal_pwr_ex.o
      2466        102          0          0          0       7468   stm32h7xx_hal_rcc.o
      3736        118          0          0          0       8185   stm32h7xx_hal_rcc_ex.o
      2030         26          0          0          0       7256   stm32h7xx_hal_spi.o
      4346        196         24          0          0      38594   stm32h7xx_hal_uart.o
       290          6         16          0          0       5870   stm32h7xx_hal_uart_ex.o
        50         12          0          0          0       6263   stm32h7xx_it.o
         0          0          0          0          0        656   syscall.o
       276         48         16          8          0       2125   system_stm32h7xx.o
      2792       1156       1103         44     381800      10406   task.o
       696         64          0          0        444       4320   usart.o
        20          0          0         20          0       3948   user_diskio.o
       150          8          0          0          0       1875   userspi.o

    ----------------------------------------------------------------------
     37974       4798      11254        116     417180    1584085   Object Totals
         0          0         48          0          0          0   (incl. Generated)
        44          0          5          4          4          0   (incl. Padding)

    ----------------------------------------------------------------------

      Code (inc. data)   RO Data    RW Data    ZI Data      Debug   Library Member Name

       336         56          0          0          0        136   cosf.o
        22          6          0          0          0        232   funder.o
       340         24         32          0          0        160   rredf.o
        58          0          0          0          0        136   sqrtf.o
        56          8          0          0          0         84   __0sscanf.o
       816          6          0          0          0        112   _scanf.o
        64          0          0          0          0         84   _sgetc.o
        40          6         64          0          0         68   ctype_c.o
         0          0          0          0          0          0   entry.o
         0          0          0          0          0          0   entry10a.o
         0          0          0          0          0          0   entry11a.o
         4          0          0          0          0          0   entry12b.o
         8          4          0          0          0          0   entry2.o
         4          0          0          0          0          0   entry5.o
         0          0          0          0          0          0   entry7b.o
         0          0          0          0          0          0   entry8b.o
         8          4          0          0          0          0   entry9a.o
        12          6          0          4          0         68   errno.o
        30          0          0          0          0          0   handlers.o
        36          8          0          0          0         68   init.o
        10          0          0          0          0         68   isspace_c.o
         0          0          0          0          0          0   iusefp.o
        30          0          0          0          0         68   llshl.o
        36          0          0          0          0         68   llsshr.o
        32          0          0          0          0         68   llushr.o
        36          0          0          0          0         68   memcpya.o
        36          0          0          0          0        108   memseta.o
      2344        100          0          0          0        700   printfa.o
        40          8          0          0          0         84   scanf_char.o
       878         12          0          0          0        216   scanf_fp.o
         0          0          0          4          0          0   stdout.o
        28          0          0          0          0         76   strcmp.o
        14          0          0          0          0         68   strlen.o
        22          0          0          0          0         68   strrchr.o
        44          0          0          0          0         80   uidiv.o
        98          0          0          0          0         92   uldiv.o
        48          0          0          0          0         68   cdrcmple.o
        56          0          0          0          0         88   d2f.o
       334          0          0          0          0        148   dadd.o
       222          0          0          0          0        100   ddiv.o
       186          0          0          0          0        176   depilogue.o
        48          0          0          0          0         68   dfixul.o
        24          0          0          0          0         76   dfltul.o
       228          0          0          0          0         96   dmul.o
        38          0          0          0          0         68   f2d.o
       110          0          0          0          0        168   fepilogue.o

    ----------------------------------------------------------------------
      6784        248         96          8          0       4036   Library Totals
         8          0          0          0          0          0   (incl. Padding)

    ----------------------------------------------------------------------

      Code (inc. data)   RO Data    RW Data    ZI Data      Debug   Library Name

       756         86         32          0          0        664   m_wm.l
      4726        162         64          8          0       2316   mc_w.l
      1294          0          0          0          0       1056   mf_w.l

    ----------------------------------------------------------------------
      6784        248         96          8          0       4036   Library Totals

    ----------------------------------------------------------------------

==============================================================================


      Code (inc. data)   RO Data    RW Data    ZI Data      Debug   

     44758       5046      11350        124     417180    1566005   Grand Totals
     44758       5046      11350        124     417180    1566005   ELF Image Totals
     44758       5046      11350        124          0          0   ROM Totals

==============================================================================

    Total RO  Size (Code + RO Data)                56108 (  54.79kB)
    Total RW  Size (RW Data + ZI Data)            417304 ( 407.52kB)
    Total ROM Size (Code + RO Data + RW Data)      56232 (  54.91kB)

==============================================================================

