<html>
<body>
<pre>
<h1>�Vision Build Log</h1>
<h2>Tool Versions:</h2>
IDE-Version: ��Vision V5.43.1.0
Copyright (C) 2025 ARM Ltd and ARM Germany GmbH. All rights reserved.
License Information: a a, a, LIC=LSNXV-P5MP5-Z91G9-4696U-E4BUV-25S1R
 
Tool Versions:
Toolchain:       MDK-ARM Plus  Version: 5.43.0.0
Toolchain Path:  D:\keil\Keil_v5\ARM\ARMCC\Bin
C Compiler:      Armcc.exe V5.06 update 7 (build 960)
Assembler:       Armasm.exe V5.06 update 7 (build 960)
Linker/Locator:  ArmLink.exe V5.06 update 7 (build 960)
Library Manager: ArmAr.exe V5.06 update 7 (build 960)
Hex Converter:   FromElf.exe V5.06 update 7 (build 960)
CPU DLL:         SARMCM3.DLL V5.43.0.0
Dialog DLL:      DCM.DLL V1.17.5.0
Target DLL:      Segger\JL2CM3.dll V2.99.45.0
Dialog DLL:      TCM.DLL V1.56.6.0
 
<h2>Project:</h2>
E:\ProJect\STM32H7\ECG_H7_finished_�޸Ĺ���Ա��֤\ECG_H7_finished_�޸��߼� - ����\MDK-ARM\ECG_H7.uvprojx
Project File Date:  07/24/2026

<h2>Output:</h2>
*** Using Compiler 'V5.06 update 7 (build 960)', folder: 'D:\keil\Keil_v5\ARM\ARMCC\Bin'
Rebuild target 'ECG_H7'
assembling startup_stm32h750xx.s...
compiling stm32h7xx_hal_gpio.c...
../Drivers/CMSIS/Device/ST/STM32H7xx/Include/stm32h750xx.h(221): warning:  #47-D: incompatible redefinition of macro "__FPU_PRESENT" 
  #define __FPU_PRESENT             1U       /*!< FPU present                                   */
../Drivers/STM32H7xx_HAL_Driver/Src/stm32h7xx_hal_gpio.c: 1 warning, 0 errors
compiling stm32h7xx_hal_dma_ex.c...
../Drivers/CMSIS/Device/ST/STM32H7xx/Include/stm32h750xx.h(221): warning:  #47-D: incompatible redefinition of macro "__FPU_PRESENT" 
  #define __FPU_PRESENT             1U       /*!< FPU present                                   */
../Drivers/STM32H7xx_HAL_Driver/Src/stm32h7xx_hal_dma_ex.c: 1 warning, 0 errors
compiling stm32h7xx_hal_exti.c...
../Drivers/CMSIS/Device/ST/STM32H7xx/Include/stm32h750xx.h(221): warning:  #47-D: incompatible redefinition of macro "__FPU_PRESENT" 
  #define __FPU_PRESENT             1U       /*!< FPU present                                   */
../Drivers/STM32H7xx_HAL_Driver/Src/stm32h7xx_hal_exti.c: 1 warning, 0 errors
compiling usart.c...
../Drivers/CMSIS/Device/ST/STM32H7xx/Include/stm32h750xx.h(221): warning:  #47-D: incompatible redefinition of macro "__FPU_PRESENT" 
  #define __FPU_PRESENT             1U       /*!< FPU present                                   */
../Core/Src/usart.c: 1 warning, 0 errors
compiling stm32h7xx_hal_mdma.c...
../Drivers/CMSIS/Device/ST/STM32H7xx/Include/stm32h750xx.h(221): warning:  #47-D: incompatible redefinition of macro "__FPU_PRESENT" 
  #define __FPU_PRESENT             1U       /*!< FPU present                                   */
../Drivers/STM32H7xx_HAL_Driver/Src/stm32h7xx_hal_mdma.c: 1 warning, 0 errors
compiling stm32h7xx_hal_hsem.c...
../Drivers/CMSIS/Device/ST/STM32H7xx/Include/stm32h750xx.h(221): warning:  #47-D: incompatible redefinition of macro "__FPU_PRESENT" 
  #define __FPU_PRESENT             1U       /*!< FPU present                                   */
../Drivers/STM32H7xx_HAL_Driver/Src/stm32h7xx_hal_hsem.c: 1 warning, 0 errors
compiling stm32h7xx_hal_rcc.c...
../Drivers/CMSIS/Device/ST/STM32H7xx/Include/stm32h750xx.h(221): warning:  #47-D: incompatible redefinition of macro "__FPU_PRESENT" 
  #define __FPU_PRESENT             1U       /*!< FPU present                                   */
../Drivers/STM32H7xx_HAL_Driver/Src/stm32h7xx_hal_rcc.c: 1 warning, 0 errors
compiling stm32h7xx_hal_i2c_ex.c...
../Drivers/CMSIS/Device/ST/STM32H7xx/Include/stm32h750xx.h(221): warning:  #47-D: incompatible redefinition of macro "__FPU_PRESENT" 
  #define __FPU_PRESENT             1U       /*!< FPU present                                   */
../Drivers/STM32H7xx_HAL_Driver/Src/stm32h7xx_hal_i2c_ex.c: 1 warning, 0 errors
compiling stm32h7xx_hal_cortex.c...
../Drivers/CMSIS/Device/ST/STM32H7xx/Include/stm32h750xx.h(221): warning:  #47-D: incompatible redefinition of macro "__FPU_PRESENT" 
  #define __FPU_PRESENT             1U       /*!< FPU present                                   */
../Drivers/STM32H7xx_HAL_Driver/Src/stm32h7xx_hal_cortex.c: 1 warning, 0 errors
compiling stm32h7xx_hal_flash_ex.c...
../Drivers/CMSIS/Device/ST/STM32H7xx/Include/stm32h750xx.h(221): warning:  #47-D: incompatible redefinition of macro "__FPU_PRESENT" 
  #define __FPU_PRESENT             1U       /*!< FPU present                                   */
../Drivers/STM32H7xx_HAL_Driver/Src/stm32h7xx_hal_flash_ex.c: 1 warning, 0 errors
compiling stm32h7xx_hal_spi_ex.c...
../Drivers/CMSIS/Device/ST/STM32H7xx/Include/stm32h750xx.h(221): warning:  #47-D: incompatible redefinition of macro "__FPU_PRESENT" 
  #define __FPU_PRESENT             1U       /*!< FPU present                                   */
../Drivers/STM32H7xx_HAL_Driver/Src/stm32h7xx_hal_spi_ex.c: 1 warning, 0 errors
compiling stm32h7xx_hal_flash.c...
../Drivers/CMSIS/Device/ST/STM32H7xx/Include/stm32h750xx.h(221): warning:  #47-D: incompatible redefinition of macro "__FPU_PRESENT" 
  #define __FPU_PRESENT             1U       /*!< FPU present                                   */
../Drivers/STM32H7xx_HAL_Driver/Src/stm32h7xx_hal_flash.c: 1 warning, 0 errors
compiling pcanet_inference.c...
..\Headware\src\pcanet_inference.c(315): warning:  #1-D: last line of file ends without a newline
  }
..\Headware\src\pcanet_inference.c: 1 warning, 0 errors
compiling stm32h7xx_hal_msp.c...
../Drivers/CMSIS/Device/ST/STM32H7xx/Include/stm32h750xx.h(221): warning:  #47-D: incompatible redefinition of macro "__FPU_PRESENT" 
  #define __FPU_PRESENT             1U       /*!< FPU present                                   */
../Core/Src/stm32h7xx_hal_msp.c: 1 warning, 0 errors
compiling spi.c...
../Drivers/CMSIS/Device/ST/STM32H7xx/Include/stm32h750xx.h(221): warning:  #47-D: incompatible redefinition of macro "__FPU_PRESENT" 
  #define __FPU_PRESENT             1U       /*!< FPU present                                   */
../Core/Src/spi.c: 1 warning, 0 errors
compiling stm32h7xx_it.c...
../Drivers/CMSIS/Device/ST/STM32H7xx/Include/stm32h750xx.h(221): warning:  #47-D: incompatible redefinition of macro "__FPU_PRESENT" 
  #define __FPU_PRESENT             1U       /*!< FPU present                                   */
../Core/Src/stm32h7xx_it.c: 1 warning, 0 errors
compiling stm32h7xx_hal_spi.c...
../Drivers/CMSIS/Device/ST/STM32H7xx/Include/stm32h750xx.h(221): warning:  #47-D: incompatible redefinition of macro "__FPU_PRESENT" 
  #define __FPU_PRESENT             1U       /*!< FPU present                                   */
../Drivers/STM32H7xx_HAL_Driver/Src/stm32h7xx_hal_spi.c: 1 warning, 0 errors
compiling main.c...
../Drivers/CMSIS/Device/ST/STM32H7xx/Include/stm32h750xx.h(221): warning:  #47-D: incompatible redefinition of macro "__FPU_PRESENT" 
  #define __FPU_PRESENT             1U       /*!< FPU present                                   */
../Core/Src/main.c: 1 warning, 0 errors
compiling stm32h7xx_hal_pwr_ex.c...
../Drivers/CMSIS/Device/ST/STM32H7xx/Include/stm32h750xx.h(221): warning:  #47-D: incompatible redefinition of macro "__FPU_PRESENT" 
  #define __FPU_PRESENT             1U       /*!< FPU present                                   */
../Drivers/STM32H7xx_HAL_Driver/Src/stm32h7xx_hal_pwr_ex.c: 1 warning, 0 errors
compiling stm32h7xx_hal_pwr.c...
../Drivers/CMSIS/Device/ST/STM32H7xx/Include/stm32h750xx.h(221): warning:  #47-D: incompatible redefinition of macro "__FPU_PRESENT" 
  #define __FPU_PRESENT             1U       /*!< FPU present                                   */
../Drivers/STM32H7xx_HAL_Driver/Src/stm32h7xx_hal_pwr.c: 1 warning, 0 errors
compiling stm32h7xx_hal.c...
../Drivers/CMSIS/Device/ST/STM32H7xx/Include/stm32h750xx.h(221): warning:  #47-D: incompatible redefinition of macro "__FPU_PRESENT" 
  #define __FPU_PRESENT             1U       /*!< FPU present                                   */
../Drivers/STM32H7xx_HAL_Driver/Src/stm32h7xx_hal.c: 1 warning, 0 errors
compiling BasicMathFunctionsF16.c...
compiling BasicMathFunctions.c...
compiling BayesFunctions.c...
compiling BayesFunctionsF16.c...
compiling gpio.c...
../Drivers/CMSIS/Device/ST/STM32H7xx/Include/stm32h750xx.h(221): warning:  #47-D: incompatible redefinition of macro "__FPU_PRESENT" 
  #define __FPU_PRESENT             1U       /*!< FPU present                                   */
../Core/Src/gpio.c: 1 warning, 0 errors
compiling CommonTablesF16.c...
compiling stm32h7xx_hal_i2c.c...
../Drivers/CMSIS/Device/ST/STM32H7xx/Include/stm32h750xx.h(221): warning:  #47-D: incompatible redefinition of macro "__FPU_PRESENT" 
  #define __FPU_PRESENT             1U       /*!< FPU present                                   */
../Drivers/STM32H7xx_HAL_Driver/Src/stm32h7xx_hal_i2c.c: 1 warning, 0 errors
compiling ComplexMathFunctionsF16.c...
compiling ComplexMathFunctions.c...
compiling ControllerFunctions.c...
compiling DistanceFunctionsF16.c...
compiling CommonTables.c...
compiling DistanceFunctions.c...
D:/keil/Packs/ARM/CMSIS-DSP/1.16.2/Source/DistanceFunctions/DistanceFunctions.c(54): warning:  #1-D: last line of file ends without a newline
  #include "arm_dtw_init_window_q7.c"
D:/keil/Packs/ARM/CMSIS-DSP/1.16.2/Source/DistanceFunctions/DistanceFunctions.c: 1 warning, 0 errors
compiling FastMathFunctionsF16.c...
D:/keil/Packs/ARM/CMSIS-DSP/1.16.2/Source/FastMathFunctions/arm_vexp_f16.c(95): warning:  #1-D: last line of file ends without a newline
   */
D:/keil/Packs/ARM/CMSIS-DSP/1.16.2/Source/FastMathFunctions/FastMathFunctionsF16.c: 1 warning, 0 errors
compiling FastMathFunctions.c...
D:/keil/Packs/ARM/CMSIS-DSP/1.16.2/Source/FastMathFunctions/arm_vexp_f32.c(122): warning:  #1-D: last line of file ends without a newline
   */
D:/keil/Packs/ARM/CMSIS-DSP/1.16.2/Source/FastMathFunctions/FastMathFunctions.c: 1 warning, 0 errors
compiling FilteringFunctionsF16.c...
compiling InterpolationFunctionsF16.c...
compiling InterpolationFunctions.c...
compiling MatrixFunctionsF16.c...
D:/keil/Packs/ARM/CMSIS-DSP/1.16.2/Source/MatrixFunctions/MatrixFunctionsF16.c(43): warning:  #1-D: last line of file ends without a newline
  #include "arm_householder_f16.c"
D:/keil/Packs/ARM/CMSIS-DSP/1.16.2/Source/MatrixFunctions/MatrixFunctionsF16.c: 1 warning, 0 errors
compiling QuaternionMathFunctions.c...
compiling SVMFunctions.c...
compiling SVMFunctionsF16.c...
compiling StatisticsFunctionsF16.c...
compiling SupportFunctionsF16.c...
compiling MatrixFunctions.c...
compiling SupportFunctions.c...
compiling StatisticsFunctions.c...
compiling TransformFunctionsF16.c...
D:/keil/Packs/ARM/CMSIS-DSP/1.16.2/Source/TransformFunctions/arm_cfft_init_f16.c(354): warning:  #1-D: last line of file ends without a newline
   */
D:/keil/Packs/ARM/CMSIS-DSP/1.16.2/Source/TransformFunctions/TransformFunctionsF16.c: 1 warning, 0 errors
compiling WindowFunctions.c...
compiling FilteringFunctions.c...
compiling stm32h7xx_hal_rcc_ex.c...
../Drivers/CMSIS/Device/ST/STM32H7xx/Include/stm32h750xx.h(221): warning:  #47-D: incompatible redefinition of macro "__FPU_PRESENT" 
  #define __FPU_PRESENT             1U       /*!< FPU present                                   */
../Drivers/STM32H7xx_HAL_Driver/Src/stm32h7xx_hal_rcc_ex.c: 1 warning, 0 errors
compiling TransformFunctions.c...
D:/keil/Packs/ARM/CMSIS-DSP/1.16.2/Source/TransformFunctions/arm_cfft_init_f64.c(286): warning:  #1-D: last line of file ends without a newline
   */
D:/keil/Packs/ARM/CMSIS-DSP/1.16.2/Source/TransformFunctions/arm_cfft_init_q15.c(338): warning:  #1-D: last line of file ends without a newline
   */
D:/keil/Packs/ARM/CMSIS-DSP/1.16.2/Source/TransformFunctions/arm_cfft_init_q31.c(341): warning:  #1-D: last line of file ends without a newline
   */
D:/keil/Packs/ARM/CMSIS-DSP/1.16.2/Source/TransformFunctions/arm_rfft_fast_init_f32.c(312): warning:  #111-D: statement is unreachable
      break;
D:/keil/Packs/ARM/CMSIS-DSP/1.16.2/Source/TransformFunctions/arm_rfft_fast_init_f64.c(316): warning:  #111-D: statement is unreachable
      break;
D:/keil/Packs/ARM/CMSIS-DSP/1.16.2/Source/TransformFunctions/TransformFunctions.c: 5 warnings, 0 errors
compiling stm32h7xx_hal_dma.c...
../Drivers/CMSIS/Device/ST/STM32H7xx/Include/stm32h750xx.h(221): warning:  #47-D: incompatible redefinition of macro "__FPU_PRESENT" 
  #define __FPU_PRESENT             1U       /*!< FPU present                                   */
../Drivers/STM32H7xx_HAL_Driver/Src/stm32h7xx_hal_dma.c: 1 warning, 0 errors
compiling stm32h7xx_hal_uart_ex.c...
../Drivers/CMSIS/Device/ST/STM32H7xx/Include/stm32h750xx.h(221): warning:  #47-D: incompatible redefinition of macro "__FPU_PRESENT" 
  #define __FPU_PRESENT             1U       /*!< FPU present                                   */
../Drivers/STM32H7xx_HAL_Driver/Src/stm32h7xx_hal_uart_ex.c: 1 warning, 0 errors
compiling stm32h7xx_hal_tim.c...
../Drivers/CMSIS/Device/ST/STM32H7xx/Include/stm32h750xx.h(221): warning:  #47-D: incompatible redefinition of macro "__FPU_PRESENT" 
  #define __FPU_PRESENT             1U       /*!< FPU present                                   */
../Drivers/STM32H7xx_HAL_Driver/Src/stm32h7xx_hal_tim.c: 1 warning, 0 errors
compiling stm32h7xx_hal_tim_ex.c...
../Drivers/CMSIS/Device/ST/STM32H7xx/Include/stm32h750xx.h(221): warning:  #47-D: incompatible redefinition of macro "__FPU_PRESENT" 
  #define __FPU_PRESENT             1U       /*!< FPU present                                   */
../Drivers/STM32H7xx_HAL_Driver/Src/stm32h7xx_hal_tim_ex.c: 1 warning, 0 errors
compiling SD.c...
../Drivers/CMSIS/Device/ST/STM32H7xx/Include/stm32h750xx.h(221): warning:  #47-D: incompatible redefinition of macro "__FPU_PRESENT" 
  #define __FPU_PRESENT             1U       /*!< FPU present                                   */
..\Headware\src\SD.c: 1 warning, 0 errors
compiling userspi.c...
../Drivers/CMSIS/Device/ST/STM32H7xx/Include/stm32h750xx.h(221): warning:  #47-D: incompatible redefinition of macro "__FPU_PRESENT" 
  #define __FPU_PRESENT             1U       /*!< FPU present                                   */
..\Headware\src\userspi.c: 1 warning, 0 errors
compiling system_stm32h7xx.c...
../Drivers/CMSIS/Device/ST/STM32H7xx/Include/stm32h750xx.h(221): warning:  #47-D: incompatible redefinition of macro "__FPU_PRESENT" 
  #define __FPU_PRESENT             1U       /*!< FPU present                                   */
../Core/Src/system_stm32h7xx.c: 1 warning, 0 errors
compiling diskio.c...
../Drivers/CMSIS/Device/ST/STM32H7xx/Include/stm32h750xx.h(221): warning:  #47-D: incompatible redefinition of macro "__FPU_PRESENT" 
  #define __FPU_PRESENT             1U       /*!< FPU present                                   */
../Middlewares/Third_Party/FatFs/src/diskio.c: 1 warning, 0 errors
compiling ccsbcs.c...
../Drivers/CMSIS/Device/ST/STM32H7xx/Include/stm32h750xx.h(221): warning:  #47-D: incompatible redefinition of macro "__FPU_PRESENT" 
  #define __FPU_PRESENT             1U       /*!< FPU present                                   */
../Middlewares/Third_Party/FatFs/src/option/ccsbcs.c: 1 warning, 0 errors
compiling ads1292.c...
../Drivers/CMSIS/Device/ST/STM32H7xx/Include/stm32h750xx.h(221): warning:  #47-D: incompatible redefinition of macro "__FPU_PRESENT" 
  #define __FPU_PRESENT             1U       /*!< FPU present                                   */
..\Headware\src\ads1292.c: 1 warning, 0 errors
compiling user_diskio.c...
../Drivers/CMSIS/Device/ST/STM32H7xx/Include/stm32h750xx.h(221): warning:  #47-D: incompatible redefinition of macro "__FPU_PRESENT" 
  #define __FPU_PRESENT             1U       /*!< FPU present                                   */
../FATFS/Target/user_diskio.c: 1 warning, 0 errors
compiling ff_gen_drv.c...
../Drivers/CMSIS/Device/ST/STM32H7xx/Include/stm32h750xx.h(221): warning:  #47-D: incompatible redefinition of macro "__FPU_PRESENT" 
  #define __FPU_PRESENT             1U       /*!< FPU present                                   */
../Middlewares/Third_Party/FatFs/src/ff_gen_drv.c: 1 warning, 0 errors
compiling fatfs.c...
../Drivers/CMSIS/Device/ST/STM32H7xx/Include/stm32h750xx.h(221): warning:  #47-D: incompatible redefinition of macro "__FPU_PRESENT" 
  #define __FPU_PRESENT             1U       /*!< FPU present                                   */
../FATFS/App/fatfs.c: 1 warning, 0 errors
compiling syscall.c...
../Drivers/CMSIS/Device/ST/STM32H7xx/Include/stm32h750xx.h(221): warning:  #47-D: incompatible redefinition of macro "__FPU_PRESENT" 
  #define __FPU_PRESENT             1U       /*!< FPU present                                   */
../Middlewares/Third_Party/FatFs/src/option/syscall.c: 1 warning, 0 errors
compiling task.c...
../Drivers/CMSIS/Device/ST/STM32H7xx/Include/stm32h750xx.h(221): warning:  #47-D: incompatible redefinition of macro "__FPU_PRESENT" 
  #define __FPU_PRESENT             1U       /*!< FPU present                                   */
..\Headware\src\task.c(205): warning:  #177-D: variable "i"  was declared but never referenced
              uint16_t i;
..\Headware\src\task.c(243): warning:  #940-D: missing return statement at end of non-void function "ecg_showwave_task" 
  }
..\Headware\src\task.c(359): warning:  #870-D: invalid multibyte character sequence
                          DBG_Printf("  |- �? %d 组与基准心跳的空间距�?: %.1f\r\n", valid_templates + 1, dist);
..\Headware\src\task.c(359): warning:  #870-D: invalid multibyte character sequence
                          DBG_Printf("  |- �? %d 组与基准心跳的空间距�?: %.1f\r\n", valid_templates + 1, dist);
..\Headware\src\task.c(415): warning:  #870-D: invalid multibyte character sequence
                      DBG_Printf("\r\n=== 专属动态门限分�? ===\r\n");
..\Headware\src\task.c(416): warning:  #870-D: invalid multibyte character sequence
                      DBG_Printf("  |- 用户最大心跳变异距�?: %.1f\r\n", max_intra_distance);
..\Headware\src\task.c(428): warning:  #870-D: invalid multibyte character sequence
                          DBG_Printf(">>> 专属门限已存�? %s\r\n", filename_cfg);
..\Headware\src\task.c(505): warning:  #870-D: invalid multibyte character sequence
              DBG_Printf(">> 动态安全策略：已加�? [%s] 专属自适应门限 -> %.1f\r\n", user_name, current_threshold);
..\Headware\src\task.c(519): warning:  #177-D: variable "tpl_read_ok"  was declared but never referenced
                      uint32_t tpl_read_ok = 0;
..\Headware\src\task.c: 10 warnings, 0 errors
compiling HMI.c...
../Drivers/CMSIS/Device/ST/STM32H7xx/Include/stm32h750xx.h(221): warning:  #47-D: incompatible redefinition of macro "__FPU_PRESENT" 
  #define __FPU_PRESENT             1U       /*!< FPU present                                   */
..\Headware\src\HMI.c(225): warning:  #870-D: invalid multibyte character sequence
          DBG_Printf("[HMI]   等待接收用户�?...\r\n");
..\Headware\src\HMI.c(232): warning:  #870-D: invalid multibyte character sequence
              DBG_Printf("[HMI]   用户�?: %s, 权限: %d\r\n", g_username, permission);
..\Headware\src\HMI.c(240): warning:  #870-D: invalid multibyte character sequence
          DBG_Printf("发�? page wave 到串口屏和天问\r\n");
..\Headware\src\HMI.c(249): warning:  #870-D: invalid multibyte character sequence
          DBG_Printf("发�? 数据�? 到串口屏和天问\r\n");
..\Headware\src\HMI.c(249): warning:  #870-D: invalid multibyte character sequence
          DBG_Printf("发�? 数据�? 到串口屏和天问\r\n");
..\Headware\src\HMI.c(276): warning:  #870-D: invalid multibyte character sequence
                      DBG_Printf("验证拦截：普通用�?(%s)尝试进入管理界面 -> page default\r\n", g_username);
..\Headware\src\HMI.c(314): warning:  #870-D: invalid multibyte character sequence
          DBG_Printf("[HMI]   等待接收用户�?...\r\n");
..\Headware\src\HMI.c(320): warning:  #870-D: invalid multibyte character sequence
              DBG_Printf("[HMI]   用户�?: %s, 权限: %d\r\n", g_username, permission);
..\Headware\src\HMI.c(336): warning:  #870-D: invalid multibyte character sequence
          DBG_Printf("[HMI]   发�? page wave\r\n");
..\Headware\src\HMI.c(381): warning:  #870-D: invalid multibyte character sequence
          DBG_Printf("[HMI]   模拟: 向天问发送开锁指�?, 电磁锁打开\r\n");
..\Headware\src\HMI.c(481): warning:  #870-D: invalid multibyte character sequence
          DBG_Printf("[HMI]   读取SD卡所有用户列�?...\r\n");
..\Headware\src\HMI.c(497): warning:  #870-D: invalid multibyte character sequence
              DBG_Printf("[HMI]   SD卡用户列�?:\r\n");
..\Headware\src\HMI.c(521): warning:  #870-D: invalid multibyte character sequence
          DBG_Printf("[HMI]   �? %d 个用户\r\n", user_count);
..\Headware\src\HMI.c(603): warning:  #870-D: invalid multibyte character sequence
      DBG_Printf("[HMI] HMI模块初始化完�?, 等待指令...\r\n");
..\Headware\src\HMI.c: 15 warnings, 0 errors
compiling stm32h7xx_hal_uart.c...
../Drivers/CMSIS/Device/ST/STM32H7xx/Include/stm32h750xx.h(221): warning:  #47-D: incompatible redefinition of macro "__FPU_PRESENT" 
  #define __FPU_PRESENT             1U       /*!< FPU present                                   */
../Drivers/STM32H7xx_HAL_Driver/Src/stm32h7xx_hal_uart.c: 1 warning, 0 errors
compiling ff.c...
../Drivers/CMSIS/Device/ST/STM32H7xx/Include/stm32h750xx.h(221): warning:  #47-D: incompatible redefinition of macro "__FPU_PRESENT" 
  #define __FPU_PRESENT             1U       /*!< FPU present                                   */
../Middlewares/Third_Party/FatFs/src/ff.c: 1 warning, 0 errors
linking...
Program Size: Code=44758 RO-data=11350 RW-data=124 ZI-data=417180  
FromELF: creating hex file...
"ECG_H7\ECG_H7.axf" - 0 Error(s), 75 Warning(s).

<h2>Software Packages used:</h2>

Package Vendor: ARM
                https://www.keil.com/pack/ARM.CMSIS.6.2.0.pack
                ARM::CMSIS@6.2.0
                CMSIS (Common Microcontroller Software Interface Standard)
   * Component: CORE Version: 6.1.1

Package Vendor: ARM
                https://www.keil.com/pack/ARM.CMSIS-DSP.1.16.2.pack
                ARM::CMSIS-DSP@1.16.2
                CMSIS Embedded Compute Library
   * Component: DSP Variant: Source Version: 1.16.2

Package Vendor: Keil
                https://www.keil.com/pack/Keil.STM32H7xx_DFP.4.1.3.pack
                Keil::STM32H7xx_DFP@4.1.3
                STMicroelectronics STM32H7 Series Device Support

<h2>Collection of Component include folders:</h2>
  ./RTE/_ECG_H7
  D:/keil/Packs/ARM/CMSIS-DSP/1.16.2/Include
  D:/keil/Packs/ARM/CMSIS-DSP/1.16.2/PrivateInclude
  D:/keil/Packs/ARM/CMSIS/6.2.0/CMSIS/Core/Include

<h2>Collection of Component Files used:</h2>

   * Component: ARM::CMSIS:CORE@6.1.1
      Include file:  CMSIS/Core/Include/tz_context.h

   * Component: ARM::CMSIS:DSP&Source@1.16.2
      Source file:   Source/ComplexMathFunctions/ComplexMathFunctions.c
      Include file:  Include/arm_math_f16.h
      Include file:  Include/arm_common_tables.h
      Source file:   Source/ControllerFunctions/ControllerFunctions.c
      Source file:   Source/FilteringFunctions/FilteringFunctions.c
      Source file:   Source/SupportFunctions/SupportFunctions.c
      Source file:   Source/TransformFunctions/TransformFunctions.c
      Source file:   Source/MatrixFunctions/MatrixFunctions.c
      Include file:  Include/arm_const_structs.h
      Source file:   Source/QuaternionMathFunctions/QuaternionMathFunctions.c
      Source file:   Source/DistanceFunctions/DistanceFunctions.c
      Source file:   Source/BayesFunctions/BayesFunctions.c
      Source file:   Source/CommonTables/CommonTables.c
      Source file:   Source/FastMathFunctions/FastMathFunctions.c
      Source file:   Source/InterpolationFunctions/InterpolationFunctions.c
      Include file:  Include/arm_common_tables_f16.h
      Source file:   Source/StatisticsFunctions/StatisticsFunctions.c
      Source file:   Source/WindowFunctions/WindowFunctions.c
      Source file:   Source/SVMFunctions/SVMFunctions.c
      Source file:   Source/BasicMathFunctions/BasicMathFunctionsF16.c
      Source file:   Source/ComplexMathFunctions/ComplexMathFunctionsF16.c
      Source file:   Source/BasicMathFunctions/BasicMathFunctions.c
      Include file:  Include/arm_math.h
      Include file:  Include/arm_const_structs_f16.h
      Source file:   Source/FilteringFunctions/FilteringFunctionsF16.c
      Source file:   Source/CommonTables/CommonTablesF16.c
      Source file:   Source/BayesFunctions/BayesFunctionsF16.c
      Source file:   Source/TransformFunctions/TransformFunctionsF16.c
      Source file:   Source/FastMathFunctions/FastMathFunctionsF16.c
      Source file:   Source/InterpolationFunctions/InterpolationFunctionsF16.c
      Source file:   Source/DistanceFunctions/DistanceFunctionsF16.c
      Source file:   Source/SVMFunctions/SVMFunctionsF16.c
      Source file:   Source/SupportFunctions/SupportFunctionsF16.c
      Source file:   Source/StatisticsFunctions/StatisticsFunctionsF16.c
      Source file:   Source/MatrixFunctions/MatrixFunctionsF16.c
Build Time Elapsed:  00:00:21
</pre>
</body>
</html>
