Component: ARM Compiler 5.06 update 7 (build 960) Tool: armlink [4d3601]

==============================================================================

Section Cross References

    startup_stm32h750xx.o(RESET) refers to startup_stm32h750xx.o(STACK) for __initial_sp
    startup_stm32h750xx.o(RESET) refers to startup_stm32h750xx.o(.text) for Reset_Handler
    startup_stm32h750xx.o(RESET) refers to stm32h7xx_it.o(i.NMI_Handler) for NMI_Handler
    startup_stm32h750xx.o(RESET) refers to stm32h7xx_it.o(i.HardFault_Handler) for HardFault_Handler
    startup_stm32h750xx.o(RESET) refers to stm32h7xx_it.o(i.MemManage_Handler) for MemManage_Handler
    startup_stm32h750xx.o(RESET) refers to stm32h7xx_it.o(i.BusFault_Handler) for BusFault_Handler
    startup_stm32h750xx.o(RESET) refers to stm32h7xx_it.o(i.UsageFault_Handler) for UsageFault_Handler
    startup_stm32h750xx.o(RESET) refers to stm32h7xx_it.o(i.SVC_Handler) for SVC_Handler
    startup_stm32h750xx.o(RESET) refers to stm32h7xx_it.o(i.DebugMon_Handler) for DebugMon_Handler
    startup_stm32h750xx.o(RESET) refers to stm32h7xx_it.o(i.PendSV_Handler) for PendSV_Handler
    startup_stm32h750xx.o(RESET) refers to stm32h7xx_it.o(i.SysTick_Handler) for SysTick_Handler
    startup_stm32h750xx.o(RESET) refers to stm32h7xx_it.o(i.EXTI3_IRQHandler) for EXTI3_IRQHandler
    startup_stm32h750xx.o(.text) refers to system_stm32h7xx.o(i.ExitRun0Mode) for ExitRun0Mode
    startup_stm32h750xx.o(.text) refers to system_stm32h7xx.o(i.SystemInit) for SystemInit
    startup_stm32h750xx.o(.text) refers to entry.o(.ARM.Collect$$$$00000000) for __main
    main.o(i.HAL_GPIO_EXTI_Callback) refers to printf8.o(i.__0printf$8) for __2printf
    main.o(i.HAL_GPIO_EXTI_Callback) refers to main.o(.data) for .data
    main.o(i.SystemClock_Config) refers to memseta.o(.text) for __aeabi_memclr4
    main.o(i.SystemClock_Config) refers to stm32h7xx_hal_pwr_ex.o(i.HAL_PWREx_ConfigSupply) for HAL_PWREx_ConfigSupply
    main.o(i.SystemClock_Config) refers to stm32h7xx_hal_rcc.o(i.HAL_RCC_OscConfig) for HAL_RCC_OscConfig
    main.o(i.SystemClock_Config) refers to stm32h7xx_hal_rcc.o(i.HAL_RCC_ClockConfig) for HAL_RCC_ClockConfig
    main.o(i.main) refers to stm32h7xx_hal_cortex.o(i.HAL_MPU_Disable) for HAL_MPU_Disable
    main.o(i.main) refers to stm32h7xx_hal_cortex.o(i.HAL_MPU_ConfigRegion) for HAL_MPU_ConfigRegion
    main.o(i.main) refers to stm32h7xx_hal_cortex.o(i.HAL_MPU_Enable) for HAL_MPU_Enable
    main.o(i.main) refers to stm32h7xx_hal.o(i.HAL_Init) for HAL_Init
    main.o(i.main) refers to main.o(i.SystemClock_Config) for SystemClock_Config
    main.o(i.main) refers to gpio.o(i.MX_GPIO_Init) for MX_GPIO_Init
    main.o(i.main) refers to spi.o(i.MX_SPI1_Init) for MX_SPI1_Init
    main.o(i.main) refers to spi.o(i.MX_SPI2_Init) for MX_SPI2_Init
    main.o(i.main) refers to usart.o(i.MX_UART5_Init) for MX_UART5_Init
    main.o(i.main) refers to usart.o(i.MX_UART7_Init) for MX_UART7_Init
    main.o(i.main) refers to userspi.o(i.SPI_Init) for SPI_Init
    main.o(i.main) refers to ads1292.o(i.ADS1292_Init) for ADS1292_Init
    main.o(i.main) refers to ads1292.o(i.ADS1292_Set_start) for ADS1292_Set_start
    main.o(i.main) refers to filteringfunctions.o(i.arm_fir_init_f32) for arm_fir_init_f32
    main.o(i.main) refers to filteringfunctions.o(i.arm_fir_f32) for arm_fir_f32
    main.o(i.main) refers to stm32h7xx_hal_gpio.o(i.HAL_GPIO_WritePin) for HAL_GPIO_WritePin
    main.o(i.main) refers to userspi.o(i.SPI_ReadWriteByte) for SPI_ReadWriteByte
    main.o(i.main) refers to printf8.o(i.__0printf$8) for __2printf
    main.o(i.main) refers to stm32h7xx_hal.o(i.HAL_Delay) for HAL_Delay
    main.o(i.main) refers to spi.o(.bss) for hspi1
    main.o(i.main) refers to main.o(.data) for .data
    main.o(i.main) refers to main.o(.bss) for .bss
    main.o(i.main) refers to main.o(.constdata) for .constdata
    gpio.o(i.MX_GPIO_Init) refers to memseta.o(.text) for __aeabi_memclr4
    gpio.o(i.MX_GPIO_Init) refers to stm32h7xx_hal_gpio.o(i.HAL_GPIO_WritePin) for HAL_GPIO_WritePin
    gpio.o(i.MX_GPIO_Init) refers to stm32h7xx_hal_gpio.o(i.HAL_GPIO_Init) for HAL_GPIO_Init
    gpio.o(i.MX_GPIO_Init) refers to stm32h7xx_hal.o(i.HAL_SYSCFG_AnalogSwitchConfig) for HAL_SYSCFG_AnalogSwitchConfig
    gpio.o(i.MX_GPIO_Init) refers to stm32h7xx_hal_cortex.o(i.HAL_NVIC_SetPriority) for HAL_NVIC_SetPriority
    gpio.o(i.MX_GPIO_Init) refers to stm32h7xx_hal_cortex.o(i.HAL_NVIC_EnableIRQ) for HAL_NVIC_EnableIRQ
    spi.o(i.HAL_SPI_MspDeInit) refers to stm32h7xx_hal_gpio.o(i.HAL_GPIO_DeInit) for HAL_GPIO_DeInit
    spi.o(i.HAL_SPI_MspInit) refers to memseta.o(.text) for __aeabi_memclr4
    spi.o(i.HAL_SPI_MspInit) refers to stm32h7xx_hal_rcc_ex.o(i.HAL_RCCEx_PeriphCLKConfig) for HAL_RCCEx_PeriphCLKConfig
    spi.o(i.HAL_SPI_MspInit) refers to main.o(i.Error_Handler) for Error_Handler
    spi.o(i.HAL_SPI_MspInit) refers to stm32h7xx_hal_gpio.o(i.HAL_GPIO_Init) for HAL_GPIO_Init
[...]
    Removing windowfunctions.o(.rev16_text), (4 bytes).
    Removing windowfunctions.o(.revsh_text), (4 bytes).
    Removing windowfunctions.o(.rrx_text), (6 bytes).
    Removing windowfunctions.o(i.arm_bartlett_f32), (76 bytes).
    Removing windowfunctions.o(i.arm_bartlett_f64), (74 bytes).
    Removing windowfunctions.o(i.arm_blackman_harris_92db_f32), (152 bytes).
    Removing windowfunctions.o(i.arm_blackman_harris_92db_f64), (172 bytes).
    Removing windowfunctions.o(i.arm_hamming_f32), (104 bytes).
    Removing windowfunctions.o(i.arm_hamming_f64), (116 bytes).
    Removing windowfunctions.o(i.arm_hanning_f32), (96 bytes).
    Removing windowfunctions.o(i.arm_hanning_f64), (100 bytes).
    Removing windowfunctions.o(i.arm_hft116d_f32), (192 bytes).
    Removing windowfunctions.o(i.arm_hft116d_f64), (216 bytes).
    Removing windowfunctions.o(i.arm_hft144d_f32), (216 bytes).
    Removing windowfunctions.o(i.arm_hft144d_f64), (244 bytes).
    Removing windowfunctions.o(i.arm_hft169d_f32), (240 bytes).
    Removing windowfunctions.o(i.arm_hft169d_f64), (272 bytes).
    Removing windowfunctions.o(i.arm_hft196d_f32), (264 bytes).
    Removing windowfunctions.o(i.arm_hft196d_f64), (300 bytes).
    Removing windowfunctions.o(i.arm_hft223d_f32), (288 bytes).
    Removing windowfunctions.o(i.arm_hft223d_f64), (328 bytes).
    Removing windowfunctions.o(i.arm_hft248d_f32), (312 bytes).
    Removing windowfunctions.o(i.arm_hft248d_f64), (356 bytes).
    Removing windowfunctions.o(i.arm_hft90d_f32), (168 bytes).
    Removing windowfunctions.o(i.arm_hft90d_f64), (188 bytes).
    Removing windowfunctions.o(i.arm_hft95_f32), (168 bytes).
    Removing windowfunctions.o(i.arm_hft95_f64), (188 bytes).
    Removing windowfunctions.o(i.arm_nuttall3_f32), (116 bytes).
    Removing windowfunctions.o(i.arm_nuttall3_f64), (120 bytes).
    Removing windowfunctions.o(i.arm_nuttall3a_f32), (124 bytes).
    Removing windowfunctions.o(i.arm_nuttall3a_f64), (136 bytes).
    Removing windowfunctions.o(i.arm_nuttall3b_f32), (128 bytes).
    Removing windowfunctions.o(i.arm_nuttall3b_f64), (144 bytes).
    Removing windowfunctions.o(i.arm_nuttall4_f32), (140 bytes).
    Removing windowfunctions.o(i.arm_nuttall4_f64), (148 bytes).
    Removing windowfunctions.o(i.arm_nuttall4a_f32), (152 bytes).
    Removing windowfunctions.o(i.arm_nuttall4a_f64), (172 bytes).
    Removing windowfunctions.o(i.arm_nuttall4b_f32), (152 bytes).
    Removing windowfunctions.o(i.arm_nuttall4b_f64), (172 bytes).
    Removing windowfunctions.o(i.arm_nuttall4c_f32), (152 bytes).
    Removing windowfunctions.o(i.arm_nuttall4c_f64), (172 bytes).
    Removing windowfunctions.o(i.arm_welch_f32), (64 bytes).
    Removing windowfunctions.o(i.arm_welch_f64), (64 bytes).
    Removing ffixl.o(.text), (66 bytes).
    Removing dfixl.o(.text), (74 bytes).
    Removing dadd.o(.text), (334 bytes).
    Removing dmul.o(.text), (228 bytes).
    Removing ddiv.o(.text), (222 bytes).
    Removing dfixul.o(.text), (48 bytes).
    Removing cdrcmple.o(.text), (48 bytes).
    Removing fpstat.o(.text), (4 bytes).
    Removing depilogue.o(.text), (186 bytes).

1488 unused section(s) (total 1065310 bytes) removed from the image.

==============================================================================

Image Symbol Table

    Local Symbols

    Symbol Name                              Value     Ov Type        Size  Object(Section)

    ../Core/Src/gpio.c                       0x00000000   Number         0  gpio.o ABSOLUTE
    ../Core/Src/main.c                       0x00000000   Number         0  main.o ABSOLUTE
    ../Core/Src/spi.c                        0x00000000   Number         0  spi.o ABSOLUTE
    ../Core/Src/stm32h7xx_hal_msp.c          0x00000000   Number         0  stm32h7xx_hal_msp.o ABSOLUTE
    ../Core/Src/stm32h7xx_it.c               0x00000000   Number         0  stm32h7xx_it.o ABSOLUTE
    ../Core/Src/system_stm32h7xx.c           0x00000000   Number         0  system_stm32h7xx.o ABSOLUTE
    ../Core/Src/usart.c                      0x00000000   Number         0  usart.o ABSOLUTE
    ../Drivers/STM32H7xx_HAL_Driver/Src/stm32h7xx_hal.c 0x00000000   Number         0  stm32h7xx_hal.o ABSOLUTE
    ../Drivers/STM32H7xx_HAL_Driver/Src/stm32h7xx_hal_cortex.c 0x00000000   Number         0  stm32h7xx_hal_cortex.o ABSOLUTE
    ../Drivers/STM32H7xx_HAL_Driver/Src/stm32h7xx_hal_dma.c 0x00000000   Number         0  stm32h7xx_hal_dma.o ABSOLUTE
    ../Drivers/STM32H7xx_HAL_Driver/Src/stm32h7xx_hal_dma_ex.c 0x00000000   Number         0  stm32h7xx_hal_dma_ex.o ABSOLUTE
    ../Drivers/STM32H7xx_HAL_Driver/Src/stm32h7xx_hal_exti.c 0x00000000   Number         0  stm32h7xx_hal_exti.o ABSOLUTE
    ../Drivers/STM32H7xx_HAL_Driver/Src/stm32h7xx_hal_flash.c 0x00000000   Number         0  stm32h7xx_hal_flash.o ABSOLUTE
    ../Drivers/STM32H7xx_HAL_Driver/Src/stm32h7xx_hal_flash_ex.c 0x00000000   Number         0  stm32h7xx_hal_flash_ex.o ABSOLUTE
    ../Drivers/STM32H7xx_HAL_Driver/Src/stm32h7xx_hal_gpio.c 0x00000000   Number         0  stm32h7xx_hal_gpio.o ABSOLUTE
    ../Drivers/STM32H7xx_HAL_Driver/Src/stm32h7xx_hal_hsem.c 0x00000000   Number         0  stm32h7xx_hal_hsem.o ABSOLUTE
    ../Drivers/STM32H7xx_HAL_Driver/Src/stm32h7xx_hal_i2c.c 0x00000000   Number         0  stm32h7xx_hal_i2c.o ABSOLUTE
    ../Drivers/STM32H7xx_HAL_Driver/Src/stm32h7xx_hal_i2c_ex.c 0x00000000   Number         0  stm32h7xx_hal_i2c_ex.o ABSOLUTE
    ../Drivers/STM32H7xx_HAL_Driver/Src/stm32h7xx_hal_mdma.c 0x00000000   Number         0  stm32h7xx_hal_mdma.o ABSOLUTE
    ../Drivers/STM32H7xx_HAL_Driver/Src/stm32h7xx_hal_pwr.c 0x00000000   Number         0  stm32h7xx_hal_pwr.o ABSOLUTE
    ../Drivers/STM32H7xx_HAL_Driver/Src/stm32h7xx_hal_pwr_ex.c 0x00000000   Number         0  stm32h7xx_hal_pwr_ex.o ABSOLUTE
    ../Drivers/STM32H7xx_HAL_Driver/Src/stm32h7xx_hal_rcc.c 0x00000000   Number         0  stm32h7xx_hal_rcc.o ABSOLUTE
    ../Drivers/STM32H7xx_HAL_Driver/Src/stm32h7xx_hal_rcc_ex.c 0x00000000   Number         0  stm32h7xx_hal_rcc_ex.o ABSOLUTE
    ../Drivers/STM32H7xx_HAL_Driver/Src/stm32h7xx_hal_spi.c 0x00000000   Number         0  stm32h7xx_hal_spi.o ABSOLUTE
    ../Drivers/STM32H7xx_HAL_Driver/Src/stm32h7xx_hal_spi_ex.c 0x00000000   Number         0  stm32h7xx_hal_spi_ex.o ABSOLUTE
    ../Drivers/STM32H7xx_HAL_Driver/Src/stm32h7xx_hal_tim.c 0x00000000   Number         0  stm32h7xx_hal_tim.o ABSOLUTE
    ../Drivers/STM32H7xx_HAL_Driver/Src/stm32h7xx_hal_tim_ex.c 0x00000000   Number         0  stm32h7xx_hal_tim_ex.o ABSOLUTE
    ../Drivers/STM32H7xx_HAL_Driver/Src/stm32h7xx_hal_uart.c 0x00000000   Number         0  stm32h7xx_hal_uart.o ABSOLUTE
    ../Drivers/STM32H7xx_HAL_Driver/Src/stm32h7xx_hal_uart_ex.c 0x00000000   Number         0  stm32h7xx_hal_uart_ex.o ABSOLUTE
    ../clib/microlib/division.c              0x00000000   Number         0  uidiv.o ABSOLUTE
    ../clib/microlib/division.c              0x00000000   Number         0  ldiv.o ABSOLUTE
    ../clib/microlib/division.c              0x00000000   Number         0  uldiv.o ABSOLUTE
    ../clib/microlib/errno.c                 0x00000000   Number         0  errno.o ABSOLUTE
    ../clib/microlib/init/entry.s            0x00000000   Number         0  entry7a.o ABSOLUTE
    ../clib/microlib/init/entry.s            0x00000000   Number         0  entry11a.o ABSOLUTE
    ../clib/microlib/init/entry.s            0x00000000   Number         0  entry12b.o ABSOLUTE
    ../clib/microlib/init/entry.s            0x00000000   Number         0  entry12a.o ABSOLUTE
    ../clib/microlib/init/entry.s            0x00000000   Number         0  entry11b.o ABSOLUTE
    ../clib/microlib/init/entry.s            0x00000000   Number         0  entry8a.o ABSOLUTE
    ../clib/microlib/init/entry.s            0x00000000   Number         0  entry10b.o ABSOLUTE
    ../clib/microlib/init/entry.s            0x00000000   Number         0  entry10a.o ABSOLUTE
    ../clib/microlib/init/entry.s            0x00000000   Number         0  entry9b.o ABSOLUTE
    ../clib/microlib/init/entry.s            0x00000000   Number         0  entry9a.o ABSOLUTE
    ../clib/microlib/init/entry.s            0x00000000   Number         0  entry2.o ABSOLUTE
    ../clib/microlib/init/entry.s            0x00000000   Number         0  entry7b.o ABSOLUTE
    ../clib/microlib/init/entry.s            0x00000000   Number         0  entry5.o ABSOLUTE
    ../clib/microlib/init/entry.s            0x00000000   Number         0  entry.o ABSOLUTE
    ../clib/microlib/init/entry.s            0x00000000   Number         0  entry8b.o ABSOLUTE
    ../clib/microlib/longlong.c              0x00000000   Number         0  llshl.o ABSOLUTE
    ../clib/microlib/longlong.c              0x00000000   Number         0  llsshr.o ABSOLUTE
    ../clib/microlib/longlong.c              0x00000000   Number         0  llushr.o ABSOLUTE
    ../clib/microlib/printf/printf.c         0x00000000   Number         0  printf8.o ABSOLUTE
    ../clib/microlib/printf/printf.c         0x00000000   Number         0  printf7.o ABSOLUTE
    ../clib/microlib/printf/printf.c         0x00000000   Number         0  printf5.o ABSOLUTE
    ../clib/microlib/printf/printf.c         0x00000000   Number         0  printf4.o ABSOLUTE
    ../clib/microlib/printf/printf.c         0x00000000   Number         0  printf3.o ABSOLUTE
    ../clib/microlib/printf/printf.c         0x00000000   Number         0  printf2.o ABSOLUTE
    ../clib/microlib/printf/printf.c         0x00000000   Number         0  printf1.o ABSOLUTE
    ../clib/microlib/printf/printf.c         0x00000000   Number         0  printf0.o ABSOLUTE
    ../clib/microlib/printf/printf.c         0x00000000   Number         0  printfb.o ABSOLUTE
    ../clib/microlib/printf/printf.c         0x00000000   Number         0  printf6.o ABSOLUTE
    ../clib/microlib/printf/printf.c         0x00000000   Number         0  printfa.o ABSOLUTE
    ../clib/microlib/printf/stubs.s          0x00000000   Number         0  stubs.o ABSOLUTE
    ../clib/microlib/stdio/streams.c         0x00000000   Number         0  stdout.o ABSOLUTE
    ../clib/microlib/string/memcpy.c         0x00000000   Number         0  memcpyb.o ABSOLUTE
    ../clib/microlib/string/memcpy.c         0x00000000   Number         0  memcpya.o ABSOLUTE
    ../clib/microlib/string/memset.c         0x00000000   Number         0  memseta.o ABSOLUTE
    ../clib/microlib/stubs.s                 0x00000000   Number         0  iusefp.o ABSOLUTE
    ../fplib/microlib/fpadd.c                0x00000000   Number         0  dadd.o ABSOLUTE
    ../fplib/microlib/fpdiv.c                0x00000000   Number         0  ddiv.o ABSOLUTE
    ../fplib/microlib/fpepilogue.c           0x00000000   Number         0  depilogue.o ABSOLUTE
    ../fplib/microlib/fpfix.c                0x00000000   Number         0  dfixul.o ABSOLUTE
    ../fplib/microlib/fpfix.c                0x00000000   Number         0  ffixl.o ABSOLUTE
    ../fplib/microlib/fpfix.c                0x00000000   Number         0  dfixl.o ABSOLUTE
    ../fplib/microlib/fpmul.c                0x00000000   Number         0  dmul.o ABSOLUTE
    ../fplib/microlib/fpstat.c               0x00000000   Number         0  fpstat.o ABSOLUTE
    ../mathlib/cos.c                         0x00000000   Number         0  cos.o ABSOLUTE
    ../mathlib/cos.c                         0x00000000   Number         0  cos_x.o ABSOLUTE
    ../mathlib/cos_i.c                       0x00000000   Number         0  cos_i.o ABSOLUTE
    ../mathlib/cosf.c                        0x00000000   Number         0  cosf.o ABSOLUTE
    ../mathlib/cosf.c                        0x00000000   Number         0  cosf_x.o ABSOLUTE
    ../mathlib/dunder.c                      0x00000000   Number         0  dunder.o ABSOLUTE
    ../mathlib/exp.c                         0x00000000   Number         0  exp.o ABSOLUTE
    ../mathlib/exp.c                         0x00000000   Number         0  exp_x.o ABSOLUTE
    ../mathlib/expf.c                        0x00000000   Number         0  expf_x.o ABSOLUTE
    ../mathlib/expf.c                        0x00000000   Number         0  expf.o ABSOLUTE
    ../mathlib/fabs.c                        0x00000000   Number         0  fabs.o ABSOLUTE
    ../mathlib/fpclassify.c                  0x00000000   Number         0  fpclassify.o ABSOLUTE
    ../mathlib/fpclassifyf.c                 0x00000000   Number         0  fpclassifyf.o ABSOLUTE
    ../mathlib/funder.c                      0x00000000   Number         0  funder.o ABSOLUTE
    ../mathlib/log.c                         0x00000000   Number         0  log_x.o ABSOLUTE
    ../mathlib/log.c                         0x00000000   Number         0  log.o ABSOLUTE
    ../mathlib/logf.c                        0x00000000   Number         0  logf_x.o ABSOLUTE
    ../mathlib/logf.c                        0x00000000   Number         0  logf.o ABSOLUTE
    ../mathlib/poly.c                        0x00000000   Number         0  poly.o ABSOLUTE
    ../mathlib/powf.c                        0x00000000   Number         0  powf_x.o ABSOLUTE
    ../mathlib/powf.c                        0x00000000   Number         0  powf.o ABSOLUTE
    ../mathlib/qnan.c                        0x00000000   Number         0  qnan.o ABSOLUTE
    ../mathlib/rred.c                        0x00000000   Number         0  rred.o ABSOLUTE
    ../mathlib/rredf.c                       0x00000000   Number         0  rredf.o ABSOLUTE
    ../mathlib/sin_i.c                       0x00000000   Number         0  sin_i_x.o ABSOLUTE
    ../mathlib/sin_i.c                       0x00000000   Number         0  sin_i.o ABSOLUTE
    ../mathlib/sqrt.c                        0x00000000   Number         0  sqrt_x.o ABSOLUTE
    ../mathlib/sqrt.c                        0x00000000   Number         0  sqrt.o ABSOLUTE
    ../mathlib/sqrtf.c                       0x00000000   Number         0  sqrtf.o ABSOLUTE
    ../mathlib/sqrtf.c                       0x00000000   Number         0  sqrtf_x.o ABSOLUTE
    ../mathlib/tanhf.c                       0x00000000   Number         0  tanhf.o ABSOLUTE
    ../mathlib/tanhf.c                       0x00000000   Number         0  tanhf_x.o ABSOLUTE
    ..\Core\Src\gpio.c                       0x00000000   Number         0  gpio.o ABSOLUTE
    ..\Core\Src\main.c                       0x00000000   Number         0  main.o ABSOLUTE
    ..\Core\Src\spi.c                        0x00000000   Number         0  spi.o ABSOLUTE
    ..\Core\Src\stm32h7xx_hal_msp.c          0x00000000   Number         0  stm32h7xx_hal_msp.o ABSOLUTE
    ..\Core\Src\stm32h7xx_it.c               0x00000000   Number         0  stm32h7xx_it.o ABSOLUTE
    ..\Core\Src\system_stm32h7xx.c           0x00000000   Number         0  system_stm32h7xx.o ABSOLUTE
    ..\Core\Src\usart.c                      0x00000000   Number         0  usart.o ABSOLUTE
    ..\Drivers\STM32H7xx_HAL_Driver\Src\stm32h7xx_hal.c 0x00000000   Number         0  stm32h7xx_hal.o ABSOLUTE
    ..\Drivers\STM32H7xx_HAL_Driver\Src\stm32h7xx_hal_cortex.c 0x00000000   Number         0  stm32h7xx_hal_cortex.o ABSOLUTE
    ..\Drivers\STM32H7xx_HAL_Driver\Src\stm32h7xx_hal_dma.c 0x00000000   Number         0  stm32h7xx_hal_dma.o ABSOLUTE
    ..\Drivers\STM32H7xx_HAL_Driver\Src\stm32h7xx_hal_dma_ex.c 0x00000000   Number         0  stm32h7xx_hal_dma_ex.o ABSOLUTE
    ..\Drivers\STM32H7xx_HAL_Driver\Src\stm32h7xx_hal_exti.c 0x00000000   Number         0  stm32h7xx_hal_exti.o ABSOLUTE
    ..\Drivers\STM32H7xx_HAL_Driver\Src\stm32h7xx_hal_flash.c 0x00000000   Number         0  stm32h7xx_hal_flash.o ABSOLUTE
    ..\Drivers\STM32H7xx_HAL_Driver\Src\stm32h7xx_hal_flash_ex.c 0x00000000   Number         0  stm32h7xx_hal_flash_ex.o ABSOLUTE
    ..\Drivers\STM32H7xx_HAL_Driver\Src\stm32h7xx_hal_gpio.c 0x00000000   Number         0  stm32h7xx_hal_gpio.o ABSOLUTE
    ..\Drivers\STM32H7xx_HAL_Driver\Src\stm32h7xx_hal_hsem.c 0x00000000   Number         0  stm32h7xx_hal_hsem.o ABSOLUTE
    ..\Drivers\STM32H7xx_HAL_Driver\Src\stm32h7xx_hal_i2c.c 0x00000000   Number         0  stm32h7xx_hal_i2c.o ABSOLUTE
    ..\Drivers\STM32H7xx_HAL_Driver\Src\stm32h7xx_hal_i2c_ex.c 0x00000000   Number         0  stm32h7xx_hal_i2c_ex.o ABSOLUTE
    ..\Drivers\STM32H7xx_HAL_Driver\Src\stm32h7xx_hal_mdma.c 0x00000000   Number         0  stm32h7xx_hal_mdma.o ABSOLUTE
    ..\Drivers\STM32H7xx_HAL_Driver\Src\stm32h7xx_hal_pwr.c 0x00000000   Number         0  stm32h7xx_hal_pwr.o ABSOLUTE
    ..\Drivers\STM32H7xx_HAL_Driver\Src\stm32h7xx_hal_pwr_ex.c 0x00000000   Number         0  stm32h7xx_hal_pwr_ex.o ABSOLUTE
    ..\Drivers\STM32H7xx_HAL_Driver\Src\stm32h7xx_hal_rcc.c 0x00000000   Number         0  stm32h7xx_hal_rcc.o ABSOLUTE
    ..\Drivers\STM32H7xx_HAL_Driver\Src\stm32h7xx_hal_rcc_ex.c 0x00000000   Number         0  stm32h7xx_hal_rcc_ex.o ABSOLUTE
    ..\Drivers\STM32H7xx_HAL_Driver\Src\stm32h7xx_hal_spi.c 0x00000000   Number         0  stm32h7xx_hal_spi.o ABSOLUTE
    ..\Drivers\STM32H7xx_HAL_Driver\Src\stm32h7xx_hal_spi_ex.c 0x00000000   Number         0  stm32h7xx_hal_spi_ex.o ABSOLUTE
    ..\Drivers\STM32H7xx_HAL_Driver\Src\stm32h7xx_hal_tim.c 0x00000000   Number         0  stm32h7xx_hal_tim.o ABSOLUTE
    ..\Drivers\STM32H7xx_HAL_Driver\Src\stm32h7xx_hal_tim_ex.c 0x00000000   Number         0  stm32h7xx_hal_tim_ex.o ABSOLUTE
    ..\Drivers\STM32H7xx_HAL_Driver\Src\stm32h7xx_hal_uart.c 0x00000000   Number         0  stm32h7xx_hal_uart.o ABSOLUTE
    ..\Drivers\STM32H7xx_HAL_Driver\Src\stm32h7xx_hal_uart_ex.c 0x00000000   Number         0  stm32h7xx_hal_uart_ex.o ABSOLUTE
    ..\Headware\src\ads1292.c                0x00000000   Number         0  ads1292.o ABSOLUTE
    ..\Headware\src\userspi.c                0x00000000   Number         0  userspi.o ABSOLUTE
    ..\\Headware\\src\\ads1292.c             0x00000000   Number         0  ads1292.o ABSOLUTE
    ..\\Headware\\src\\userspi.c             0x00000000   Number         0  userspi.o ABSOLUTE
    D:/keil/Packs/ARM/CMSIS-DSP/1.16.2/Source/BasicMathFunctions/BasicMathFunctions.c 0x00000000   Number         0  basicmathfunctions.o ABSOLUTE
    D:/keil/Packs/ARM/CMSIS-DSP/1.16.2/Source/BasicMathFunctions/BasicMathFunctionsF16.c 0x00000000   Number         0  basicmathfunctionsf16.o ABSOLUTE
    D:/keil/Packs/ARM/CMSIS-DSP/1.16.2/Source/BayesFunctions/BayesFunctions.c 0x00000000   Number         0  bayesfunctions.o ABSOLUTE
    D:/keil/Packs/ARM/CMSIS-DSP/1.16.2/Source/BayesFunctions/BayesFunctionsF16.c 0x00000000   Number         0  bayesfunctionsf16.o ABSOLUTE
    D:/keil/Packs/ARM/CMSIS-DSP/1.16.2/Source/CommonTables/CommonTables.c 0x00000000   Number         0  commontables.o ABSOLUTE
    D:/keil/Packs/ARM/CMSIS-DSP/1.16.2/Source/CommonTables/CommonTablesF16.c 0x00000000   Number         0  commontablesf16.o ABSOLUTE
    D:/keil/Packs/ARM/CMSIS-DSP/1.16.2/Source/ComplexMathFunctions/ComplexMathFunctions.c 0x00000000   Number         0  complexmathfunctions.o ABSOLUTE
    D:/keil/Packs/ARM/CMSIS-DSP/1.16.2/Source/ComplexMathFunctions/ComplexMathFunctionsF16.c 0x00000000   Number         0  complexmathfunctionsf16.o ABSOLUTE
    D:/keil/Packs/ARM/CMSIS-DSP/1.16.2/Source/ControllerFunctions/ControllerFunctions.c 0x00000000   Number         0  controllerfunctions.o ABSOLUTE
    D:/keil/Packs/ARM/CMSIS-DSP/1.16.2/Source/DistanceFunctions/DistanceFunctions.c 0x00000000   Number         0  distancefunctions.o ABSOLUTE
    D:/keil/Packs/ARM/CMSIS-DSP/1.16.2/Source/DistanceFunctions/DistanceFunctionsF16.c 0x00000000   Number         0  distancefunctionsf16.o ABSOLUTE
    D:/keil/Packs/ARM/CMSIS-DSP/1.16.2/Source/FastMathFunctions/FastMathFunctions.c 0x00000000   Number         0  fastmathfunctions.o ABSOLUTE
    D:/keil/Packs/ARM/CMSIS-DSP/1.16.2/Source/FastMathFunctions/FastMathFunctionsF16.c 0x00000000   Number         0  fastmathfunctionsf16.o ABSOLUTE
    D:/keil/Packs/ARM/CMSIS-DSP/1.16.2/Source/FilteringFunctions/FilteringFunctions.c 0x00000000   Number         0  filteringfunctions.o ABSOLUTE
    D:/keil/Packs/ARM/CMSIS-DSP/1.16.2/Source/FilteringFunctions/FilteringFunctionsF16.c 0x00000000   Number         0  filteringfunctionsf16.o ABSOLUTE
    D:/keil/Packs/ARM/CMSIS-DSP/1.16.2/Source/InterpolationFunctions/InterpolationFunctions.c 0x00000000   Number         0  interpolationfunctions.o ABSOLUTE
    D:/keil/Packs/ARM/CMSIS-DSP/1.16.2/Source/InterpolationFunctions/InterpolationFunctionsF16.c 0x00000000   Number         0  interpolationfunctionsf16.o ABSOLUTE
    D:/keil/Packs/ARM/CMSIS-DSP/1.16.2/Source/MatrixFunctions/MatrixFunctions.c 0x00000000   Number         0  matrixfunctions.o ABSOLUTE
    D:/keil/Packs/ARM/CMSIS-DSP/1.16.2/Source/MatrixFunctions/MatrixFunctionsF16.c 0x00000000   Number         0  matrixfunctionsf16.o ABSOLUTE
    D:/keil/Packs/ARM/CMSIS-DSP/1.16.2/Source/QuaternionMathFunctions/QuaternionMathFunctions.c 0x00000000   Number         0  quaternionmathfunctions.o ABSOLUTE
    D:/keil/Packs/ARM/CMSIS-DSP/1.16.2/Source/SVMFunctions/SVMFunctions.c 0x00000000   Number         0  svmfunctions.o ABSOLUTE
    D:/keil/Packs/ARM/CMSIS-DSP/1.16.2/Source/SVMFunctions/SVMFunctionsF16.c 0x00000000   Number         0  svmfunctionsf16.o ABSOLUTE
    D:/keil/Packs/ARM/CMSIS-DSP/1.16.2/Source/StatisticsFunctions/StatisticsFunctions.c 0x00000000   Number         0  statisticsfunctions.o ABSOLUTE
    D:/keil/Packs/ARM/CMSIS-DSP/1.16.2/Source/StatisticsFunctions/StatisticsFunctionsF16.c 0x00000000   Number         0  statisticsfunctionsf16.o ABSOLUTE
    D:/keil/Packs/ARM/CMSIS-DSP/1.16.2/Source/SupportFunctions/SupportFunctions.c 0x00000000   Number         0  supportfunctions.o ABSOLUTE
    D:/keil/Packs/ARM/CMSIS-DSP/1.16.2/Source/SupportFunctions/SupportFunctionsF16.c 0x00000000   Number         0  supportfunctionsf16.o ABSOLUTE
    D:/keil/Packs/ARM/CMSIS-DSP/1.16.2/Source/TransformFunctions/TransformFunctions.c 0x00000000   Number         0  transformfunctions.o ABSOLUTE
    D:/keil/Packs/ARM/CMSIS-DSP/1.16.2/Source/TransformFunctions/TransformFunctionsF16.c 0x00000000   Number         0  transformfunctionsf16.o ABSOLUTE
    D:/keil/Packs/ARM/CMSIS-DSP/1.16.2/Source/WindowFunctions/WindowFunctions.c 0x00000000   Number         0  windowfunctions.o ABSOLUTE
    D:\keil\Packs\ARM\CMSIS-DSP\1.16.2\Source\BasicMathFunctions\BasicMathFunctions.c 0x00000000   Number         0  basicmathfunctions.o ABSOLUTE
    D:\keil\Packs\ARM\CMSIS-DSP\1.16.2\Source\BasicMathFunctions\BasicMathFunctionsF16.c 0x00000000   Number         0  basicmathfunctionsf16.o ABSOLUTE
    D:\keil\Packs\ARM\CMSIS-DSP\1.16.2\Source\BayesFunctions\BayesFunctions.c 0x00000000   Number         0  bayesfunctions.o ABSOLUTE
    D:\keil\Packs\ARM\CMSIS-DSP\1.16.2\Source\BayesFunctions\BayesFunctionsF16.c 0x00000000   Number         0  bayesfunctionsf16.o ABSOLUTE
    D:\keil\Packs\ARM\CMSIS-DSP\1.16.2\Source\CommonTables\CommonTables.c 0x00000000   Number         0  commontables.o ABSOLUTE
    D:\keil\Packs\ARM\CMSIS-DSP\1.16.2\Source\CommonTables\CommonTablesF16.c 0x00000000   Number         0  commontablesf16.o ABSOLUTE
    D:\keil\Packs\ARM\CMSIS-DSP\1.16.2\Source\ComplexMathFunctions\ComplexMathFunctions.c 0x00000000   Number         0  complexmathfunctions.o ABSOLUTE
    D:\keil\Packs\ARM\CMSIS-DSP\1.16.2\Source\ComplexMathFunctions\ComplexMathFunctionsF16.c 0x00000000   Number         0  complexmathfunctionsf16.o ABSOLUTE
    D:\keil\Packs\ARM\CMSIS-DSP\1.16.2\Source\ControllerFunctions\ControllerFunctions.c 0x00000000   Number         0  controllerfunctions.o ABSOLUTE
    D:\keil\Packs\ARM\CMSIS-DSP\1.16.2\Source\DistanceFunctions\DistanceFunctions.c 0x00000000   Number         0  distancefunctions.o ABSOLUTE
    D:\keil\Packs\ARM\CMSIS-DSP\1.16.2\Source\DistanceFunctions\DistanceFunctionsF16.c 0x00000000   Number         0  distancefunctionsf16.o ABSOLUTE
    D:\keil\Packs\ARM\CMSIS-DSP\1.16.2\Source\FastMathFunctions\FastMathFunctions.c 0x00000000   Number         0  fastmathfunctions.o ABSOLUTE
    D:\keil\Packs\ARM\CMSIS-DSP\1.16.2\Source\FastMathFunctions\FastMathFunctionsF16.c 0x00000000   Number         0  fastmathfunctionsf16.o ABSOLUTE
    D:\keil\Packs\ARM\CMSIS-DSP\1.16.2\Source\FilteringFunctions\FilteringFunctions.c 0x00000000   Number         0  filteringfunctions.o ABSOLUTE
    D:\keil\Packs\ARM\CMSIS-DSP\1.16.2\Source\FilteringFunctions\FilteringFunctionsF16.c 0x00000000   Number         0  filteringfunctionsf16.o ABSOLUTE
    D:\keil\Packs\ARM\CMSIS-DSP\1.16.2\Source\InterpolationFunctions\InterpolationFunctions.c 0x00000000   Number         0  interpolationfunctions.o ABSOLUTE
    D:\keil\Packs\ARM\CMSIS-DSP\1.16.2\Source\InterpolationFunctions\InterpolationFunctionsF16.c 0x00000000   Number         0  interpolationfunctionsf16.o ABSOLUTE
    D:\keil\Packs\ARM\CMSIS-DSP\1.16.2\Source\MatrixFunctions\MatrixFunctions.c 0x00000000   Number         0  matrixfunctions.o ABSOLUTE
    D:\keil\Packs\ARM\CMSIS-DSP\1.16.2\Source\MatrixFunctions\MatrixFunctionsF16.c 0x00000000   Number         0  matrixfunctionsf16.o ABSOLUTE
    D:\keil\Packs\ARM\CMSIS-DSP\1.16.2\Source\QuaternionMathFunctions\QuaternionMathFunctions.c 0x00000000   Number         0  quaternionmathfunctions.o ABSOLUTE
    D:\keil\Packs\ARM\CMSIS-DSP\1.16.2\Source\SVMFunctions\SVMFunctions.c 0x00000000   Number         0  svmfunctions.o ABSOLUTE
    D:\keil\Packs\ARM\CMSIS-DSP\1.16.2\Source\SVMFunctions\SVMFunctionsF16.c 0x00000000   Number         0  svmfunctionsf16.o ABSOLUTE
    D:\keil\Packs\ARM\CMSIS-DSP\1.16.2\Source\StatisticsFunctions\StatisticsFunctions.c 0x00000000   Number         0  statisticsfunctions.o ABSOLUTE
    D:\keil\Packs\ARM\CMSIS-DSP\1.16.2\Source\StatisticsFunctions\StatisticsFunctionsF16.c 0x00000000   Number         0  statisticsfunctionsf16.o ABSOLUTE
    D:\keil\Packs\ARM\CMSIS-DSP\1.16.2\Source\SupportFunctions\SupportFunctions.c 0x00000000   Number         0  supportfunctions.o ABSOLUTE
    D:\keil\Packs\ARM\CMSIS-DSP\1.16.2\Source\SupportFunctions\SupportFunctionsF16.c 0x00000000   Number         0  supportfunctionsf16.o ABSOLUTE
    D:\keil\Packs\ARM\CMSIS-DSP\1.16.2\Source\TransformFunctions\TransformFunctions.c 0x00000000   Number         0  transformfunctions.o ABSOLUTE
    D:\keil\Packs\ARM\CMSIS-DSP\1.16.2\Source\TransformFunctions\TransformFunctionsF16.c 0x00000000   Number         0  transformfunctionsf16.o ABSOLUTE
    D:\keil\Packs\ARM\CMSIS-DSP\1.16.2\Source\WindowFunctions\WindowFunctions.c 0x00000000   Number         0  windowfunctions.o ABSOLUTE
    cdrcmple.s                               0x00000000   Number         0  cdrcmple.o ABSOLUTE
    dc.s                                     0x00000000   Number         0  dc.o ABSOLUTE
    handlers.s                               0x00000000   Number         0  handlers.o ABSOLUTE
    init.s                                   0x00000000   Number         0  init.o ABSOLUTE
    startup_stm32h750xx.s                    0x00000000   Number         0  startup_stm32h750xx.o ABSOLUTE
    RESET                                    0x08000000   Section      664  startup_stm32h750xx.o(RESET)
    .ARM.Collect$$$$00000000                 0x08000298   Section        0  entry.o(.ARM.Collect$$$$00000000)
    .ARM.Collect$$$$00000001                 0x08000298   Section        4  entry2.o(.ARM.Collect$$$$00000001)
    .ARM.Collect$$$$00000004                 0x0800029c   Section        4  entry5.o(.ARM.Collect$$$$00000004)
    .ARM.Collect$$$$00000008                 0x080002a0   Section        0  entry7b.o(.ARM.Collect$$$$00000008)
    .ARM.Collect$$$$0000000A                 0x080002a0   Section        0  entry8b.o(.ARM.Collect$$$$0000000A)
    .ARM.Collect$$$$0000000B                 0x080002a0   Section        8  entry9a.o(.ARM.Collect$$$$0000000B)
    .ARM.Collect$$$$0000000E                 0x080002a8   Section        4  entry12b.o(.ARM.Collect$$$$0000000E)
    .ARM.Collect$$$$0000000F                 0x080002ac   Section        0  entry10a.o(.ARM.Collect$$$$0000000F)
    .ARM.Collect$$$$00000011                 0x080002ac   Section        0  entry11a.o(.ARM.Collect$$$$00000011)
    .ARM.Collect$$$$00002712                 0x080002ac   Section        4  entry2.o(.ARM.Collect$$$$00002712)
    __lit__00000000                          0x080002ac   Data           4  entry2.o(.ARM.Collect$$$$00002712)
    .text                                    0x080002b0   Section       44  startup_stm32h750xx.o(.text)
    $v0                                      0x080002b0   Number         0  startup_stm32h750xx.o(.text)
    .text                                    0x080002dc   Section        0  uldiv.o(.text)
    .text                                    0x0800033e   Section        0  llshl.o(.text)
    .text                                    0x0800035c   Section        0  memseta.o(.text)
    .text                                    0x08000380   Section        0  llushr.o(.text)
    .text                                    0x080003a0   Section       36  init.o(.text)
    i.ADS1292_GPIO_Int                       0x080003c4   Section        0  ads1292.o(i.ADS1292_GPIO_Int)
    i.ADS1292_Init                           0x08000450   Section        0  ads1292.o(i.ADS1292_Init)
    i.ADS1292_Read_Byte                      0x0800067c   Section        0  ads1292.o(i.ADS1292_Read_Byte)
    i.ADS1292_Set_start                      0x080006cc   Section        0  ads1292.o(i.ADS1292_Set_start)
    i.ADS1292_Write_Byte                     0x0800070c   Section        0  ads1292.o(i.ADS1292_Write_Byte)
    i.BusFault_Handler                       0x08000760   Section        0  stm32h7xx_it.o(i.BusFault_Handler)
    i.DebugMon_Handler                       0x08000762   Section        0  stm32h7xx_it.o(i.DebugMon_Handler)
    i.EXTI3_IRQHandler                       0x08000764   Section        0  stm32h7xx_it.o(i.EXTI3_IRQHandler)
    i.Error_Handler                          0x0800076a   Section        0  main.o(i.Error_Handler)
    i.ExitRun0Mode                           0x08000770   Section        0  system_stm32h7xx.o(i.ExitRun0Mode)
    i.HAL_Delay                              0x0800078c   Section        0  stm32h7xx_hal.o(i.HAL_Delay)
    i.HAL_GPIO_EXTI_Callback                 0x080007b0   Section        0  main.o(i.HAL_GPIO_EXTI_Callback)
    i.HAL_GPIO_EXTI_IRQHandler               0x080007fc   Section        0  stm32h7xx_hal_gpio.o(i.HAL_GPIO_EXTI_IRQHandler)
    i.HAL_GPIO_Init                          0x08000814   Section        0  stm32h7xx_hal_gpio.o(i.HAL_GPIO_Init)
    i.HAL_GPIO_WritePin                      0x08000a40   Section        0  stm32h7xx_hal_gpio.o(i.HAL_GPIO_WritePin)
    i.HAL_GetREVID                           0x08000a4c   Section        0  stm32h7xx_hal.o(i.HAL_GetREVID)
    i.HAL_GetTick                            0x08000a58   Section        0  stm32h7xx_hal.o(i.HAL_GetTick)
    i.HAL_IncTick                            0x08000a64   Section        0  stm32h7xx_hal.o(i.HAL_IncTick)
    i.HAL_Init                               0x08000a74   Section        0  stm32h7xx_hal.o(i.HAL_Init)
    i.HAL_InitTick                           0x08000ad0   Section        0  stm32h7xx_hal.o(i.HAL_InitTick)
    i.HAL_MPU_ConfigRegion                   0x08000b10   Section        0  stm32h7xx_hal_cortex.o(i.HAL_MPU_ConfigRegion)
    i.HAL_MPU_Disable                        0x08000b6c   Section        0  stm32h7xx_hal_cortex.o(i.HAL_MPU_Disable)
    i.HAL_MPU_Enable                         0x08000b88   Section        0  stm32h7xx_hal_cortex.o(i.HAL_MPU_Enable)
    i.HAL_MspInit                            0x08000bac   Section        0  stm32h7xx_hal_msp.o(i.HAL_MspInit)
    i.HAL_NVIC_EnableIRQ                     0x08000bc8   Section        0  stm32h7xx_hal_cortex.o(i.HAL_NVIC_EnableIRQ)
    i.HAL_NVIC_SetPriority                   0x08000be4   Section        0  stm32h7xx_hal_cortex.o(i.HAL_NVIC_SetPriority)
    i.HAL_NVIC_SetPriorityGrouping           0x08000c24   Section        0  stm32h7xx_hal_cortex.o(i.HAL_NVIC_SetPriorityGrouping)
    i.HAL_PWREx_ConfigSupply                 0x08000c48   Section        0  stm32h7xx_hal_pwr_ex.o(i.HAL_PWREx_ConfigSupply)
    i.HAL_RCCEx_GetD3PCLK1Freq               0x08000c9c   Section        0  stm32h7xx_hal_rcc_ex.o(i.HAL_RCCEx_GetD3PCLK1Freq)
    i.HAL_RCCEx_GetPLL2ClockFreq             0x08000cc0   Section        0  stm32h7xx_hal_rcc_ex.o(i.HAL_RCCEx_GetPLL2ClockFreq)
    i.HAL_RCCEx_GetPLL3ClockFreq             0x08000e04   Section        0  stm32h7xx_hal_rcc_ex.o(i.HAL_RCCEx_GetPLL3ClockFreq)
    i.HAL_RCCEx_PeriphCLKConfig              0x08000f48   Section        0  stm32h7xx_hal_rcc_ex.o(i.HAL_RCCEx_PeriphCLKConfig)
    i.HAL_RCC_ClockConfig                    0x080018f4   Section        0  stm32h7xx_hal_rcc.o(i.HAL_RCC_ClockConfig)
    i.HAL_RCC_GetHCLKFreq                    0x08001b50   Section        0  stm32h7xx_hal_rcc.o(i.HAL_RCC_GetHCLKFreq)
    i.HAL_RCC_GetPCLK1Freq                   0x08001b94   Section        0  stm32h7xx_hal_rcc.o(i.HAL_RCC_GetPCLK1Freq)
    i.HAL_RCC_GetPCLK2Freq                   0x08001bb8   Section        0  stm32h7xx_hal_rcc.o(i.HAL_RCC_GetPCLK2Freq)
    i.HAL_RCC_GetSysClockFreq                0x08001bdc   Section        0  stm32h7xx_hal_rcc.o(i.HAL_RCC_GetSysClockFreq)
    i.HAL_RCC_OscConfig                      0x08001d14   Section        0  stm32h7xx_hal_rcc.o(i.HAL_RCC_OscConfig)
    i.HAL_SPI_Init                           0x08002298   Section        0  stm32h7xx_hal_spi.o(i.HAL_SPI_Init)
    i.HAL_SPI_MspInit                        0x08002414   Section        0  spi.o(i.HAL_SPI_MspInit)
    i.HAL_SPI_TransmitReceive                0x08002518   Section        0  stm32h7xx_hal_spi.o(i.HAL_SPI_TransmitReceive)
    i.HAL_SYSCFG_AnalogSwitchConfig          0x08002860   Section        0  stm32h7xx_hal.o(i.HAL_SYSCFG_AnalogSwitchConfig)
    i.HAL_SYSTICK_Config                     0x08002870   Section        0  stm32h7xx_hal_cortex.o(i.HAL_SYSTICK_Config)
    i.HAL_UARTEx_DisableFifoMode             0x08002896   Section        0  stm32h7xx_hal_uart_ex.o(i.HAL_UARTEx_DisableFifoMode)
    i.HAL_UARTEx_SetRxFifoThreshold          0x080028d6   Section        0  stm32h7xx_hal_uart_ex.o(i.HAL_UARTEx_SetRxFifoThreshold)
    i.HAL_UARTEx_SetTxFifoThreshold          0x08002922   Section        0  stm32h7xx_hal_uart_ex.o(i.HAL_UARTEx_SetTxFifoThreshold)
    i.HAL_UART_Init                          0x0800296e   Section        0  stm32h7xx_hal_uart.o(i.HAL_UART_Init)
    i.HAL_UART_MspInit                       0x080029d8   Section        0  usart.o(i.HAL_UART_MspInit)
    i.HAL_UART_Transmit                      0x08002ab8   Section        0  stm32h7xx_hal_uart.o(i.HAL_UART_Transmit)
    i.HardFault_Handler                      0x08002b68   Section        0  stm32h7xx_it.o(i.HardFault_Handler)
    i.MX_GPIO_Init                           0x08002b6c   Section        0  gpio.o(i.MX_GPIO_Init)
    i.MX_SPI1_Init                           0x08002cb4   Section        0  spi.o(i.MX_SPI1_Init)
    i.MX_SPI2_Init                           0x08002d14   Section        0  spi.o(i.MX_SPI2_Init)
    i.MX_UART5_Init                          0x08002d6c   Section        0  usart.o(i.MX_UART5_Init)
    i.MX_UART7_Init                          0x08002dd4   Section        0  usart.o(i.MX_UART7_Init)
    i.MemManage_Handler                      0x08002e3c   Section        0  stm32h7xx_it.o(i.MemManage_Handler)
    i.NMI_Handler                            0x08002e3e   Section        0  stm32h7xx_it.o(i.NMI_Handler)
    i.PendSV_Handler                         0x08002e40   Section        0  stm32h7xx_it.o(i.PendSV_Handler)
    i.RCCEx_PLL2_Config                      0x08002e44   Section        0  stm32h7xx_hal_rcc_ex.o(i.RCCEx_PLL2_Config)
    RCCEx_PLL2_Config                        0x08002e45   Thumb Code   284  stm32h7xx_hal_rcc_ex.o(i.RCCEx_PLL2_Config)
    i.RCCEx_PLL3_Config                      0x08002f64   Section        0  stm32h7xx_hal_rcc_ex.o(i.RCCEx_PLL3_Config)
    RCCEx_PLL3_Config                        0x08002f65   Thumb Code   284  stm32h7xx_hal_rcc_ex.o(i.RCCEx_PLL3_Config)
    i.SPI_CloseTransfer                      0x08003084   Section        0  stm32h7xx_hal_spi.o(i.SPI_CloseTransfer)
    SPI_CloseTransfer                        0x08003085   Thumb Code   188  stm32h7xx_hal_spi.o(i.SPI_CloseTransfer)
    i.SPI_Init                               0x08003140   Section        0  userspi.o(i.SPI_Init)
    i.SPI_ReadWriteByte                      0x080031b0   Section        0  userspi.o(i.SPI_ReadWriteByte)
    i.SPI_WaitOnFlagUntilTimeout             0x080031d8   Section        0  stm32h7xx_hal_spi.o(i.SPI_WaitOnFlagUntilTimeout)
    SPI_WaitOnFlagUntilTimeout               0x080031d9   Thumb Code    70  stm32h7xx_hal_spi.o(i.SPI_WaitOnFlagUntilTimeout)
    i.SVC_Handler                            0x0800321e   Section        0  stm32h7xx_it.o(i.SVC_Handler)
    i.SysTick_Handler                        0x08003220   Section        0  stm32h7xx_it.o(i.SysTick_Handler)
    i.SystemClock_Config                     0x08003224   Section        0  main.o(i.SystemClock_Config)
    i.SystemInit                             0x080032cc   Section        0  system_stm32h7xx.o(i.SystemInit)
    i.UARTEx_SetNbDataToProcess              0x080033c4   Section        0  stm32h7xx_hal_uart_ex.o(i.UARTEx_SetNbDataToProcess)
    UARTEx_SetNbDataToProcess                0x080033c5   Thumb Code    62  stm32h7xx_hal_uart_ex.o(i.UARTEx_SetNbDataToProcess)
    i.UART_AdvFeatureConfig                  0x08003408   Section        0  stm32h7xx_hal_uart.o(i.UART_AdvFeatureConfig)
    i.UART_CheckIdleState                    0x080034d0   Section        0  stm32h7xx_hal_uart.o(i.UART_CheckIdleState)
    i.UART_EndRxTransfer                     0x0800357c   Section        0  stm32h7xx_hal_uart.o(i.UART_EndRxTransfer)
    UART_EndRxTransfer                       0x0800357d   Thumb Code    78  stm32h7xx_hal_uart.o(i.UART_EndRxTransfer)
    i.UART_SetConfig                         0x080035d0   Section        0  stm32h7xx_hal_uart.o(i.UART_SetConfig)
    i.UART_WaitOnFlagUntilTimeout            0x0800397c   Section        0  stm32h7xx_hal_uart.o(i.UART_WaitOnFlagUntilTimeout)
    i.UsageFault_Handler                     0x08003a10   Section        0  stm32h7xx_it.o(i.UsageFault_Handler)
    i.__0printf$8                            0x08003a14   Section        0  printf8.o(i.__0printf$8)
    i.__NVIC_SetPriority                     0x08003a34   Section        0  stm32h7xx_hal_cortex.o(i.__NVIC_SetPriority)
    __NVIC_SetPriority                       0x08003a35   Thumb Code    34  stm32h7xx_hal_cortex.o(i.__NVIC_SetPriority)
    i.__scatterload_copy                     0x08003a56   Section       14  handlers.o(i.__scatterload_copy)
    i.__scatterload_null                     0x08003a64   Section        2  handlers.o(i.__scatterload_null)
    i.__scatterload_zeroinit                 0x08003a66   Section       14  handlers.o(i.__scatterload_zeroinit)
    i._printf_core                           0x08003a74   Section        0  printf8.o(i._printf_core)
    _printf_core                             0x08003a75   Thumb Code   984  printf8.o(i._printf_core)
    i._printf_post_padding                   0x08003e78   Section        0  printf8.o(i._printf_post_padding)
    _printf_post_padding                     0x08003e79   Thumb Code    36  printf8.o(i._printf_post_padding)
    i._printf_pre_padding                    0x08003e9c   Section        0  printf8.o(i._printf_pre_padding)
    _printf_pre_padding                      0x08003e9d   Thumb Code    46  printf8.o(i._printf_pre_padding)
    i.arm_fir_f32                            0x08003ecc   Section        0  filteringfunctions.o(i.arm_fir_f32)
    i.arm_fir_init_f32                       0x08003f38   Section        0  filteringfunctions.o(i.arm_fir_init_f32)
    i.delay_us                               0x08003f54   Section        0  ads1292.o(i.delay_us)
    delay_us                                 0x08003f55   Thumb Code    58  ads1292.o(i.delay_us)
    i.fputc                                  0x08003f9c   Section        0  usart.o(i.fputc)
    i.main                                   0x08003fb4   Section        0  main.o(i.main)
    .constdata                               0x080041a8   Section     1032  main.o(.constdata)
    .constdata                               0x080045b0   Section       24  stm32h7xx_hal_uart.o(.constdata)
    .constdata                               0x080045c8   Section       16  stm32h7xx_hal_uart_ex.o(.constdata)
    numerator                                0x080045c8   Data           8  stm32h7xx_hal_uart_ex.o(.constdata)
    denominator                              0x080045d0   Data           8  stm32h7xx_hal_uart_ex.o(.constdata)
    .constdata                               0x080045d8   Section       16  system_stm32h7xx.o(.constdata)
    .data                                    0x24000000   Section       32  main.o(.data)
    .data                                    0x24000020   Section       12  stm32h7xx_hal.o(.data)
    .data                                    0x2400002c   Section        8  system_stm32h7xx.o(.data)
    .data                                    0x24000034   Section        4  stdout.o(.data)
    .bss                                     0x24000038   Section     3656  main.o(.bss)
    .bss                                     0x24000e80   Section      272  spi.o(.bss)
    .bss                                     0x24000f90   Section      296  usart.o(.bss)
    STACK                                    0x240010b8   Section     1024  startup_stm32h750xx.o(STACK)

    Global Symbols

    Symbol Name                              Value     Ov Type        Size  Object(Section)

    BuildAttributes$$THM_ISAv4$E$P$D$K$B$S$7EM$VFPv5_D16$PE$PLD8$A:L22UL41UL21$X:L11$S22US41US21$IEEE1$IW$USESV6$~STKCKD$USESV7$~SHL$OTIME$ROPI$IEEEX$EBA8$MICROLIB$REQ8$PRES8$EABIv2 0x00000000   Number         0  anon$$obj.o ABSOLUTE
    __ARM_use_no_argv                        0x00000000   Number         0  main.o ABSOLUTE
    _printf_a                                0x00000000   Number         0  stubs.o ABSOLUTE
    _printf_c                                0x00000000   Number         0  stubs.o ABSOLUTE
    _printf_charcount                        0x00000000   Number         0  stubs.o ABSOLUTE
    _printf_d                                0x00000000   Number         0  stubs.o ABSOLUTE
    _printf_e                                0x00000000   Number         0  stubs.o ABSOLUTE
    _printf_f                                0x00000000   Number         0  stubs.o ABSOLUTE
    _printf_flags                            0x00000000   Number         0  stubs.o ABSOLUTE
    _printf_fp_dec                           0x00000000   Number         0  stubs.o ABSOLUTE
    _printf_fp_hex                           0x00000000   Number         0  stubs.o ABSOLUTE
    _printf_g                                0x00000000   Number         0  stubs.o ABSOLUTE
    _printf_i                                0x00000000   Number         0  stubs.o ABSOLUTE
    _printf_int_dec                          0x00000000   Number         0  stubs.o ABSOLUTE
    _printf_l                                0x00000000   Number         0  stubs.o ABSOLUTE
    _printf_lc                               0x00000000   Number         0  stubs.o ABSOLUTE
    _printf_ll                               0x00000000   Number         0  stubs.o ABSOLUTE
    _printf_lld                              0x00000000   Number         0  stubs.o ABSOLUTE
    _printf_lli                              0x00000000   Number         0  stubs.o ABSOLUTE
    _printf_llo                              0x00000000   Number         0  stubs.o ABSOLUTE
    _printf_llu                              0x00000000   Number         0  stubs.o ABSOLUTE
    _printf_llx                              0x00000000   Number         0  stubs.o ABSOLUTE
    _printf_longlong_dec                     0x00000000   Number         0  stubs.o ABSOLUTE
    _printf_longlong_hex                     0x00000000   Number         0  stubs.o ABSOLUTE
    _printf_longlong_oct                     0x00000000   Number         0  stubs.o ABSOLUTE
    _printf_ls                               0x00000000   Number         0  stubs.o ABSOLUTE
    _printf_mbtowc                           0x00000000   Number         0  stubs.o ABSOLUTE
    _printf_n                                0x00000000   Number         0  stubs.o ABSOLUTE
    _printf_o                                0x00000000   Number         0  stubs.o ABSOLUTE
    _printf_p                                0x00000000   Number         0  stubs.o ABSOLUTE
    _printf_percent                          0x00000000   Number         0  stubs.o ABSOLUTE
    _printf_pre_padding                      0x00000000   Number         0  stubs.o ABSOLUTE
    _printf_return_value                     0x00000000   Number         0  stubs.o ABSOLUTE
    _printf_s                                0x00000000   Number         0  stubs.o ABSOLUTE
    _printf_sizespec                         0x00000000   Number         0  stubs.o ABSOLUTE
    _printf_str                              0x00000000   Number         0  stubs.o ABSOLUTE
    _printf_truncate_signed                  0x00000000   Number         0  stubs.o ABSOLUTE
    _printf_truncate_unsigned                0x00000000   Number         0  stubs.o ABSOLUTE
    _printf_u                                0x00000000   Number         0  stubs.o ABSOLUTE
    _printf_wc                               0x00000000   Number         0  stubs.o ABSOLUTE
    _printf_wctomb                           0x00000000   Number         0  stubs.o ABSOLUTE
    _printf_widthprec                        0x00000000   Number         0  stubs.o ABSOLUTE
    _printf_x                                0x00000000   Number         0  stubs.o ABSOLUTE
    __arm_fini_                               - Undefined Weak Reference
    __cpp_initialize__aeabi_                  - Undefined Weak Reference
    __cxa_finalize                            - Undefined Weak Reference
    __decompress                              - Undefined Weak Reference
    _clock_init                               - Undefined Weak Reference
    _microlib_exit                            - Undefined Weak Reference
    __Vectors_Size                           0x00000298   Number         0  startup_stm32h750xx.o ABSOLUTE
    __Vectors                                0x08000000   Data           4  startup_stm32h750xx.o(RESET)
    __Vectors_End                            0x08000298   Data           0  startup_stm32h750xx.o(RESET)
    __main                                   0x08000299   Thumb Code     0  entry.o(.ARM.Collect$$$$00000000)
    _main_stk                                0x08000299   Thumb Code     0  entry2.o(.ARM.Collect$$$$00000001)
    _main_scatterload                        0x0800029d   Thumb Code     0  entry5.o(.ARM.Collect$$$$00000004)
    __main_after_scatterload                 0x080002a1   Thumb Code     0  entry5.o(.ARM.Collect$$$$00000004)
    _main_clock                              0x080002a1   Thumb Code     0  entry7b.o(.ARM.Collect$$$$00000008)
    _main_cpp_init                           0x080002a1   Thumb Code     0  entry8b.o(.ARM.Collect$$$$0000000A)
    _main_init                               0x080002a1   Thumb Code     0  entry9a.o(.ARM.Collect$$$$0000000B)
    __rt_lib_shutdown_fini                   0x080002a9   Thumb Code     0  entry12b.o(.ARM.Collect$$$$0000000E)
    __rt_final_cpp                           0x080002ad   Thumb Code     0  entry10a.o(.ARM.Collect$$$$0000000F)
    __rt_final_exit                          0x080002ad   Thumb Code     0  entry11a.o(.ARM.Collect$$$$00000011)
    Reset_Handler                            0x080002b1   Thumb Code    12  startup_stm32h750xx.o(.text)
    ADC3_IRQHandler                          0x080002cf   Thumb Code     0  startup_stm32h750xx.o(.text)
    ADC_IRQHandler                           0x080002cf   Thumb Code     0  startup_stm32h750xx.o(.text)
    BDMA_Channel0_IRQHandler                 0x080002cf   Thumb Code     0  startup_stm32h750xx.o(.text)
    BDMA_Channel1_IRQHandler                 0x080002cf   Thumb Code     0  startup_stm32h750xx.o(.text)
    BDMA_Channel2_IRQHandler                 0x080002cf   Thumb Code     0  startup_stm32h750xx.o(.text)
    BDMA_Channel3_IRQHandler                 0x080002cf   Thumb Code     0  startup_stm32h750xx.o(.text)
    BDMA_Channel4_IRQHandler                 0x080002cf   Thumb Code     0  startup_stm32h750xx.o(.text)
    BDMA_Channel5_IRQHandler                 0x080002cf   Thumb Code     0  startup_stm32h750xx.o(.text)
    BDMA_Channel6_IRQHandler                 0x080002cf   Thumb Code     0  startup_stm32h750xx.o(.text)
    BDMA_Channel7_IRQHandler                 0x080002cf   Thumb Code     0  startup_stm32h750xx.o(.text)
    CEC_IRQHandler                           0x080002cf   Thumb Code     0  startup_stm32h750xx.o(.text)
    COMP1_IRQHandler                         0x080002cf   Thumb Code     0  startup_stm32h750xx.o(.text)
    CRS_IRQHandler                           0x080002cf   Thumb Code     0  startup_stm32h750xx.o(.text)
    CRYP_IRQHandler                          0x080002cf   Thumb Code     0  startup_stm32h750xx.o(.text)
    DCMI_IRQHandler                          0x080002cf   Thumb Code     0  startup_stm32h750xx.o(.text)
    DFSDM1_FLT0_IRQHandler                   0x080002cf   Thumb Code     0  startup_stm32h750xx.o(.text)
    DFSDM1_FLT1_IRQHandler                   0x080002cf   Thumb Code     0  startup_stm32h750xx.o(.text)
    DFSDM1_FLT2_IRQHandler                   0x080002cf   Thumb Code     0  startup_stm32h750xx.o(.text)
    DFSDM1_FLT3_IRQHandler                   0x080002cf   Thumb Code     0  startup_stm32h750xx.o(.text)
    DMA1_Stream0_IRQHandler                  0x080002cf   Thumb Code     0  startup_stm32h750xx.o(.text)
    DMA1_Stream1_IRQHandler                  0x080002cf   Thumb Code     0  startup_stm32h750xx.o(.text)
    DMA1_Stream2_IRQHandler                  0x080002cf   Thumb Code     0  startup_stm32h750xx.o(.text)
    DMA1_Stream3_IRQHandler                  0x080002cf   Thumb Code     0  startup_stm32h750xx.o(.text)
    DMA1_Stream4_IRQHandler                  0x080002cf   Thumb Code     0  startup_stm32h750xx.o(.text)
    DMA1_Stream5_IRQHandler                  0x080002cf   Thumb Code     0  startup_stm32h750xx.o(.text)
    DMA1_Stream6_IRQHandler                  0x080002cf   Thumb Code     0  startup_stm32h750xx.o(.text)
    DMA1_Stream7_IRQHandler                  0x080002cf   Thumb Code     0  startup_stm32h750xx.o(.text)
    DMA2D_IRQHandler                         0x080002cf   Thumb Code     0  startup_stm32h750xx.o(.text)
    DMA2_Stream0_IRQHandler                  0x080002cf   Thumb Code     0  startup_stm32h750xx.o(.text)
    DMA2_Stream1_IRQHandler                  0x080002cf   Thumb Code     0  startup_stm32h750xx.o(.text)
    DMA2_Stream2_IRQHandler                  0x080002cf   Thumb Code     0  startup_stm32h750xx.o(.text)
    DMA2_Stream3_IRQHandler                  0x080002cf   Thumb Code     0  startup_stm32h750xx.o(.text)
    DMA2_Stream4_IRQHandler                  0x080002cf   Thumb Code     0  startup_stm32h750xx.o(.text)
    DMA2_Stream5_IRQHandler                  0x080002cf   Thumb Code     0  startup_stm32h750xx.o(.text)
    DMA2_Stream6_IRQHandler                  0x080002cf   Thumb Code     0  startup_stm32h750xx.o(.text)
    DMA2_Stream7_IRQHandler                  0x080002cf   Thumb Code     0  startup_stm32h750xx.o(.text)
    DMAMUX1_OVR_IRQHandler                   0x080002cf   Thumb Code     0  startup_stm32h750xx.o(.text)
    DMAMUX2_OVR_IRQHandler                   0x080002cf   Thumb Code     0  startup_stm32h750xx.o(.text)
    ECC_IRQHandler                           0x080002cf   Thumb Code     0  startup_stm32h750xx.o(.text)
    ETH_IRQHandler                           0x080002cf   Thumb Code     0  startup_stm32h750xx.o(.text)
    ETH_WKUP_IRQHandler                      0x080002cf   Thumb Code     0  startup_stm32h750xx.o(.text)
    EXTI0_IRQHandler                         0x080002cf   Thumb Code     0  startup_stm32h750xx.o(.text)
    EXTI15_10_IRQHandler                     0x080002cf   Thumb Code     0  startup_stm32h750xx.o(.text)
    EXTI1_IRQHandler                         0x080002cf   Thumb Code     0  startup_stm32h750xx.o(.text)
    EXTI2_IRQHandler                         0x080002cf   Thumb Code     0  startup_stm32h750xx.o(.text)
    EXTI4_IRQHandler                         0x080002cf   Thumb Code     0  startup_stm32h750xx.o(.text)
    EXTI9_5_IRQHandler                       0x080002cf   Thumb Code     0  startup_stm32h750xx.o(.text)
    FDCAN1_IT0_IRQHandler                    0x080002cf   Thumb Code     0  startup_stm32h750xx.o(.text)
    FDCAN1_IT1_IRQHandler                    0x080002cf   Thumb Code     0  startup_stm32h750xx.o(.text)
    FDCAN2_IT0_IRQHandler                    0x080002cf   Thumb Code     0  startup_stm32h750xx.o(.text)
    FDCAN2_IT1_IRQHandler                    0x080002cf   Thumb Code     0  startup_stm32h750xx.o(.text)
    FDCAN_CAL_IRQHandler                     0x080002cf   Thumb Code     0  startup_stm32h750xx.o(.text)
    FLASH_IRQHandler                         0x080002cf   Thumb Code     0  startup_stm32h750xx.o(.text)
    FMC_IRQHandler                           0x080002cf   Thumb Code     0  startup_stm32h750xx.o(.text)
    FPU_IRQHandler                           0x080002cf   Thumb Code     0  startup_stm32h750xx.o(.text)
    HASH_RNG_IRQHandler                      0x080002cf   Thumb Code     0  startup_stm32h750xx.o(.text)
    HRTIM1_FLT_IRQHandler                    0x080002cf   Thumb Code     0  startup_stm32h750xx.o(.text)
    HRTIM1_Master_IRQHandler                 0x080002cf   Thumb Code     0  startup_stm32h750xx.o(.text)
    HRTIM1_TIMA_IRQHandler                   0x080002cf   Thumb Code     0  startup_stm32h750xx.o(.text)
    HRTIM1_TIMB_IRQHandler                   0x080002cf   Thumb Code     0  startup_stm32h750xx.o(.text)
    HRTIM1_TIMC_IRQHandler                   0x080002cf   Thumb Code     0  startup_stm32h750xx.o(.text)
    HRTIM1_TIMD_IRQHandler                   0x080002cf   Thumb Code     0  startup_stm32h750xx.o(.text)
    HRTIM1_TIME_IRQHandler                   0x080002cf   Thumb Code     0  startup_stm32h750xx.o(.text)
    HSEM1_IRQHandler                         0x080002cf   Thumb Code     0  startup_stm32h750xx.o(.text)
    I2C1_ER_IRQHandler                       0x080002cf   Thumb Code     0  startup_stm32h750xx.o(.text)
    I2C1_EV_IRQHandler                       0x080002cf   Thumb Code     0  startup_stm32h750xx.o(.text)
    I2C2_ER_IRQHandler                       0x080002cf   Thumb Code     0  startup_stm32h750xx.o(.text)
    I2C2_EV_IRQHandler                       0x080002cf   Thumb Code     0  startup_stm32h750xx.o(.text)
    I2C3_ER_IRQHandler                       0x080002cf   Thumb Code     0  startup_stm32h750xx.o(.text)
    I2C3_EV_IRQHandler                       0x080002cf   Thumb Code     0  startup_stm32h750xx.o(.text)
    I2C4_ER_IRQHandler                       0x080002cf   Thumb Code     0  startup_stm32h750xx.o(.text)
    I2C4_EV_IRQHandler                       0x080002cf   Thumb Code     0  startup_stm32h750xx.o(.text)
    JPEG_IRQHandler                          0x080002cf   Thumb Code     0  startup_stm32h750xx.o(.text)
    LPTIM1_IRQHandler                        0x080002cf   Thumb Code     0  startup_stm32h750xx.o(.text)
    LPTIM2_IRQHandler                        0x080002cf   Thumb Code     0  startup_stm32h750xx.o(.text)
    LPTIM3_IRQHandler                        0x080002cf   Thumb Code     0  startup_stm32h750xx.o(.text)
    LPTIM4_IRQHandler                        0x080002cf   Thumb Code     0  startup_stm32h750xx.o(.text)
    LPTIM5_IRQHandler                        0x080002cf   Thumb Code     0  startup_stm32h750xx.o(.text)
    LPUART1_IRQHandler                       0x080002cf   Thumb Code     0  startup_stm32h750xx.o(.text)
    LTDC_ER_IRQHandler                       0x080002cf   Thumb Code     0  startup_stm32h750xx.o(.text)
    LTDC_IRQHandler                          0x080002cf   Thumb Code     0  startup_stm32h750xx.o(.text)
    MDIOS_IRQHandler                         0x080002cf   Thumb Code     0  startup_stm32h750xx.o(.text)
    MDIOS_WKUP_IRQHandler                    0x080002cf   Thumb Code     0  startup_stm32h750xx.o(.text)
    MDMA_IRQHandler                          0x080002cf   Thumb Code     0  startup_stm32h750xx.o(.text)
    OTG_FS_EP1_IN_IRQHandler                 0x080002cf   Thumb Code     0  startup_stm32h750xx.o(.text)
    OTG_FS_EP1_OUT_IRQHandler                0x080002cf   Thumb Code     0  startup_stm32h750xx.o(.text)
    OTG_FS_IRQHandler                        0x080002cf   Thumb Code     0  startup_stm32h750xx.o(.text)
    OTG_FS_WKUP_IRQHandler                   0x080002cf   Thumb Code     0  startup_stm32h750xx.o(.text)
    OTG_HS_EP1_IN_IRQHandler                 0x080002cf   Thumb Code     0  startup_stm32h750xx.o(.text)
    OTG_HS_EP1_OUT_IRQHandler                0x080002cf   Thumb Code     0  startup_stm32h750xx.o(.text)
    OTG_HS_IRQHandler                        0x080002cf   Thumb Code     0  startup_stm32h750xx.o(.text)
    OTG_HS_WKUP_IRQHandler                   0x080002cf   Thumb Code     0  startup_stm32h750xx.o(.text)
    PVD_AVD_IRQHandler                       0x080002cf   Thumb Code     0  startup_stm32h750xx.o(.text)
    QUADSPI_IRQHandler                       0x080002cf   Thumb Code     0  startup_stm32h750xx.o(.text)
    RCC_IRQHandler                           0x080002cf   Thumb Code     0  startup_stm32h750xx.o(.text)
    RTC_Alarm_IRQHandler                     0x080002cf   Thumb Code     0  startup_stm32h750xx.o(.text)
    RTC_WKUP_IRQHandler                      0x080002cf   Thumb Code     0  startup_stm32h750xx.o(.text)
    SAI1_IRQHandler                          0x080002cf   Thumb Code     0  startup_stm32h750xx.o(.text)
    SAI2_IRQHandler                          0x080002cf   Thumb Code     0  startup_stm32h750xx.o(.text)
    SAI3_IRQHandler                          0x080002cf   Thumb Code     0  startup_stm32h750xx.o(.text)
    SAI4_IRQHandler                          0x080002cf   Thumb Code     0  startup_stm32h750xx.o(.text)
    SDMMC1_IRQHandler                        0x080002cf   Thumb Code     0  startup_stm32h750xx.o(.text)
    SDMMC2_IRQHandler                        0x080002cf   Thumb Code     0  startup_stm32h750xx.o(.text)
    SPDIF_RX_IRQHandler                      0x080002cf   Thumb Code     0  startup_stm32h750xx.o(.text)
    SPI1_IRQHandler                          0x080002cf   Thumb Code     0  startup_stm32h750xx.o(.text)
    SPI2_IRQHandler                          0x080002cf   Thumb Code     0  startup_stm32h750xx.o(.text)
    SPI3_IRQHandler                          0x080002cf   Thumb Code     0  startup_stm32h750xx.o(.text)
    SPI4_IRQHandler                          0x080002cf   Thumb Code     0  startup_stm32h750xx.o(.text)
    SPI5_IRQHandler                          0x080002cf   Thumb Code     0  startup_stm32h750xx.o(.text)
    SPI6_IRQHandler                          0x080002cf   Thumb Code     0  startup_stm32h750xx.o(.text)
    SWPMI1_IRQHandler                        0x080002cf   Thumb Code     0  startup_stm32h750xx.o(.text)
    TAMP_STAMP_IRQHandler                    0x080002cf   Thumb Code     0  startup_stm32h750xx.o(.text)
    TIM15_IRQHandler                         0x080002cf   Thumb Code     0  startup_stm32h750xx.o(.text)
    TIM16_IRQHandler                         0x080002cf   Thumb Code     0  startup_stm32h750xx.o(.text)
    TIM17_IRQHandler                         0x080002cf   Thumb Code     0  startup_stm32h750xx.o(.text)
    TIM1_BRK_IRQHandler                      0x080002cf   Thumb Code     0  startup_stm32h750xx.o(.text)
    TIM1_CC_IRQHandler                       0x080002cf   Thumb Code     0  startup_stm32h750xx.o(.text)
    TIM1_TRG_COM_IRQHandler                  0x080002cf   Thumb Code     0  startup_stm32h750xx.o(.text)
    TIM1_UP_IRQHandler                       0x080002cf   Thumb Code     0  startup_stm32h750xx.o(.text)
    TIM2_IRQHandler                          0x080002cf   Thumb Code     0  startup_stm32h750xx.o(.text)
    TIM3_IRQHandler                          0x080002cf   Thumb Code     0  startup_stm32h750xx.o(.text)
    TIM4_IRQHandler                          0x080002cf   Thumb Code     0  startup_stm32h750xx.o(.text)
    TIM5_IRQHandler                          0x080002cf   Thumb Code     0  startup_stm32h750xx.o(.text)
    TIM6_DAC_IRQHandler                      0x080002cf   Thumb Code     0  startup_stm32h750xx.o(.text)
    TIM7_IRQHandler                          0x080002cf   Thumb Code     0  startup_stm32h750xx.o(.text)
    TIM8_BRK_TIM12_IRQHandler                0x080002cf   Thumb Code     0  startup_stm32h750xx.o(.text)
    TIM8_CC_IRQHandler                       0x080002cf   Thumb Code     0  startup_stm32h750xx.o(.text)
    TIM8_TRG_COM_TIM14_IRQHandler            0x080002cf   Thumb Code     0  startup_stm32h750xx.o(.text)
    TIM8_UP_TIM13_IRQHandler                 0x080002cf   Thumb Code     0  startup_stm32h750xx.o(.text)
    UART4_IRQHandler                         0x080002cf   Thumb Code     0  startup_stm32h750xx.o(.text)
    UART5_IRQHandler                         0x080002cf   Thumb Code     0  startup_stm32h750xx.o(.text)
    UART7_IRQHandler                         0x080002cf   Thumb Code     0  startup_stm32h750xx.o(.text)
    UART8_IRQHandler                         0x080002cf   Thumb Code     0  startup_stm32h750xx.o(.text)
    USART1_IRQHandler                        0x080002cf   Thumb Code     0  startup_stm32h750xx.o(.text)
    USART2_IRQHandler                        0x080002cf   Thumb Code     0  startup_stm32h750xx.o(.text)
    USART3_IRQHandler                        0x080002cf   Thumb Code     0  startup_stm32h750xx.o(.text)
    USART6_IRQHandler                        0x080002cf   Thumb Code     0  startup_stm32h750xx.o(.text)
    WAKEUP_PIN_IRQHandler                    0x080002cf   Thumb Code     0  startup_stm32h750xx.o(.text)
    WWDG_IRQHandler                          0x080002cf   Thumb Code     0  startup_stm32h750xx.o(.text)
    __aeabi_uldivmod                         0x080002dd   Thumb Code    98  uldiv.o(.text)
    __aeabi_llsl                             0x0800033f   Thumb Code    30  llshl.o(.text)
    _ll_shift_l                              0x0800033f   Thumb Code     0  llshl.o(.text)
    __aeabi_memset                           0x0800035d   Thumb Code    14  memseta.o(.text)
    __aeabi_memset4                          0x0800035d   Thumb Code     0  memseta.o(.text)
    __aeabi_memset8                          0x0800035d   Thumb Code     0  memseta.o(.text)
    __aeabi_memclr                           0x0800036b   Thumb Code     4  memseta.o(.text)
    __aeabi_memclr4                          0x0800036b   Thumb Code     0  memseta.o(.text)
    __aeabi_memclr8                          0x0800036b   Thumb Code     0  memseta.o(.text)
    _memset$wrapper                          0x0800036f   Thumb Code    18  memseta.o(.text)
    __aeabi_llsr                             0x08000381   Thumb Code    32  llushr.o(.text)
    _ll_ushift_r                             0x08000381   Thumb Code     0  llushr.o(.text)
    __scatterload                            0x080003a1   Thumb Code    28  init.o(.text)
    __scatterload_rt2                        0x080003a1   Thumb Code     0  init.o(.text)
    ADS1292_GPIO_Int                         0x080003c5   Thumb Code   132  ads1292.o(i.ADS1292_GPIO_Int)
    ADS1292_Init                             0x08000451   Thumb Code   480  ads1292.o(i.ADS1292_Init)
    ADS1292_Read_Byte                        0x0800067d   Thumb Code    76  ads1292.o(i.ADS1292_Read_Byte)
    ADS1292_Set_start                        0x080006cd   Thumb Code    60  ads1292.o(i.ADS1292_Set_start)
    ADS1292_Write_Byte                       0x0800070d   Thumb Code    78  ads1292.o(i.ADS1292_Write_Byte)
    BusFault_Handler                         0x08000761   Thumb Code     2  stm32h7xx_it.o(i.BusFault_Handler)
    DebugMon_Handler                         0x08000763   Thumb Code     2  stm32h7xx_it.o(i.DebugMon_Handler)
    EXTI3_IRQHandler                         0x08000765   Thumb Code     6  stm32h7xx_it.o(i.EXTI3_IRQHandler)
    Error_Handler                            0x0800076b   Thumb Code     4  main.o(i.Error_Handler)
    ExitRun0Mode                             0x08000771   Thumb Code    22  system_stm32h7xx.o(i.ExitRun0Mode)
    HAL_Delay                                0x0800078d   Thumb Code    32  stm32h7xx_hal.o(i.HAL_Delay)
    HAL_GPIO_EXTI_Callback                   0x080007b1   Thumb Code    20  main.o(i.HAL_GPIO_EXTI_Callback)
    HAL_GPIO_EXTI_IRQHandler                 0x080007fd   Thumb Code    24  stm32h7xx_hal_gpio.o(i.HAL_GPIO_EXTI_IRQHandler)
    HAL_GPIO_Init                            0x08000815   Thumb Code   506  stm32h7xx_hal_gpio.o(i.HAL_GPIO_Init)
    HAL_GPIO_WritePin                        0x08000a41   Thumb Code    10  stm32h7xx_hal_gpio.o(i.HAL_GPIO_WritePin)
    HAL_GetREVID                             0x08000a4d   Thumb Code     8  stm32h7xx_hal.o(i.HAL_GetREVID)
    HAL_GetTick                              0x08000a59   Thumb Code     6  stm32h7xx_hal.o(i.HAL_GetTick)
    HAL_IncTick                              0x08000a65   Thumb Code    12  stm32h7xx_hal.o(i.HAL_IncTick)
    HAL_Init                                 0x08000a75   Thumb Code    74  stm32h7xx_hal.o(i.HAL_Init)
    HAL_InitTick                             0x08000ad1   Thumb Code    56  stm32h7xx_hal.o(i.HAL_InitTick)
    HAL_MPU_ConfigRegion                     0x08000b11   Thumb Code    86  stm32h7xx_hal_cortex.o(i.HAL_MPU_ConfigRegion)
    HAL_MPU_Disable                          0x08000b6d   Thumb Code    24  stm32h7xx_hal_cortex.o(i.HAL_MPU_Disable)
    HAL_MPU_Enable                           0x08000b89   Thumb Code    30  stm32h7xx_hal_cortex.o(i.HAL_MPU_Enable)
    HAL_MspInit                              0x08000bad   Thumb Code    22  stm32h7xx_hal_msp.o(i.HAL_MspInit)
    HAL_NVIC_EnableIRQ                       0x08000bc9   Thumb Code    26  stm32h7xx_hal_cortex.o(i.HAL_NVIC_EnableIRQ)
    HAL_NVIC_SetPriority                     0x08000be5   Thumb Code    60  stm32h7xx_hal_cortex.o(i.HAL_NVIC_SetPriority)
    HAL_NVIC_SetPriorityGrouping             0x08000c25   Thumb Code    28  stm32h7xx_hal_cortex.o(i.HAL_NVIC_SetPriorityGrouping)
    HAL_PWREx_ConfigSupply                   0x08000c49   Thumb Code    78  stm32h7xx_hal_pwr_ex.o(i.HAL_PWREx_ConfigSupply)
    HAL_RCCEx_GetD3PCLK1Freq                 0x08000c9d   Thumb Code    26  stm32h7xx_hal_rcc_ex.o(i.HAL_RCCEx_GetD3PCLK1Freq)
    HAL_RCCEx_GetPLL2ClockFreq               0x08000cc1   Thumb Code   296  stm32h7xx_hal_rcc_ex.o(i.HAL_RCCEx_GetPLL2ClockFreq)
    HAL_RCCEx_GetPLL3ClockFreq               0x08000e05   Thumb Code   296  stm32h7xx_hal_rcc_ex.o(i.HAL_RCCEx_GetPLL3ClockFreq)
    HAL_RCCEx_PeriphCLKConfig                0x08000f49   Thumb Code  2472  stm32h7xx_hal_rcc_ex.o(i.HAL_RCCEx_PeriphCLKConfig)
    HAL_RCC_ClockConfig                      0x080018f5   Thumb Code   580  stm32h7xx_hal_rcc.o(i.HAL_RCC_ClockConfig)
    HAL_RCC_GetHCLKFreq                      0x08001b51   Thumb Code    52  stm32h7xx_hal_rcc.o(i.HAL_RCC_GetHCLKFreq)
    HAL_RCC_GetPCLK1Freq                     0x08001b95   Thumb Code    26  stm32h7xx_hal_rcc.o(i.HAL_RCC_GetPCLK1Freq)
    HAL_RCC_GetPCLK2Freq                     0x08001bb9   Thumb Code    26  stm32h7xx_hal_rcc.o(i.HAL_RCC_GetPCLK2Freq)
    HAL_RCC_GetSysClockFreq                  0x08001bdd   Thumb Code   278  stm32h7xx_hal_rcc.o(i.HAL_RCC_GetSysClockFreq)
    HAL_RCC_OscConfig                        0x08001d15   Thumb Code  1410  stm32h7xx_hal_rcc.o(i.HAL_RCC_OscConfig)
    HAL_SPI_Init                             0x08002299   Thumb Code   366  stm32h7xx_hal_spi.o(i.HAL_SPI_Init)
    HAL_SPI_MspInit                          0x08002415   Thumb Code   236  spi.o(i.HAL_SPI_MspInit)
    HAL_SPI_TransmitReceive                  0x08002519   Thumb Code   828  stm32h7xx_hal_spi.o(i.HAL_SPI_TransmitReceive)
    HAL_SYSCFG_AnalogSwitchConfig            0x08002861   Thumb Code    12  stm32h7xx_hal.o(i.HAL_SYSCFG_AnalogSwitchConfig)
    HAL_SYSTICK_Config                       0x08002871   Thumb Code    38  stm32h7xx_hal_cortex.o(i.HAL_SYSTICK_Config)
    HAL_UARTEx_DisableFifoMode               0x08002897   Thumb Code    64  stm32h7xx_hal_uart_ex.o(i.HAL_UARTEx_DisableFifoMode)
    HAL_UARTEx_SetRxFifoThreshold            0x080028d7   Thumb Code    76  stm32h7xx_hal_uart_ex.o(i.HAL_UARTEx_SetRxFifoThreshold)
    HAL_UARTEx_SetTxFifoThreshold            0x08002923   Thumb Code    76  stm32h7xx_hal_uart_ex.o(i.HAL_UARTEx_SetTxFifoThreshold)
    HAL_UART_Init                            0x0800296f   Thumb Code   106  stm32h7xx_hal_uart.o(i.HAL_UART_Init)
    HAL_UART_MspInit                         0x080029d9   Thumb Code   204  usart.o(i.HAL_UART_MspInit)
    HAL_UART_Transmit                        0x08002ab9   Thumb Code   176  stm32h7xx_hal_uart.o(i.HAL_UART_Transmit)
    HardFault_Handler                        0x08002b69   Thumb Code     2  stm32h7xx_it.o(i.HardFault_Handler)
    MX_GPIO_Init                             0x08002b6d   Thumb Code   306  gpio.o(i.MX_GPIO_Init)
    MX_SPI1_Init                             0x08002cb5   Thumb Code    86  spi.o(i.MX_SPI1_Init)
    MX_SPI2_Init                             0x08002d15   Thumb Code    80  spi.o(i.MX_SPI2_Init)
    MX_UART5_Init                            0x08002d6d   Thumb Code    94  usart.o(i.MX_UART5_Init)
    MX_UART7_Init                            0x08002dd5   Thumb Code    94  usart.o(i.MX_UART7_Init)
    MemManage_Handler                        0x08002e3d   Thumb Code     2  stm32h7xx_it.o(i.MemManage_Handler)
    NMI_Handler                              0x08002e3f   Thumb Code     2  stm32h7xx_it.o(i.NMI_Handler)
    PendSV_Handler                           0x08002e41   Thumb Code     2  stm32h7xx_it.o(i.PendSV_Handler)
    SPI_Init                                 0x08003141   Thumb Code   104  userspi.o(i.SPI_Init)
    SPI_ReadWriteByte                        0x080031b1   Thumb Code    38  userspi.o(i.SPI_ReadWriteByte)
    SVC_Handler                              0x0800321f   Thumb Code     2  stm32h7xx_it.o(i.SVC_Handler)
    SysTick_Handler                          0x08003221   Thumb Code     4  stm32h7xx_it.o(i.SysTick_Handler)
    SystemClock_Config                       0x08003225   Thumb Code   160  main.o(i.SystemClock_Config)
    SystemInit                               0x080032cd   Thumb Code   206  system_stm32h7xx.o(i.SystemInit)
    UART_AdvFeatureConfig                    0x08003409   Thumb Code   200  stm32h7xx_hal_uart.o(i.UART_AdvFeatureConfig)
    UART_CheckIdleState                      0x080034d1   Thumb Code   170  stm32h7xx_hal_uart.o(i.UART_CheckIdleState)
    UART_SetConfig                           0x080035d1   Thumb Code   876  stm32h7xx_hal_uart.o(i.UART_SetConfig)
    UART_WaitOnFlagUntilTimeout              0x0800397d   Thumb Code   148  stm32h7xx_hal_uart.o(i.UART_WaitOnFlagUntilTimeout)
    UsageFault_Handler                       0x08003a11   Thumb Code     2  stm32h7xx_it.o(i.UsageFault_Handler)
    __0printf$8                              0x08003a15   Thumb Code    22  printf8.o(i.__0printf$8)
    __1printf$8                              0x08003a15   Thumb Code     0  printf8.o(i.__0printf$8)
    __2printf                                0x08003a15   Thumb Code     0  printf8.o(i.__0printf$8)
    __scatterload_copy                       0x08003a57   Thumb Code    14  handlers.o(i.__scatterload_copy)
    __scatterload_null                       0x08003a65   Thumb Code     2  handlers.o(i.__scatterload_null)
    __scatterload_zeroinit                   0x08003a67   Thumb Code    14  handlers.o(i.__scatterload_zeroinit)
    arm_fir_f32                              0x08003ecd   Thumb Code   104  filteringfunctions.o(i.arm_fir_f32)
    arm_fir_init_f32                         0x08003f39   Thumb Code    28  filteringfunctions.o(i.arm_fir_init_f32)
    fputc                                    0x08003f9d   Thumb Code    20  usart.o(i.fputc)
    main                                     0x08003fb5   Thumb Code   442  main.o(i.main)
    BPF_5Hz_40Hz                             0x080041a8   Data         516  main.o(.constdata)
    LPF_2Hz                                  0x080043ac   Data         516  main.o(.constdata)
    UARTPrescTable                           0x080045b0   Data          24  stm32h7xx_hal_uart.o(.constdata)
    D1CorePrescTable                         0x080045d8   Data          16  system_stm32h7xx.o(.constdata)
    Region$$Table$$Base                      0x080045e8   Number         0  anon$$obj.o(Region$$Table)
    Region$$Table$$Limit                     0x08004608   Number         0  anon$$obj.o(Region$$Table)
    flag                                     0x24000000   Data           1  main.o(.data)
    drdy_flag                                0x24000001   Data           1  main.o(.data)
    ecg_index                                0x24000002   Data           2  main.o(.data)
    blockSize                                0x24000004   Data           4  main.o(.data)
    ch1_data                                 0x24000008   Data           4  main.o(.data)
    ch2_data                                 0x2400000c   Data           4  main.o(.data)
    Input_data1                              0x24000010   Data           4  main.o(.data)
    Output_data1                             0x24000014   Data           4  main.o(.data)
    Input_data2                              0x24000018   Data           4  main.o(.data)
    Output_data2                             0x2400001c   Data           4  main.o(.data)
    uwTickFreq                               0x24000020   Data           1  stm32h7xx_hal.o(.data)
    uwTickPrio                               0x24000024   Data           4  stm32h7xx_hal.o(.data)
    uwTick                                   0x24000028   Data           4  stm32h7xx_hal.o(.data)
    SystemCoreClock                          0x2400002c   Data           4  system_stm32h7xx.o(.data)
    SystemD2Clock                            0x24000030   Data           4  system_stm32h7xx.o(.data)
    __stdout                                 0x24000034   Data           4  stdout.o(.data)
    firState1                                0x24000038   Data         516  main.o(.bss)
    firState2                                0x2400023c   Data         516  main.o(.bss)
    show_ecg                                 0x24000440   Data        2600  main.o(.bss)
    S1                                       0x24000e68   Data          12  main.o(.bss)
    S2                                       0x24000e74   Data          12  main.o(.bss)
    hspi1                                    0x24000e80   Data         136  spi.o(.bss)
    hspi2                                    0x24000f08   Data         136  spi.o(.bss)
    huart5                                   0x24000f90   Data         148  usart.o(.bss)
    huart7                                   0x24001024   Data         148  usart.o(.bss)
    __initial_sp                             0x240014b8   Data           0  startup_stm32h750xx.o(STACK)



==============================================================================

Memory Map of the image

  Image Entry point : 0x08000299

  Load Region LR_IROM1 (Base: 0x08000000, Size: 0x00004640, Max: 0x00020000, ABSOLUTE)

    Execution Region ER_IROM1 (Exec base: 0x08000000, Load base: 0x08000000, Size: 0x00004608, Max: 0x00020000, ABSOLUTE)

    Exec Addr    Load Addr    Size         Type   Attr      Idx    E Section Name        Object

    0x08000000   0x08000000   0x00000298   Data   RO            3    RESET               startup_stm32h750xx.o
    0x08000298   0x08000298   0x00000000   Code   RO        10667  * .ARM.Collect$$$$00000000  mc_w.l(entry.o)
    0x08000298   0x08000298   0x00000004   Code   RO        11001    .ARM.Collect$$$$00000001  mc_w.l(entry2.o)
    0x0800029c   0x0800029c   0x00000004   Code   RO        11004    .ARM.Collect$$$$00000004  mc_w.l(entry5.o)
    0x080002a0   0x080002a0   0x00000000   Code   RO        11006    .ARM.Collect$$$$00000008  mc_w.l(entry7b.o)
    0x080002a0   0x080002a0   0x00000000   Code   RO        11008    .ARM.Collect$$$$0000000A  mc_w.l(entry8b.o)
    0x080002a0   0x080002a0   0x00000008   Code   RO        11009    .ARM.Collect$$$$0000000B  mc_w.l(entry9a.o)
    0x080002a8   0x080002a8   0x00000004   Code   RO        11016    .ARM.Collect$$$$0000000E  mc_w.l(entry12b.o)
    0x080002ac   0x080002ac   0x00000000   Code   RO        11011    .ARM.Collect$$$$0000000F  mc_w.l(entry10a.o)
    0x080002ac   0x080002ac   0x00000000   Code   RO        11013    .ARM.Collect$$$$00000011  mc_w.l(entry11a.o)
    0x080002ac   0x080002ac   0x00000004   Code   RO        11002    .ARM.Collect$$$$00002712  mc_w.l(entry2.o)
    0x080002b0   0x080002b0   0x0000002c   Code   RO            4    .text               startup_stm32h750xx.o
    0x080002dc   0x080002dc   0x00000062   Code   RO        10670    .text               mc_w.l(uldiv.o)
    0x0800033e   0x0800033e   0x0000001e   Code   RO        10674    .text               mc_w.l(llshl.o)
    0x0800035c   0x0800035c   0x00000024   Code   RO        10680    .text               mc_w.l(memseta.o)
    0x08000380   0x08000380   0x00000020   Code   RO        11020    .text               mc_w.l(llushr.o)
    0x080003a0   0x080003a0   0x00000024   Code   RO        11048    .text               mc_w.l(init.o)
    0x080003c4   0x080003c4   0x0000008c   Code   RO         3862    i.ADS1292_GPIO_Int  ads1292.o
    0x08000450   0x08000450   0x0000022c   Code   RO         3863    i.ADS1292_Init      ads1292.o
    0x0800067c   0x0800067c   0x00000050   Code   RO         3864    i.ADS1292_Read_Byte  ads1292.o
    0x080006cc   0x080006cc   0x00000040   Code   RO         3866    i.ADS1292_Set_start  ads1292.o
    0x0800070c   0x0800070c   0x00000054   Code   RO         3868    i.ADS1292_Write_Byte  ads1292.o
    0x08000760   0x08000760   0x00000002   Code   RO          413    i.BusFault_Handler  stm32h7xx_it.o
    0x08000762   0x08000762   0x00000002   Code   RO          414    i.DebugMon_Handler  stm32h7xx_it.o
    0x08000764   0x08000764   0x00000006   Code   RO          415    i.EXTI3_IRQHandler  stm32h7xx_it.o
    0x0800076a   0x0800076a   0x00000004   Code   RO           13    i.Error_Handler     main.o
    0x0800076e   0x0800076e   0x00000002   PAD
    0x08000770   0x08000770   0x0000001c   Code   RO         3819    i.ExitRun0Mode      system_stm32h7xx.o
    0x0800078c   0x0800078c   0x00000024   Code   RO         2013    i.HAL_Delay         stm32h7xx_hal.o
    0x080007b0   0x080007b0   0x0000004c   Code   RO           14    i.HAL_GPIO_EXTI_Callback  main.o
    0x080007fc   0x080007fc   0x00000018   Code   RO         1151    i.HAL_GPIO_EXTI_IRQHandler  stm32h7xx_hal_gpio.o
    0x08000814   0x08000814   0x0000022c   Code   RO         1152    i.HAL_GPIO_Init     stm32h7xx_hal_gpio.o
    0x08000a40   0x08000a40   0x0000000a   Code   RO         1156    i.HAL_GPIO_WritePin  stm32h7xx_hal_gpio.o
    0x08000a4a   0x08000a4a   0x00000002   PAD
    0x08000a4c   0x08000a4c   0x0000000c   Code   RO         2024    i.HAL_GetREVID      stm32h7xx_hal.o
    0x08000a58   0x08000a58   0x0000000c   Code   RO         2025    i.HAL_GetTick       stm32h7xx_hal.o
    0x08000a64   0x08000a64   0x00000010   Code   RO         2031    i.HAL_IncTick       stm32h7xx_hal.o
    0x08000a74   0x08000a74   0x0000005c   Code   RO         2032    i.HAL_Init          stm32h7xx_hal.o
    0x08000ad0   0x08000ad0   0x00000040   Code   RO         2033    i.HAL_InitTick      stm32h7xx_hal.o
    0x08000b10   0x08000b10   0x0000005c   Code   RO          527    i.HAL_MPU_ConfigRegion  stm32h7xx_hal_cortex.o
    0x08000b6c   0x08000b6c   0x0000001c   Code   RO          528    i.HAL_MPU_Disable   stm32h7xx_hal_cortex.o
    0x08000b88   0x08000b88   0x00000024   Code   RO          530    i.HAL_MPU_Enable    stm32h7xx_hal_cortex.o
    0x08000bac   0x08000bac   0x0000001c   Code   RO          498    i.HAL_MspInit       stm32h7xx_hal_msp.o
    0x08000bc8   0x08000bc8   0x0000001a   Code   RO          534    i.HAL_NVIC_EnableIRQ  stm32h7xx_hal_cortex.o
    0x08000be2   0x08000be2   0x00000002   PAD
    0x08000be4   0x08000be4   0x00000040   Code   RO          540    i.HAL_NVIC_SetPriority  stm32h7xx_hal_cortex.o
    0x08000c24   0x08000c24   0x00000024   Code   RO          541    i.HAL_NVIC_SetPriorityGrouping  stm32h7xx_hal_cortex.o
    0x08000c48   0x08000c48   0x00000054   Code   RO         1753    i.HAL_PWREx_ConfigSupply  stm32h7xx_hal_pwr_ex.o
    0x08000c9c   0x08000c9c   0x00000024   Code   RO          795    i.HAL_RCCEx_GetD3PCLK1Freq  stm32h7xx_hal_rcc_ex.o
    0x08000cc0   0x08000cc0   0x00000144   Code   RO          797    i.HAL_RCCEx_GetPLL2ClockFreq  stm32h7xx_hal_rcc_ex.o
    0x08000e04   0x08000e04   0x00000144   Code   RO          798    i.HAL_RCCEx_GetPLL3ClockFreq  stm32h7xx_hal_rcc_ex.o
    0x08000f48   0x08000f48   0x000009ac   Code   RO          804    i.HAL_RCCEx_PeriphCLKConfig  stm32h7xx_hal_rcc_ex.o
    0x080018f4   0x080018f4   0x0000025c   Code   RO          680    i.HAL_RCC_ClockConfig  stm32h7xx_hal_rcc.o
    0x08001b50   0x08001b50   0x00000044   Code   RO          685    i.HAL_RCC_GetHCLKFreq  stm32h7xx_hal_rcc.o
    0x08001b94   0x08001b94   0x00000024   Code   RO          687    i.HAL_RCC_GetPCLK1Freq  stm32h7xx_hal_rcc.o
    0x08001bb8   0x08001bb8   0x00000024   Code   RO          688    i.HAL_RCC_GetPCLK2Freq  stm32h7xx_hal_rcc.o
    0x08001bdc   0x08001bdc   0x00000138   Code   RO          689    i.HAL_RCC_GetSysClockFreq  stm32h7xx_hal_rcc.o
    0x08001d14   0x08001d14   0x00000582   Code   RO          692    i.HAL_RCC_OscConfig  stm32h7xx_hal_rcc.o
    0x08002296   0x08002296   0x00000002   PAD
    0x08002298   0x08002298   0x0000017c   Code   RO         2927    i.HAL_SPI_Init      stm32h7xx_hal_spi.o
    0x08002414   0x08002414   0x00000104   Code   RO          298    i.HAL_SPI_MspInit   spi.o
    0x08002518   0x08002518   0x00000348   Code   RO         2937    i.HAL_SPI_TransmitReceive  stm32h7xx_hal_spi.o
    0x08002860   0x08002860   0x00000010   Code   RO         2037    i.HAL_SYSCFG_AnalogSwitchConfig  stm32h7xx_hal.o
    0x08002870   0x08002870   0x00000026   Code   RO          545    i.HAL_SYSTICK_Config  stm32h7xx_hal_cortex.o
    0x08002896   0x08002896   0x00000040   Code   RO         3701    i.HAL_UARTEx_DisableFifoMode  stm32h7xx_hal_uart_ex.o
    0x080028d6   0x080028d6   0x0000004c   Code   RO         3710    i.HAL_UARTEx_SetRxFifoThreshold  stm32h7xx_hal_uart_ex.o
    0x08002922   0x08002922   0x0000004c   Code   RO         3711    i.HAL_UARTEx_SetTxFifoThreshold  stm32h7xx_hal_uart_ex.o
    0x0800296e   0x0800296e   0x0000006a   Code   RO         3310    i.HAL_UART_Init     stm32h7xx_hal_uart.o
    0x080029d8   0x080029d8   0x000000e0   Code   RO          350    i.HAL_UART_MspInit  usart.o
    0x08002ab8   0x08002ab8   0x000000b0   Code   RO         3319    i.HAL_UART_Transmit  stm32h7xx_hal_uart.o
    0x08002b68   0x08002b68   0x00000002   Code   RO          416    i.HardFault_Handler  stm32h7xx_it.o
    0x08002b6a   0x08002b6a   0x00000002   PAD
    0x08002b6c   0x08002b6c   0x00000148   Code   RO          269    i.MX_GPIO_Init      gpio.o
    0x08002cb4   0x08002cb4   0x00000060   Code   RO          299    i.MX_SPI1_Init      spi.o
    0x08002d14   0x08002d14   0x00000058   Code   RO          300    i.MX_SPI2_Init      spi.o
    0x08002d6c   0x08002d6c   0x00000068   Code   RO          351    i.MX_UART5_Init     usart.o
    0x08002dd4   0x08002dd4   0x00000068   Code   RO          352    i.MX_UART7_Init     usart.o
    0x08002e3c   0x08002e3c   0x00000002   Code   RO          417    i.MemManage_Handler  stm32h7xx_it.o
    0x08002e3e   0x08002e3e   0x00000002   Code   RO          418    i.NMI_Handler       stm32h7xx_it.o
    0x08002e40   0x08002e40   0x00000002   Code   RO          419    i.PendSV_Handler    stm32h7xx_it.o
    0x08002e42   0x08002e42   0x00000002   PAD
    0x08002e44   0x08002e44   0x00000120   Code   RO          807    i.RCCEx_PLL2_Config  stm32h7xx_hal_rcc_ex.o
    0x08002f64   0x08002f64   0x00000120   Code   RO          808    i.RCCEx_PLL3_Config  stm32h7xx_hal_rcc_ex.o
    0x08003084   0x08003084   0x000000bc   Code   RO         2947    i.SPI_CloseTransfer  stm32h7xx_hal_spi.o
    0x08003140   0x08003140   0x00000070   Code   RO         3931    i.SPI_Init          userspi.o
    0x080031b0   0x080031b0   0x00000026   Code   RO         3932    i.SPI_ReadWriteByte  userspi.o
    0x080031d6   0x080031d6   0x00000002   PAD
    0x080031d8   0x080031d8   0x00000046   Code   RO         2964    i.SPI_WaitOnFlagUntilTimeout  stm32h7xx_hal_spi.o
    0x0800321e   0x0800321e   0x00000002   Code   RO          420    i.SVC_Handler       stm32h7xx_it.o
    0x08003220   0x08003220   0x00000004   Code   RO          421    i.SysTick_Handler   stm32h7xx_it.o
    0x08003224   0x08003224   0x000000a8   Code   RO           15    i.SystemClock_Config  main.o
    0x080032cc   0x080032cc   0x000000f8   Code   RO         3821    i.SystemInit        system_stm32h7xx.o
    0x080033c4   0x080033c4   0x00000044   Code   RO         3715    i.UARTEx_SetNbDataToProcess  stm32h7xx_hal_uart_ex.o
    0x08003408   0x08003408   0x000000c8   Code   RO         3324    i.UART_AdvFeatureConfig  stm32h7xx_hal_uart.o
    0x080034d0   0x080034d0   0x000000aa   Code   RO         3325    i.UART_CheckIdleState  stm32h7xx_hal_uart.o
    0x0800357a   0x0800357a   0x00000002   PAD
    0x0800357c   0x0800357c   0x00000054   Code   RO         3336    i.UART_EndRxTransfer  stm32h7xx_hal_uart.o
    0x080035d0   0x080035d0   0x000003ac   Code   RO         3342    i.UART_SetConfig    stm32h7xx_hal_uart.o
    0x0800397c   0x0800397c   0x00000094   Code   RO         3349    i.UART_WaitOnFlagUntilTimeout  stm32h7xx_hal_uart.o
    0x08003a10   0x08003a10   0x00000002   Code   RO          422    i.UsageFault_Handler  stm32h7xx_it.o
    0x08003a12   0x08003a12   0x00000002   PAD
    0x08003a14   0x08003a14   0x00000020   Code   RO        10891    i.__0printf$8       mc_w.l(printf8.o)
    0x08003a34   0x08003a34   0x00000022   Code   RO          547    i.__NVIC_SetPriority  stm32h7xx_hal_cortex.o
    0x08003a56   0x08003a56   0x0000000e   Code   RO        11054    i.__scatterload_copy  mc_w.l(handlers.o)
    0x08003a64   0x08003a64   0x00000002   Code   RO        11055    i.__scatterload_null  mc_w.l(handlers.o)
    0x08003a66   0x08003a66   0x0000000e   Code   RO        11056    i.__scatterload_zeroinit  mc_w.l(handlers.o)
    0x08003a74   0x08003a74   0x00000404   Code   RO        10898    i._printf_core      mc_w.l(printf8.o)
    0x08003e78   0x08003e78   0x00000024   Code   RO        10899    i._printf_post_padding  mc_w.l(printf8.o)
    0x08003e9c   0x08003e9c   0x0000002e   Code   RO        10900    i._printf_pre_padding  mc_w.l(printf8.o)
    0x08003eca   0x08003eca   0x00000002   PAD
    0x08003ecc   0x08003ecc   0x0000006c   Code   RO         5854    i.arm_fir_f32       filteringfunctions.o
    0x08003f38   0x08003f38   0x0000001c   Code   RO         5858    i.arm_fir_init_f32  filteringfunctions.o
    0x08003f54   0x08003f54   0x00000048   Code   RO         3869    i.delay_us          ads1292.o
    0x08003f9c   0x08003f9c   0x00000018   Code   RO          354    i.fputc             usart.o
    0x08003fb4   0x08003fb4   0x000001f4   Code   RO           16    i.main              main.o
    0x080041a8   0x080041a8   0x00000408   Data   RO           18    .constdata          main.o
    0x080045b0   0x080045b0   0x00000018   Data   RO         3350    .constdata          stm32h7xx_hal_uart.o
    0x080045c8   0x080045c8   0x00000010   Data   RO         3716    .constdata          stm32h7xx_hal_uart_ex.o
    0x080045d8   0x080045d8   0x00000010   Data   RO         3822    .constdata          system_stm32h7xx.o
    0x080045e8   0x080045e8   0x00000020   Data   RO        11052    Region$$Table       anon$$obj.o


    Execution Region RW_IRAM1 (Exec base: 0x20000000, Load base: 0x08004608, Size: 0x00000000, Max: 0x00020000, ABSOLUTE)

    **** No section assigned to this execution region ****


    Execution Region RW_IRAM2 (Exec base: 0x24000000, Load base: 0x08004608, Size: 0x000014b8, Max: 0x00080000, ABSOLUTE)

    Exec Addr    Load Addr    Size         Type   Attr      Idx    E Section Name        Object

    0x24000000   0x08004608   0x00000020   Data   RW           19    .data               main.o
    0x24000020   0x08004628   0x0000000c   Data   RW         2054    .data               stm32h7xx_hal.o
    0x2400002c   0x08004634   0x00000008   Data   RW         3823    .data               system_stm32h7xx.o
    0x24000034   0x0800463c   0x00000004   Data   RW        11017    .data               mc_w.l(stdout.o)
    0x24000038        -       0x00000e48   Zero   RW           17    .bss                main.o
    0x24000e80        -       0x00000110   Zero   RW          301    .bss                spi.o
    0x24000f90        -       0x00000128   Zero   RW          355    .bss                usart.o
    0x240010b8        -       0x00000400   Zero   RW            1    STACK               startup_stm32h750xx.o


==============================================================================

Image component sizes


      Code (inc. data)   RO Data    RW Data    ZI Data      Debug   Object Name

       996        112          0          0          0       4915   ads1292.o
       136          4          0          0          0       8197   filteringfunctions.o
       328         22          0          0          0       1191   gpio.o
       748        122       1032         32       3656    1279532   main.o
       444         42          0          0        272       2626   spi.o
        44         12        664          0       1024        828   startup_stm32h750xx.o
       248         48          0         12          0      24040   stm32h7xx_hal.o
       354         28          0          0          0      41777   stm32h7xx_hal_cortex.o
       590         50          0          0          0       2919   stm32h7xx_hal_gpio.o
        28          6          0          0          0        918   stm32h7xx_hal_msp.o
        84          6          0          0          0        777   stm32h7xx_hal_pwr_ex.o
      2466        102          0          0          0       7108   stm32h7xx_hal_rcc.o
      3736        118          0          0          0       7825   stm32h7xx_hal_rcc_ex.o
      1478         26          0          0          0       5773   stm32h7xx_hal_spi.o
      1824        112         24          0          0      26762   stm32h7xx_hal_uart.o
       284          6         16          0          0       3769   stm32h7xx_hal_uart_ex.o
        26          0          0          0          0       4525   stm32h7xx_it.o
       276         48         16          8          0       1973   system_stm32h7xx.o
       456         44          0          0        296       4431   usart.o
       150          8          0          0          0       1795   userspi.o

    ----------------------------------------------------------------------
     14714        916       1784         52       5248    1431681   Object Totals
         0          0         32          0          0          0   (incl. Generated)
        18          0          0          0          0          0   (incl. Padding)

    ----------------------------------------------------------------------

      Code (inc. data)   RO Data    RW Data    ZI Data      Debug   Library Member Name

         0          0          0          0          0          0   entry.o
         0          0          0          0          0          0   entry10a.o
         0          0          0          0          0          0   entry11a.o
         4          0          0          0          0          0   entry12b.o
         8          4          0          0          0          0   entry2.o
         4          0          0          0          0          0   entry5.o
         0          0          0          0          0          0   entry7b.o
         0          0          0          0          0          0   entry8b.o
         8          4          0          0          0          0   entry9a.o
        30          0          0          0          0          0   handlers.o
        36          8          0          0          0         68   init.o
        30          0          0          0          0         68   llshl.o
        32          0          0          0          0         68   llushr.o
        36          0          0          0          0        108   memseta.o
      1142         54          0          0          0        352   printf8.o
         0          0          0          4          0          0   stdout.o
        98          0          0          0          0         92   uldiv.o

    ----------------------------------------------------------------------
      1430         70          0          4          0        756   Library Totals
         2          0          0          0          0          0   (incl. Padding)

    ----------------------------------------------------------------------

      Code (inc. data)   RO Data    RW Data    ZI Data      Debug   Library Name

      1428         70          0          4          0        756   mc_w.l

    ----------------------------------------------------------------------
      1430         70          0          4          0        756   Library Totals

    ----------------------------------------------------------------------

==============================================================================


      Code (inc. data)   RO Data    RW Data    ZI Data      Debug   

     16144        986       1784         56       5248    1425229   Grand Totals
     16144        986       1784         56       5248    1425229   ELF Image Totals
     16144        986       1784         56          0          0   ROM Totals

==============================================================================

    Total RO  Size (Code + RO Data)                17928 (  17.51kB)
    Total RW  Size (RW Data + ZI Data)              5304 (   5.18kB)
    Total ROM Size (Code + RO Data + RW Data)      17984 (  17.56kB)

==============================================================================

